<html>
<body>
<pre>
<h1>礦ision Build Log</h1>
<h2>Tool Versions:</h2>
IDE-Version: μVision V5.28.0.0
Copyright (C) 2019 ARM Ltd and ARM Germany GmbH. All rights reserved.
License Information: c cc, ccc, LIC=ZB401-CYVVE-M93GG-V87KN-E0BQW-X7N26
 
Tool Versions:
Toolchain:       MDK-ARM Plus  Version: 5.28.0.0
Toolchain Path:  C:\Keil_v5\ARM\ARMCC\Bin
C Compiler:      Armcc.exe V5.06 update 6 (build 750)
Assembler:       Armasm.exe V5.06 update 6 (build 750)
Linker/Locator:  ArmLink.exe V5.06 update 6 (build 750)
Library Manager: ArmAr.exe V5.06 update 6 (build 750)
Hex Converter:   FromElf.exe V5.06 update 6 (build 750)
CPU DLL:         SARMCM3.DLL V5.28.0.0
Dialog DLL:      DCM.DLL V1.17.3.0
Target DLL:      Segger\JL2CM3.dll V2.99.36.0
Dialog DLL:      TCM.DLL V1.36.2.0
 
<h2>Project:</h2>
D:\工作空间-服务器\22_自主导航小车实践\玩转自主导航小车\3_差速轮小车底盘\MickX4\Project\RVMDK（uv4）\iSO-STM32.uvprojx
Project File Date:  09/09/2020

<h2>Output:</h2>
*** Using Compiler 'V5.06 update 6 (build 750)', folder: 'C:\Keil_v5\ARM\ARMCC\Bin'
Rebuild target 'Led'
assembling startup_stm32f10x_hd.s...
compiling core_cm3.c...
compiling misc.c...
compiling stm32f10x_bkp.c...
compiling stm32f10x_dac.c...
compiling system_stm32f10x.c...
compiling stm32f10x_crc.c...
compiling stm32f10x_dbgmcu.c...
compiling stm32f10x_cec.c...
compiling stm32f10x_dma.c...
compiling stm32f10x_can.c...
compiling stm32f10x_adc.c...
compiling stm32f10x_exti.c...
compiling stm32f10x_flash.c...
compiling stm32f10x_fsmc.c...
compiling stm32f10x_iwdg.c...
compiling stm32f10x_rtc.c...
compiling stm32f10x_pwr.c...
compiling stm32f10x_spi.c...
compiling stm32f10x_sdio.c...
compiling stm32f10x_rcc.c...
compiling stm32f10x_gpio.c...
compiling stm32f10x_i2c.c...
compiling stm32f10x_usart.c...
compiling stm32f10x_tim.c...
compiling stm32f10x_wwdg.c...
compiling bsp_can.c...
..\..\User\bsp_can\bsp_can.c(195): warning:  #550-D: variable "TxMessage"  was set but never used
  	CanTxMsg TxMessage;			   //发送缓冲区
..\..\User\bsp_can\bsp_can.c: 1 warning, 0 errors
compiling stm32f10x_Delay.c...
compiling stm32f10x_it.c...
..\..\User\stm32f10x_it.c(231): warning:  #167-D: argument of type "volatile uint8_t *" is incompatible with parameter of type "uint8_t *"
  				DJI_Motor_WriteData_In_Buff(UART2_ReBuff,ReCont_2);
..\..\User\stm32f10x_it.c: 1 warning, 0 errors
compiling speed_control.c...
compiling bsp_uart.c...
compiling DBUS.c...
compiling main.c...
compiling stm32f10x_pwm.c...
compiling DJI_Motor.c...
..\..\User\DJI_Motor\DJI_Motor.c(298): warning:  #550-D: variable "delta"  was set but never used
  	int delta=0;
..\..\User\DJI_Motor\DJI_Motor.c(704): warning:  #177-D: function "pid_reset"  was declared but never referenced
  static void pid_reset(pid_t	*pid, float kp, float ki, float kd)
..\..\User\DJI_Motor\DJI_Motor.c: 2 warnings, 0 errors
linking...
Program Size: Code=28116 RO-data=336 RW-data=124 ZI-data=2460  
FromELF: creating hex file...
"..\..\Output\流水灯.axf" - 0 Error(s), 4 Warning(s).

<h2>Software Packages used:</h2>

Package Vendor: Keil
                http://www.keil.com/pack/Keil.STM32F1xx_DFP.2.2.0.pack
                Keil.STM32F1xx_DFP.2.2.0
                STMicroelectronics STM32F1 Series Device Support, Drivers and Examples

<h2>Collection of Component include folders:</h2>
  .\RTE\_Led
  C:\Users\RuPing Cen\AppData\Local\Arm\Packs\Keil\STM32F1xx_DFP\2.2.0\Device\Include

<h2>Collection of Component Files used:</h2>
Build Time Elapsed:  00:00:02
</pre>
</body>
</html>
