Component: ARM Compiler 5.06 update 6 (build 750) Tool: armlink [4d35ed]

==============================================================================

Section Cross References

    startup_stm32f10x_hd.o(STACK) refers (Special) to heapauxi.o(.text) for __use_two_region_memory
    startup_stm32f10x_hd.o(HEAP) refers (Special) to heapauxi.o(.text) for __use_two_region_memory
    startup_stm32f10x_hd.o(RESET) refers (Special) to heapauxi.o(.text) for __use_two_region_memory
    startup_stm32f10x_hd.o(RESET) refers to startup_stm32f10x_hd.o(STACK) for __initial_sp
    startup_stm32f10x_hd.o(RESET) refers to startup_stm32f10x_hd.o(.text) for Reset_Handler
    startup_stm32f10x_hd.o(RESET) refers to stm32f10x_it.o(.text) for NMI_Handler
    startup_stm32f10x_hd.o(.text) refers (Special) to heapauxi.o(.text) for __use_two_region_memory
    startup_stm32f10x_hd.o(.text) refers to system_stm32f10x.o(.text) for SystemInit
    startup_stm32f10x_hd.o(.text) refers to __main.o(!!!main) for __main
    startup_stm32f10x_hd.o(.text) refers to startup_stm32f10x_hd.o(HEAP) for Heap_Mem
    startup_stm32f10x_hd.o(.text) refers to startup_stm32f10x_hd.o(STACK) for Stack_Mem
    system_stm32f10x.o(.text) refers to system_stm32f10x.o(.data) for SystemCoreClock
    stm32f10x_adc.o(.text) refers to stm32f10x_rcc.o(.text) for RCC_AHBPeriphClockCmd
    stm32f10x_adc.o(.text) refers to stm32f10x_gpio.o(.text) for GPIO_Init
    stm32f10x_adc.o(.text) refers to stm32f10x_dma.o(.text) for DMA_DeInit
    stm32f10x_adc.o(.text) refers to main.o(.data) for ADC_ConvertedValue
    stm32f10x_bkp.o(.text) refers to stm32f10x_rcc.o(.text) for RCC_BackupResetCmd
    stm32f10x_can.o(.text) refers to stm32f10x_rcc.o(.text) for RCC_APB1PeriphResetCmd
    stm32f10x_can.o(.text) refers to stm32f10x_gpio.o(.text) for GPIO_PinRemapConfig
    stm32f10x_can.o(.text) refers to misc.o(.text) for NVIC_PriorityGroupConfig
    stm32f10x_cec.o(.text) refers to stm32f10x_rcc.o(.text) for RCC_APB1PeriphResetCmd
    stm32f10x_dac.o(.text) refers to stm32f10x_rcc.o(.text) for RCC_APB2PeriphClockCmd
    stm32f10x_dac.o(.text) refers to stm32f10x_gpio.o(.text) for GPIO_Init
    stm32f10x_dac.o(.text) refers to stm32f10x_tim.o(.text) for TIM_TimeBaseInit
    stm32f10x_dac.o(.text) refers to stm32f10x_dma.o(.text) for DMA_Init
    stm32f10x_gpio.o(.text) refers to stm32f10x_rcc.o(.text) for RCC_APB2PeriphClockCmd
    stm32f10x_gpio.o(.text) refers to misc.o(.text) for NVIC_PriorityGroupConfig
    stm32f10x_gpio.o(.text) refers to stm32f10x_exti.o(.text) for EXTI_Init
    stm32f10x_i2c.o(.text) refers to stm32f10x_rcc.o(.text) for RCC_GetClocksFreq
    stm32f10x_i2c.o(.text) refers to stm32f10x_gpio.o(.text) for GPIO_Init
    stm32f10x_pwr.o(.text) refers to stm32f10x_rcc.o(.text) for RCC_APB1PeriphResetCmd
    stm32f10x_rcc.o(.text) refers to stm32f10x_rcc.o(.data) for APBAHBPrescTable
    stm32f10x_spi.o(.text) refers to stm32f10x_rcc.o(.text) for RCC_APB2PeriphClockCmd
    stm32f10x_spi.o(.text) refers to stm32f10x_gpio.o(.text) for GPIO_Init
    stm32f10x_tim.o(.text) refers to misc.o(.text) for NVIC_PriorityGroupConfig
    stm32f10x_tim.o(.text) refers to stm32f10x_rcc.o(.text) for RCC_APB1PeriphClockCmd
    stm32f10x_usart.o(.text) refers to stm32f10x_rcc.o(.text) for RCC_APB2PeriphResetCmd
    stm32f10x_wwdg.o(.text) refers to stm32f10x_rcc.o(.text) for RCC_APB1PeriphResetCmd
    main.o(.text) refers to stm32f10x_delay.o(.text) for SysTick_Init
    main.o(.text) refers to stm32f10x_gpio.o(.text) for My_GPIO_Init
    main.o(.text) refers to bsp_uart.o(.text) for My_Config_USART_Init
    main.o(.text) refers to bsp_can.o(.text) for CAN_Config
    main.o(.text) refers to dji_motor.o(.text) for DJI_Motor_Init
    main.o(.text) refers to stm32f10x_tim.o(.text) for Timer_2to7_counter_Generalfuncation
    main.o(.text) refers to dflt_clz.o(x$fpl$dflt) for __aeabi_i2d
    main.o(.text) refers to dmul.o(x$fpl$dmul) for __aeabi_dmul
    main.o(.text) refers to d2f.o(x$fpl$d2f) for __aeabi_d2f
    main.o(.text) refers to ffix.o(x$fpl$ffix) for __aeabi_f2iz
    main.o(.text) refers to main.o(.data) for UART1_DMA_Flag
    main.o(.text) refers to dbus.o(.bss) for dbus_rc
    main.o(.text) refers to dji_motor.o(.bss) for recived_cmd
    main.o(.text) refers to rt_memclr_w.o(.text) for __aeabi_memclr4
    stm32f10x_it.o(.text) refers to stm32f10x_tim.o(.text) for TIM_GetITStatus
    stm32f10x_it.o(.text) refers to dji_motor.o(.text) for DJI_Motor_Control
    stm32f10x_it.o(.text) refers to stm32f10x_usart.o(.text) for USART_GetITStatus
    stm32f10x_it.o(.text) refers to bsp_uart.o(.text) for UART_send_char
    stm32f10x_it.o(.text) refers to stm32f10x_exti.o(.text) for EXTI_GetITStatus
    stm32f10x_it.o(.text) refers to stm32f10x_dma.o(.text) for DMA_GetFlagStatus
    stm32f10x_it.o(.text) refers to dbus.o(.text) for RC_Callback_Handler
[...]
    ../fplib/drleqf.s                        0x00000000   Number         0  drleqf.o ABSOLUTE
    ../fplib/f2d.s                           0x00000000   Number         0  f2d.o ABSOLUTE
    ../fplib/faddsub.s                       0x00000000   Number         0  faddsub_clz.o ABSOLUTE
    ../fplib/fcmpi.s                         0x00000000   Number         0  fcmpi.o ABSOLUTE
    ../fplib/fdiv.s                          0x00000000   Number         0  fdiv.o ABSOLUTE
    ../fplib/feqf.s                          0x00000000   Number         0  feqf.o ABSOLUTE
    ../fplib/ffix.s                          0x00000000   Number         0  ffix.o ABSOLUTE
    ../fplib/ffixu.s                         0x00000000   Number         0  ffixu.o ABSOLUTE
    ../fplib/fflt.s                          0x00000000   Number         0  fflt_clz.o ABSOLUTE
    ../fplib/fleqf.s                         0x00000000   Number         0  fleqf.o ABSOLUTE
    ../fplib/fmul.s                          0x00000000   Number         0  fmul.o ABSOLUTE
    ../fplib/fnaninf.s                       0x00000000   Number         0  fnaninf.o ABSOLUTE
    ../fplib/fpinit.s                        0x00000000   Number         0  fpinit.o ABSOLUTE
    ../fplib/fretinf.s                       0x00000000   Number         0  fretinf.o ABSOLUTE
    ../fplib/frleqf.s                        0x00000000   Number         0  frleqf.o ABSOLUTE
    ../fplib/fsqrt.s                         0x00000000   Number         0  fsqrt.o ABSOLUTE
    ../fplib/usenofp.s                       0x00000000   Number         0  usenofp.o ABSOLUTE
    ../mathlib/sqrtf.c                       0x00000000   Number         0  sqrtf_x.o ABSOLUTE
    ../mathlib/sqrtf.c                       0x00000000   Number         0  sqrtf.o ABSOLUTE
    ..\..\Libraries\CMSIS\core_cm3.c         0x00000000   Number         0  core_cm3.o ABSOLUTE
    ..\..\Libraries\CMSIS\startup\startup_stm32f10x_hd.s 0x00000000   Number         0  startup_stm32f10x_hd.o ABSOLUTE
    ..\..\Libraries\CMSIS\system_stm32f10x.c 0x00000000   Number         0  system_stm32f10x.o ABSOLUTE
    ..\..\Libraries\FWlib\src\misc.c         0x00000000   Number         0  misc.o ABSOLUTE
    ..\..\Libraries\FWlib\src\stm32f10x_adc.c 0x00000000   Number         0  stm32f10x_adc.o ABSOLUTE
    ..\..\Libraries\FWlib\src\stm32f10x_bkp.c 0x00000000   Number         0  stm32f10x_bkp.o ABSOLUTE
    ..\..\Libraries\FWlib\src\stm32f10x_can.c 0x00000000   Number         0  stm32f10x_can.o ABSOLUTE
    ..\..\Libraries\FWlib\src\stm32f10x_cec.c 0x00000000   Number         0  stm32f10x_cec.o ABSOLUTE
    ..\..\Libraries\FWlib\src\stm32f10x_crc.c 0x00000000   Number         0  stm32f10x_crc.o ABSOLUTE
    ..\..\Libraries\FWlib\src\stm32f10x_dac.c 0x00000000   Number         0  stm32f10x_dac.o ABSOLUTE
    ..\..\Libraries\FWlib\src\stm32f10x_dbgmcu.c 0x00000000   Number         0  stm32f10x_dbgmcu.o ABSOLUTE
    ..\..\Libraries\FWlib\src\stm32f10x_dma.c 0x00000000   Number         0  stm32f10x_dma.o ABSOLUTE
    ..\..\Libraries\FWlib\src\stm32f10x_exti.c 0x00000000   Number         0  stm32f10x_exti.o ABSOLUTE
    ..\..\Libraries\FWlib\src\stm32f10x_flash.c 0x00000000   Number         0  stm32f10x_flash.o ABSOLUTE
    ..\..\Libraries\FWlib\src\stm32f10x_fsmc.c 0x00000000   Number         0  stm32f10x_fsmc.o ABSOLUTE
    ..\..\Libraries\FWlib\src\stm32f10x_gpio.c 0x00000000   Number         0  stm32f10x_gpio.o ABSOLUTE
    ..\..\Libraries\FWlib\src\stm32f10x_i2c.c 0x00000000   Number         0  stm32f10x_i2c.o ABSOLUTE
    ..\..\Libraries\FWlib\src\stm32f10x_iwdg.c 0x00000000   Number         0  stm32f10x_iwdg.o ABSOLUTE
    ..\..\Libraries\FWlib\src\stm32f10x_pwr.c 0x00000000   Number         0  stm32f10x_pwr.o ABSOLUTE
    ..\..\Libraries\FWlib\src\stm32f10x_rcc.c 0x00000000   Number         0  stm32f10x_rcc.o ABSOLUTE
    ..\..\Libraries\FWlib\src\stm32f10x_rtc.c 0x00000000   Number         0  stm32f10x_rtc.o ABSOLUTE
    ..\..\Libraries\FWlib\src\stm32f10x_sdio.c 0x00000000   Number         0  stm32f10x_sdio.o ABSOLUTE
    ..\..\Libraries\FWlib\src\stm32f10x_spi.c 0x00000000   Number         0  stm32f10x_spi.o ABSOLUTE
    ..\..\Libraries\FWlib\src\stm32f10x_tim.c 0x00000000   Number         0  stm32f10x_tim.o ABSOLUTE
    ..\..\Libraries\FWlib\src\stm32f10x_usart.c 0x00000000   Number         0  stm32f10x_usart.o ABSOLUTE
    ..\..\Libraries\FWlib\src\stm32f10x_wwdg.c 0x00000000   Number         0  stm32f10x_wwdg.o ABSOLUTE
    ..\..\User\DBUS\DBUS.c                   0x00000000   Number         0  dbus.o ABSOLUTE
    ..\..\User\DJI_Motor\DJI_Motor.c         0x00000000   Number         0  dji_motor.o ABSOLUTE
    ..\..\User\bsp_can\bsp_can.c             0x00000000   Number         0  bsp_can.o ABSOLUTE
    ..\..\User\bsp_uart\bsp_uart.c           0x00000000   Number         0  bsp_uart.o ABSOLUTE
    ..\..\User\cpu\stm32f10x_Delay.c         0x00000000   Number         0  stm32f10x_delay.o ABSOLUTE
    ..\..\User\main.c                        0x00000000   Number         0  main.o ABSOLUTE
    ..\..\User\speed_control\speed_control.c 0x00000000   Number         0  speed_control.o ABSOLUTE
    ..\..\User\stm32f10x_it.c                0x00000000   Number         0  stm32f10x_it.o ABSOLUTE
    ..\..\User\stm32f10x_pwm\stm32f10x_pwm.c 0x00000000   Number         0  stm32f10x_pwm.o ABSOLUTE
    ..\\..\\Libraries\\CMSIS\\core_cm3.c     0x00000000   Number         0  core_cm3.o ABSOLUTE
    dc.s                                     0x00000000   Number         0  dc.o ABSOLUTE
    RESET                                    0x08000000   Section      304  startup_stm32f10x_hd.o(RESET)
    !!!main                                  0x08000130   Section        8  __main.o(!!!main)
    !!!scatter                               0x08000138   Section       52  __scatter.o(!!!scatter)
    !!handler_copy                           0x0800016c   Section       26  __scatter_copy.o(!!handler_copy)
    !!handler_zi                             0x08000188   Section       28  __scatter_zi.o(!!handler_zi)
    .ARM.Collect$$libinit$$00000000          0x080001a4   Section        2  libinit.o(.ARM.Collect$$libinit$$00000000)
    .ARM.Collect$$libinit$$00000002          0x080001a6   Section        0  libinit2.o(.ARM.Collect$$libinit$$00000002)
    .ARM.Collect$$libinit$$00000004          0x080001a6   Section        0  libinit2.o(.ARM.Collect$$libinit$$00000004)
    .ARM.Collect$$libinit$$0000000A          0x080001a6   Section        0  libinit2.o(.ARM.Collect$$libinit$$0000000A)
    .ARM.Collect$$libinit$$0000000C          0x080001a6   Section        0  libinit2.o(.ARM.Collect$$libinit$$0000000C)
    .ARM.Collect$$libinit$$0000000E          0x080001a6   Section        0  libinit2.o(.ARM.Collect$$libinit$$0000000E)
    .ARM.Collect$$libinit$$00000011          0x080001a6   Section        0  libinit2.o(.ARM.Collect$$libinit$$00000011)
    .ARM.Collect$$libinit$$00000013          0x080001a6   Section        0  libinit2.o(.ARM.Collect$$libinit$$00000013)
    .ARM.Collect$$libinit$$00000015          0x080001a6   Section        0  libinit2.o(.ARM.Collect$$libinit$$00000015)
    .ARM.Collect$$libinit$$00000017          0x080001a6   Section        0  libinit2.o(.ARM.Collect$$libinit$$00000017)
    .ARM.Collect$$libinit$$00000019          0x080001a6   Section        0  libinit2.o(.ARM.Collect$$libinit$$00000019)
    .ARM.Collect$$libinit$$0000001B          0x080001a6   Section        0  libinit2.o(.ARM.Collect$$libinit$$0000001B)
    .ARM.Collect$$libinit$$0000001D          0x080001a6   Section        0  libinit2.o(.ARM.Collect$$libinit$$0000001D)
    .ARM.Collect$$libinit$$0000001F          0x080001a6   Section        0  libinit2.o(.ARM.Collect$$libinit$$0000001F)
    .ARM.Collect$$libinit$$00000021          0x080001a6   Section        0  libinit2.o(.ARM.Collect$$libinit$$00000021)
    .ARM.Collect$$libinit$$00000023          0x080001a6   Section        0  libinit2.o(.ARM.Collect$$libinit$$00000023)
    .ARM.Collect$$libinit$$00000025          0x080001a6   Section        0  libinit2.o(.ARM.Collect$$libinit$$00000025)
    .ARM.Collect$$libinit$$0000002C          0x080001a6   Section        0  libinit2.o(.ARM.Collect$$libinit$$0000002C)
    .ARM.Collect$$libinit$$0000002E          0x080001a6   Section        0  libinit2.o(.ARM.Collect$$libinit$$0000002E)
    .ARM.Collect$$libinit$$00000030          0x080001a6   Section        0  libinit2.o(.ARM.Collect$$libinit$$00000030)
    .ARM.Collect$$libinit$$00000032          0x080001a6   Section        0  libinit2.o(.ARM.Collect$$libinit$$00000032)
    .ARM.Collect$$libinit$$00000033          0x080001a6   Section        2  libinit2.o(.ARM.Collect$$libinit$$00000033)
    .ARM.Collect$$libshutdown$$00000000      0x080001a8   Section        2  libshutdown.o(.ARM.Collect$$libshutdown$$00000000)
    .ARM.Collect$$libshutdown$$00000002      0x080001aa   Section        0  libshutdown2.o(.ARM.Collect$$libshutdown$$00000002)
    .ARM.Collect$$libshutdown$$00000004      0x080001aa   Section        0  libshutdown2.o(.ARM.Collect$$libshutdown$$00000004)
    .ARM.Collect$$libshutdown$$00000007      0x080001aa   Section        0  libshutdown2.o(.ARM.Collect$$libshutdown$$00000007)
    .ARM.Collect$$libshutdown$$0000000A      0x080001aa   Section        0  libshutdown2.o(.ARM.Collect$$libshutdown$$0000000A)
    .ARM.Collect$$libshutdown$$0000000C      0x080001aa   Section        0  libshutdown2.o(.ARM.Collect$$libshutdown$$0000000C)
    .ARM.Collect$$libshutdown$$0000000F      0x080001aa   Section        0  libshutdown2.o(.ARM.Collect$$libshutdown$$0000000F)
    .ARM.Collect$$libshutdown$$00000010      0x080001aa   Section        2  libshutdown2.o(.ARM.Collect$$libshutdown$$00000010)
    .ARM.Collect$$rtentry$$00000000          0x080001ac   Section        0  __rtentry.o(.ARM.Collect$$rtentry$$00000000)
    .ARM.Collect$$rtentry$$00000002          0x080001ac   Section        0  __rtentry2.o(.ARM.Collect$$rtentry$$00000002)
    .ARM.Collect$$rtentry$$00000004          0x080001ac   Section        6  __rtentry4.o(.ARM.Collect$$rtentry$$00000004)
    .ARM.Collect$$rtentry$$00000009          0x080001b2   Section        0  __rtentry2.o(.ARM.Collect$$rtentry$$00000009)
    .ARM.Collect$$rtentry$$0000000A          0x080001b2   Section        4  __rtentry2.o(.ARM.Collect$$rtentry$$0000000A)
    .ARM.Collect$$rtentry$$0000000C          0x080001b6   Section        0  __rtentry2.o(.ARM.Collect$$rtentry$$0000000C)
    .ARM.Collect$$rtentry$$0000000D          0x080001b6   Section        8  __rtentry2.o(.ARM.Collect$$rtentry$$0000000D)
    .ARM.Collect$$rtexit$$00000000           0x080001be   Section        2  rtexit.o(.ARM.Collect$$rtexit$$00000000)
    .ARM.Collect$$rtexit$$00000002           0x080001c0   Section        0  rtexit2.o(.ARM.Collect$$rtexit$$00000002)
    .ARM.Collect$$rtexit$$00000003           0x080001c0   Section        4  rtexit2.o(.ARM.Collect$$rtexit$$00000003)
    .ARM.Collect$$rtexit$$00000004           0x080001c4   Section        6  rtexit2.o(.ARM.Collect$$rtexit$$00000004)
    .text                                    0x080001cc   Section       64  startup_stm32f10x_hd.o(.text)
    .text                                    0x0800020c   Section        0  system_stm32f10x.o(.text)
    SetSysClockTo72                          0x0800020d   Thumb Code   214  system_stm32f10x.o(.text)
    SetSysClock                              0x080002e3   Thumb Code     8  system_stm32f10x.o(.text)
    .text                                    0x080003ec   Section        0  misc.o(.text)
    .text                                    0x080004c8   Section        0  stm32f10x_can.o(.text)
    CheckITStatus                            0x08000e47   Thumb Code    18  stm32f10x_can.o(.text)
    .text                                    0x08001020   Section        0  stm32f10x_dma.o(.text)
    .text                                    0x08001274   Section        0  stm32f10x_exti.o(.text)
    .text                                    0x08001390   Section        0  stm32f10x_gpio.o(.text)
    .text                                    0x080019b0   Section        0  stm32f10x_rcc.o(.text)
    .text                                    0x08001d54   Section        0  stm32f10x_tim.o(.text)
    TI4_Config                               0x08002605   Thumb Code   130  stm32f10x_tim.o(.text)
    TI3_Config                               0x08002699   Thumb Code   122  stm32f10x_tim.o(.text)
    TI2_Config                               0x0800272d   Thumb Code   130  stm32f10x_tim.o(.text)
    TI1_Config                               0x080027c1   Thumb Code   108  stm32f10x_tim.o(.text)
    .text                                    0x08002f48   Section        0  stm32f10x_usart.o(.text)
    .text                                    0x08003350   Section        0  main.o(.text)
    .text                                    0x08003a64   Section        0  stm32f10x_it.o(.text)
    .text                                    0x08003d9c   Section        0  stm32f10x_delay.o(.text)
    .text                                    0x08003eac   Section        0  bsp_uart.o(.text)
    .text                                    0x0800475c   Section        0  bsp_can.o(.text)
    CAN_GPIO_Config                          0x0800475d   Thumb Code    78  bsp_can.o(.text)
    CAN_NVIC_Config                          0x080047ab   Thumb Code    40  bsp_can.o(.text)
    CAN_Mode_Config                          0x080047d3   Thumb Code    78  bsp_can.o(.text)
    CAN_Filter_Config                        0x08004821   Thumb Code    64  bsp_can.o(.text)
    .text                                    0x080048a8   Section        0  dbus.o(.text)
    .text                                    0x08004df4   Section        0  dji_motor.o(.text)
    pid_reset                                0x08005d87   Thumb Code     8  dji_motor.o(.text)
    .text                                    0x08005da4   Section       78  rt_memclr_w.o(.text)
    .text                                    0x08005df2   Section        0  heapauxi.o(.text)
    .text                                    0x08005df8   Section        8  libspace.o(.text)
    .text                                    0x08005e00   Section       74  sys_stackheap_outer.o(.text)
    .text                                    0x08005e4a   Section        0  exit.o(.text)
    .text                                    0x08005e5c   Section        0  sys_exit.o(.text)
    .text                                    0x08005e68   Section        2  use_no_semi.o(.text)
    .text                                    0x08005e6a   Section        0  indicate_semi.o(.text)
    x$fpl$d2f                                0x08005e6c   Section       98  d2f.o(x$fpl$d2f)
    x$fpl$dadd                               0x08005ed0   Section      336  daddsub_clz.o(x$fpl$dadd)
    _dadd1                                   0x08005ee1   Thumb Code     0  daddsub_clz.o(x$fpl$dadd)
    x$fpl$dcmpinf                            0x08006020   Section       24  dcmpi.o(x$fpl$dcmpinf)
    x$fpl$ddiv                               0x08006038   Section      688  ddiv.o(x$fpl$ddiv)
    ddiv_entry                               0x0800603f   Thumb Code     0  ddiv.o(x$fpl$ddiv)
    x$fpl$dflt                               0x080062e8   Section       46  dflt_clz.o(x$fpl$dflt)
    x$fpl$dfltu                              0x08006316   Section       38  dflt_clz.o(x$fpl$dfltu)
    x$fpl$dleqf                              0x0800633c   Section      120  dleqf.o(x$fpl$dleqf)
    x$fpl$dmul                               0x080063b4   Section      340  dmul.o(x$fpl$dmul)
    x$fpl$dnaninf                            0x08006508   Section      156  dnaninf.o(x$fpl$dnaninf)
    x$fpl$dretinf                            0x080065a4   Section       12  dretinf.o(x$fpl$dretinf)
    x$fpl$drleqf                             0x080065b0   Section      108  drleqf.o(x$fpl$drleqf)
    x$fpl$dsub                               0x0800661c   Section      468  daddsub_clz.o(x$fpl$dsub)
    _dsub1                                   0x0800662d   Thumb Code     0  daddsub_clz.o(x$fpl$dsub)
    x$fpl$f2d                                0x080067f0   Section       86  f2d.o(x$fpl$f2d)
    x$fpl$fadd                               0x08006848   Section      196  faddsub_clz.o(x$fpl$fadd)
    _fadd1                                   0x08006857   Thumb Code     0  faddsub_clz.o(x$fpl$fadd)
    x$fpl$fcmpinf                            0x0800690c   Section       24  fcmpi.o(x$fpl$fcmpinf)
    x$fpl$fdiv                               0x08006924   Section      388  fdiv.o(x$fpl$fdiv)
    _fdiv1                                   0x08006925   Thumb Code     0  fdiv.o(x$fpl$fdiv)
    x$fpl$feqf                               0x08006aa8   Section      104  feqf.o(x$fpl$feqf)
    x$fpl$ffix                               0x08006b10   Section       54  ffix.o(x$fpl$ffix)
    x$fpl$fflt                               0x08006b48   Section       48  fflt_clz.o(x$fpl$fflt)
    x$fpl$ffltu                              0x08006b78   Section       38  fflt_clz.o(x$fpl$ffltu)
    x$fpl$fleqf                              0x08006ba0   Section      104  fleqf.o(x$fpl$fleqf)
    x$fpl$fmul                               0x08006c08   Section      258  fmul.o(x$fpl$fmul)
    x$fpl$fnaninf                            0x08006d0a   Section      140  fnaninf.o(x$fpl$fnaninf)
    x$fpl$fretinf                            0x08006d96   Section       10  fretinf.o(x$fpl$fretinf)
    x$fpl$frleqf                             0x08006da0   Section       98  frleqf.o(x$fpl$frleqf)
    x$fpl$frsb                               0x08006e02   Section       20  faddsub_clz.o(x$fpl$frsb)
    x$fpl$fsub                               0x08006e18   Section      234  faddsub_clz.o(x$fpl$fsub)
    _fsub1                                   0x08006e27   Thumb Code     0  faddsub_clz.o(x$fpl$fsub)
    x$fpl$usenofp                            0x08006f02   Section        0  usenofp.o(x$fpl$usenofp)
    .data                                    0x20000000   Section       20  system_stm32f10x.o(.data)
    .data                                    0x20000014   Section       20  stm32f10x_rcc.o(.data)
    APBAHBPrescTable                         0x20000014   Data          16  stm32f10x_rcc.o(.data)
    ADCPrescTable                            0x20000024   Data           4  stm32f10x_rcc.o(.data)
    .data                                    0x20000028   Section       40  main.o(.data)
    IMU_upload_counter                       0x20000048   Data           4  main.o(.data)
    S_upload_counter                         0x2000004c   Data           4  main.o(.data)
    .data                                    0x20000050   Section        5  stm32f10x_it.o(.data)
    .data                                    0x20000058   Section       24  dbus.o(.data)
    .data                                    0x20000070   Section       12  dji_motor.o(.data)
    i                                        0x2000007b   Data           1  dji_motor.o(.data)
    .bss                                     0x2000007c   Section       18  bsp_uart.o(.bss)
    .bss                                     0x2000008e   Section       29  dbus.o(.bss)
    .bss                                     0x200000ac   Section      776  dji_motor.o(.bss)
    .bss                                     0x200003b4   Section       96  libspace.o(.bss)
    HEAP                                     0x20000418   Section      512  startup_stm32f10x_hd.o(HEAP)
    Heap_Mem                                 0x20000418   Data         512  startup_stm32f10x_hd.o(HEAP)
    STACK                                    0x20000618   Section     1024  startup_stm32f10x_hd.o(STACK)
    Stack_Mem                                0x20000618   Data        1024  startup_stm32f10x_hd.o(STACK)
    __initial_sp                             0x20000a18   Data           0  startup_stm32f10x_hd.o(STACK)

    Global Symbols

    Symbol Name                              Value     Ov Type        Size  Object(Section)

    BuildAttributes$$THM_ISAv4$P$D$K$B$S$PE$A:L22UL41UL21$X:L11$S22US41US21$IEEE1$IW$USESV6$~STKCKD$USESV7$~SHL$OTIME$ROPI$IEEEJ$EBA8$UX$STANDARDLIB$REQ8$PRES8$EABIv2 0x00000000   Number         0  anon$$obj.o ABSOLUTE
    __ARM_use_no_argv                        0x00000000   Number         0  main.o ABSOLUTE
    __ARM_exceptions_init                     - Undefined Weak Reference
    __alloca_initialize                       - Undefined Weak Reference
    __arm_preinit_                            - Undefined Weak Reference
    __cpp_initialize__aeabi_                  - Undefined Weak Reference
    __cxa_finalize                            - Undefined Weak Reference
    __rt_locale                               - Undefined Weak Reference
    __sigvec_lookup                           - Undefined Weak Reference
    _atexit_init                              - Undefined Weak Reference
    _call_atexit_fns                          - Undefined Weak Reference
    _clock_init                               - Undefined Weak Reference
    _fp_trap_init                             - Undefined Weak Reference
    _fp_trap_shutdown                         - Undefined Weak Reference
    _get_lc_collate                           - Undefined Weak Reference
    _get_lc_ctype                             - Undefined Weak Reference
    _get_lc_monetary                          - Undefined Weak Reference
    _get_lc_numeric                           - Undefined Weak Reference
    _get_lc_time                              - Undefined Weak Reference
    _getenv_init                              - Undefined Weak Reference
    _handle_redirection                       - Undefined Weak Reference
    _init_alloc                               - Undefined Weak Reference
    _init_user_alloc                          - Undefined Weak Reference
    _initio                                   - Undefined Weak Reference
    _rand_init                                - Undefined Weak Reference
    _signal_finish                            - Undefined Weak Reference
    _signal_init                              - Undefined Weak Reference
    _terminate_alloc                          - Undefined Weak Reference
    _terminate_user_alloc                     - Undefined Weak Reference
    _terminateio                              - Undefined Weak Reference
    __Vectors_Size                           0x00000130   Number         0  startup_stm32f10x_hd.o ABSOLUTE
    __Vectors                                0x08000000   Data           4  startup_stm32f10x_hd.o(RESET)
    __Vectors_End                            0x08000130   Data           0  startup_stm32f10x_hd.o(RESET)
    __main                                   0x08000131   Thumb Code     8  __main.o(!!!main)
    __scatterload                            0x08000139   Thumb Code     0  __scatter.o(!!!scatter)
    __scatterload_rt2                        0x08000139   Thumb Code    44  __scatter.o(!!!scatter)
    __scatterload_rt2_thumb_only             0x08000139   Thumb Code     0  __scatter.o(!!!scatter)
    __scatterload_null                       0x08000147   Thumb Code     0  __scatter.o(!!!scatter)
    __scatterload_copy                       0x0800016d   Thumb Code    26  __scatter_copy.o(!!handler_copy)
    __scatterload_zeroinit                   0x08000189   Thumb Code    28  __scatter_zi.o(!!handler_zi)
    __rt_lib_init                            0x080001a5   Thumb Code     0  libinit.o(.ARM.Collect$$libinit$$00000000)
    __rt_lib_init_alloca_1                   0x080001a7   Thumb Code     0  libinit2.o(.ARM.Collect$$libinit$$0000002E)
    __rt_lib_init_argv_1                     0x080001a7   Thumb Code     0  libinit2.o(.ARM.Collect$$libinit$$0000002C)
    __rt_lib_init_atexit_1                   0x080001a7   Thumb Code     0  libinit2.o(.ARM.Collect$$libinit$$0000001B)
    __rt_lib_init_clock_1                    0x080001a7   Thumb Code     0  libinit2.o(.ARM.Collect$$libinit$$00000021)
    __rt_lib_init_cpp_1                      0x080001a7   Thumb Code     0  libinit2.o(.ARM.Collect$$libinit$$00000032)
    __rt_lib_init_exceptions_1               0x080001a7   Thumb Code     0  libinit2.o(.ARM.Collect$$libinit$$00000030)
    __rt_lib_init_fp_1                       0x080001a7   Thumb Code     0  libinit2.o(.ARM.Collect$$libinit$$00000002)
    __rt_lib_init_fp_trap_1                  0x080001a7   Thumb Code     0  libinit2.o(.ARM.Collect$$libinit$$0000001F)
    __rt_lib_init_getenv_1                   0x080001a7   Thumb Code     0  libinit2.o(.ARM.Collect$$libinit$$00000023)
    __rt_lib_init_heap_1                     0x080001a7   Thumb Code     0  libinit2.o(.ARM.Collect$$libinit$$0000000A)
    __rt_lib_init_lc_collate_1               0x080001a7   Thumb Code     0  libinit2.o(.ARM.Collect$$libinit$$00000011)
    __rt_lib_init_lc_ctype_1                 0x080001a7   Thumb Code     0  libinit2.o(.ARM.Collect$$libinit$$00000013)
    __rt_lib_init_lc_monetary_1              0x080001a7   Thumb Code     0  libinit2.o(.ARM.Collect$$libinit$$00000015)
    __rt_lib_init_lc_numeric_1               0x080001a7   Thumb Code     0  libinit2.o(.ARM.Collect$$libinit$$00000017)
    __rt_lib_init_lc_time_1                  0x080001a7   Thumb Code     0  libinit2.o(.ARM.Collect$$libinit$$00000019)
    __rt_lib_init_preinit_1                  0x080001a7   Thumb Code     0  libinit2.o(.ARM.Collect$$libinit$$00000004)
    __rt_lib_init_rand_1                     0x080001a7   Thumb Code     0  libinit2.o(.ARM.Collect$$libinit$$0000000E)
    __rt_lib_init_return                     0x080001a7   Thumb Code     0  libinit2.o(.ARM.Collect$$libinit$$00000033)
    __rt_lib_init_signal_1                   0x080001a7   Thumb Code     0  libinit2.o(.ARM.Collect$$libinit$$0000001D)
    __rt_lib_init_stdio_1                    0x080001a7   Thumb Code     0  libinit2.o(.ARM.Collect$$libinit$$00000025)
    __rt_lib_init_user_alloc_1               0x080001a7   Thumb Code     0  libinit2.o(.ARM.Collect$$libinit$$0000000C)
    __rt_lib_shutdown                        0x080001a9   Thumb Code     0  libshutdown.o(.ARM.Collect$$libshutdown$$00000000)
    __rt_lib_shutdown_cpp_1                  0x080001ab   Thumb Code     0  libshutdown2.o(.ARM.Collect$$libshutdown$$00000002)
    __rt_lib_shutdown_fp_trap_1              0x080001ab   Thumb Code     0  libshutdown2.o(.ARM.Collect$$libshutdown$$00000007)
    __rt_lib_shutdown_heap_1                 0x080001ab   Thumb Code     0  libshutdown2.o(.ARM.Collect$$libshutdown$$0000000F)
    __rt_lib_shutdown_return                 0x080001ab   Thumb Code     0  libshutdown2.o(.ARM.Collect$$libshutdown$$00000010)
    __rt_lib_shutdown_signal_1               0x080001ab   Thumb Code     0  libshutdown2.o(.ARM.Collect$$libshutdown$$0000000A)
    __rt_lib_shutdown_stdio_1                0x080001ab   Thumb Code     0  libshutdown2.o(.ARM.Collect$$libshutdown$$00000004)
    __rt_lib_shutdown_user_alloc_1           0x080001ab   Thumb Code     0  libshutdown2.o(.ARM.Collect$$libshutdown$$0000000C)
    __rt_entry                               0x080001ad   Thumb Code     0  __rtentry.o(.ARM.Collect$$rtentry$$00000000)
    __rt_entry_presh_1                       0x080001ad   Thumb Code     0  __rtentry2.o(.ARM.Collect$$rtentry$$00000002)
    __rt_entry_sh                            0x080001ad   Thumb Code     0  __rtentry4.o(.ARM.Collect$$rtentry$$00000004)
    __rt_entry_li                            0x080001b3   Thumb Code     0  __rtentry2.o(.ARM.Collect$$rtentry$$0000000A)
    __rt_entry_postsh_1                      0x080001b3   Thumb Code     0  __rtentry2.o(.ARM.Collect$$rtentry$$00000009)
    __rt_entry_main                          0x080001b7   Thumb Code     0  __rtentry2.o(.ARM.Collect$$rtentry$$0000000D)
    __rt_entry_postli_1                      0x080001b7   Thumb Code     0  __rtentry2.o(.ARM.Collect$$rtentry$$0000000C)
    __rt_exit                                0x080001bf   Thumb Code     0  rtexit.o(.ARM.Collect$$rtexit$$00000000)
    __rt_exit_ls                             0x080001c1   Thumb Code     0  rtexit2.o(.ARM.Collect$$rtexit$$00000003)
    __rt_exit_prels_1                        0x080001c1   Thumb Code     0  rtexit2.o(.ARM.Collect$$rtexit$$00000002)
    __rt_exit_exit                           0x080001c5   Thumb Code     0  rtexit2.o(.ARM.Collect$$rtexit$$00000004)
    Reset_Handler                            0x080001cd   Thumb Code     8  startup_stm32f10x_hd.o(.text)
    ADC1_2_IRQHandler                        0x080001e7   Thumb Code     0  startup_stm32f10x_hd.o(.text)
    ADC3_IRQHandler                          0x080001e7   Thumb Code     0  startup_stm32f10x_hd.o(.text)
    CAN1_RX1_IRQHandler                      0x080001e7   Thumb Code     0  startup_stm32f10x_hd.o(.text)
    CAN1_SCE_IRQHandler                      0x080001e7   Thumb Code     0  startup_stm32f10x_hd.o(.text)
    DMA1_Channel1_IRQHandler                 0x080001e7   Thumb Code     0  startup_stm32f10x_hd.o(.text)
    DMA1_Channel2_IRQHandler                 0x080001e7   Thumb Code     0  startup_stm32f10x_hd.o(.text)
    DMA1_Channel3_IRQHandler                 0x080001e7   Thumb Code     0  startup_stm32f10x_hd.o(.text)
    DMA1_Channel4_IRQHandler                 0x080001e7   Thumb Code     0  startup_stm32f10x_hd.o(.text)
    DMA1_Channel6_IRQHandler                 0x080001e7   Thumb Code     0  startup_stm32f10x_hd.o(.text)
    DMA1_Channel7_IRQHandler                 0x080001e7   Thumb Code     0  startup_stm32f10x_hd.o(.text)
    DMA2_Channel1_IRQHandler                 0x080001e7   Thumb Code     0  startup_stm32f10x_hd.o(.text)
    DMA2_Channel2_IRQHandler                 0x080001e7   Thumb Code     0  startup_stm32f10x_hd.o(.text)
    DMA2_Channel3_IRQHandler                 0x080001e7   Thumb Code     0  startup_stm32f10x_hd.o(.text)
    DMA2_Channel4_5_IRQHandler               0x080001e7   Thumb Code     0  startup_stm32f10x_hd.o(.text)
    EXTI15_10_IRQHandler                     0x080001e7   Thumb Code     0  startup_stm32f10x_hd.o(.text)
    EXTI1_IRQHandler                         0x080001e7   Thumb Code     0  startup_stm32f10x_hd.o(.text)
    EXTI2_IRQHandler                         0x080001e7   Thumb Code     0  startup_stm32f10x_hd.o(.text)
    EXTI3_IRQHandler                         0x080001e7   Thumb Code     0  startup_stm32f10x_hd.o(.text)
    EXTI4_IRQHandler                         0x080001e7   Thumb Code     0  startup_stm32f10x_hd.o(.text)
    FLASH_IRQHandler                         0x080001e7   Thumb Code     0  startup_stm32f10x_hd.o(.text)
    FSMC_IRQHandler                          0x080001e7   Thumb Code     0  startup_stm32f10x_hd.o(.text)
    I2C1_ER_IRQHandler                       0x080001e7   Thumb Code     0  startup_stm32f10x_hd.o(.text)
    I2C1_EV_IRQHandler                       0x080001e7   Thumb Code     0  startup_stm32f10x_hd.o(.text)
    I2C2_ER_IRQHandler                       0x080001e7   Thumb Code     0  startup_stm32f10x_hd.o(.text)
    I2C2_EV_IRQHandler                       0x080001e7   Thumb Code     0  startup_stm32f10x_hd.o(.text)
    PVD_IRQHandler                           0x080001e7   Thumb Code     0  startup_stm32f10x_hd.o(.text)
    RCC_IRQHandler                           0x080001e7   Thumb Code     0  startup_stm32f10x_hd.o(.text)
    RTCAlarm_IRQHandler                      0x080001e7   Thumb Code     0  startup_stm32f10x_hd.o(.text)
    RTC_IRQHandler                           0x080001e7   Thumb Code     0  startup_stm32f10x_hd.o(.text)
    SPI1_IRQHandler                          0x080001e7   Thumb Code     0  startup_stm32f10x_hd.o(.text)
    SPI2_IRQHandler                          0x080001e7   Thumb Code     0  startup_stm32f10x_hd.o(.text)
    SPI3_IRQHandler                          0x080001e7   Thumb Code     0  startup_stm32f10x_hd.o(.text)
    TAMPER_IRQHandler                        0x080001e7   Thumb Code     0  startup_stm32f10x_hd.o(.text)
    TIM1_BRK_IRQHandler                      0x080001e7   Thumb Code     0  startup_stm32f10x_hd.o(.text)
    TIM1_CC_IRQHandler                       0x080001e7   Thumb Code     0  startup_stm32f10x_hd.o(.text)
    TIM1_TRG_COM_IRQHandler                  0x080001e7   Thumb Code     0  startup_stm32f10x_hd.o(.text)
    TIM1_UP_IRQHandler                       0x080001e7   Thumb Code     0  startup_stm32f10x_hd.o(.text)
    TIM4_IRQHandler                          0x080001e7   Thumb Code     0  startup_stm32f10x_hd.o(.text)
    TIM5_IRQHandler                          0x080001e7   Thumb Code     0  startup_stm32f10x_hd.o(.text)
    TIM6_IRQHandler                          0x080001e7   Thumb Code     0  startup_stm32f10x_hd.o(.text)
    TIM7_IRQHandler                          0x080001e7   Thumb Code     0  startup_stm32f10x_hd.o(.text)
    TIM8_BRK_IRQHandler                      0x080001e7   Thumb Code     0  startup_stm32f10x_hd.o(.text)
    TIM8_CC_IRQHandler                       0x080001e7   Thumb Code     0  startup_stm32f10x_hd.o(.text)
    TIM8_TRG_COM_IRQHandler                  0x080001e7   Thumb Code     0  startup_stm32f10x_hd.o(.text)
    TIM8_UP_IRQHandler                       0x080001e7   Thumb Code     0  startup_stm32f10x_hd.o(.text)
    UART4_IRQHandler                         0x080001e7   Thumb Code     0  startup_stm32f10x_hd.o(.text)
    UART5_IRQHandler                         0x080001e7   Thumb Code     0  startup_stm32f10x_hd.o(.text)
    USART3_IRQHandler                        0x080001e7   Thumb Code     0  startup_stm32f10x_hd.o(.text)
    USBWakeUp_IRQHandler                     0x080001e7   Thumb Code     0  startup_stm32f10x_hd.o(.text)
    USB_HP_CAN1_TX_IRQHandler                0x080001e7   Thumb Code     0  startup_stm32f10x_hd.o(.text)
    WWDG_IRQHandler                          0x080001e7   Thumb Code     0  startup_stm32f10x_hd.o(.text)
    __user_initial_stackheap                 0x080001e9   Thumb Code     0  startup_stm32f10x_hd.o(.text)
    SystemInit                               0x080002eb   Thumb Code    78  system_stm32f10x.o(.text)
    SystemCoreClockUpdate                    0x08000339   Thumb Code   142  system_stm32f10x.o(.text)
    NVIC_PriorityGroupConfig                 0x080003ed   Thumb Code    10  misc.o(.text)
    NVIC_Init                                0x080003f7   Thumb Code   100  misc.o(.text)
    NVIC_SetVectorTable                      0x0800045b   Thumb Code    14  misc.o(.text)
    NVIC_SystemLPConfig                      0x08000469   Thumb Code    34  misc.o(.text)
    SysTick_CLKSourceConfig                  0x0800048b   Thumb Code    40  misc.o(.text)
    CAN_ITConfig                             0x080004c9   Thumb Code    18  stm32f10x_can.o(.text)
    CAN_FilterInit                           0x080004db   Thumb Code   258  stm32f10x_can.o(.text)
    CAN_Init                                 0x080005dd   Thumb Code   276  stm32f10x_can.o(.text)
    CAN_StructInit                           0x080006f1   Thumb Code    32  stm32f10x_can.o(.text)
    CAN_DeInit                               0x08000711   Thumb Code    50  stm32f10x_can.o(.text)
    STM32_CAN_Commun_Config                  0x08000743   Thumb Code   284  stm32f10x_can.o(.text)
    CAN_Transmit                             0x0800085f   Thumb Code   306  stm32f10x_can.o(.text)
    STM32_CAN_Transmit                       0x08000991   Thumb Code    70  stm32f10x_can.o(.text)
    CAN_SlaveStartBank                       0x080009d7   Thumb Code    48  stm32f10x_can.o(.text)
    CAN_DBGFreeze                            0x08000a07   Thumb Code    22  stm32f10x_can.o(.text)
    CAN_TTComModeCmd                         0x08000a1d   Thumb Code   118  stm32f10x_can.o(.text)
    CAN_TransmitStatus                       0x08000a93   Thumb Code   138  stm32f10x_can.o(.text)
    CAN_CancelTransmit                       0x08000b1d   Thumb Code    48  stm32f10x_can.o(.text)
    CAN_Receive                              0x08000b4d   Thumb Code   240  stm32f10x_can.o(.text)
    CAN_FIFORelease                          0x08000c3d   Thumb Code    22  stm32f10x_can.o(.text)
    CAN_MessagePending                       0x08000c53   Thumb Code    30  stm32f10x_can.o(.text)
    CAN_OperatingModeRequest                 0x08000c71   Thumb Code   162  stm32f10x_can.o(.text)
    CAN_Sleep                                0x08000d13   Thumb Code    30  stm32f10x_can.o(.text)
    CAN_WakeUp                               0x08000d31   Thumb Code    48  stm32f10x_can.o(.text)
    CAN_GetLastErrorCode                     0x08000d61   Thumb Code    12  stm32f10x_can.o(.text)
    CAN_GetReceiveErrorCounter               0x08000d6d   Thumb Code    10  stm32f10x_can.o(.text)
    CAN_GetLSBTransmitErrorCounter           0x08000d77   Thumb Code    12  stm32f10x_can.o(.text)
    CAN_GetFlagStatus                        0x08000d83   Thumb Code   144  stm32f10x_can.o(.text)
    CAN_ClearFlag                            0x08000e13   Thumb Code    52  stm32f10x_can.o(.text)
    CAN_GetITStatus                          0x08000e59   Thumb Code   284  stm32f10x_can.o(.text)
    CAN_ClearITPendingBit                    0x08000f75   Thumb Code   162  stm32f10x_can.o(.text)
    DMA_DeInit                               0x08001021   Thumb Code   324  stm32f10x_dma.o(.text)
    DMA_Init                                 0x08001165   Thumb Code    60  stm32f10x_dma.o(.text)
    DMA_StructInit                           0x080011a1   Thumb Code    26  stm32f10x_dma.o(.text)
    DMA_Cmd                                  0x080011bb   Thumb Code    24  stm32f10x_dma.o(.text)
    DMA_ITConfig                             0x080011d3   Thumb Code    18  stm32f10x_dma.o(.text)
    DMA_SetCurrDataCounter                   0x080011e5   Thumb Code     4  stm32f10x_dma.o(.text)
    DMA_GetCurrDataCounter                   0x080011e9   Thumb Code     8  stm32f10x_dma.o(.text)
    DMA_GetFlagStatus                        0x080011f1   Thumb Code    40  stm32f10x_dma.o(.text)
    DMA_ClearFlag                            0x08001219   Thumb Code    22  stm32f10x_dma.o(.text)
    DMA_GetITStatus                          0x0800122f   Thumb Code    40  stm32f10x_dma.o(.text)
    DMA_ClearITPendingBit                    0x08001257   Thumb Code    22  stm32f10x_dma.o(.text)
    EXTI_DeInit                              0x08001275   Thumb Code    28  stm32f10x_exti.o(.text)
    EXTI_Init                                0x08001291   Thumb Code   142  stm32f10x_exti.o(.text)
    EXTI_StructInit                          0x0800131f   Thumb Code    16  stm32f10x_exti.o(.text)
    EXTI_GenerateSWInterrupt                 0x0800132f   Thumb Code    16  stm32f10x_exti.o(.text)
    EXTI_GetFlagStatus                       0x0800133f   Thumb Code    22  stm32f10x_exti.o(.text)
    EXTI_ClearFlag                           0x08001355   Thumb Code     8  stm32f10x_exti.o(.text)
    EXTI_GetITStatus                         0x0800135d   Thumb Code    34  stm32f10x_exti.o(.text)
    EXTI_ClearITPendingBit                   0x0800137f   Thumb Code     8  stm32f10x_exti.o(.text)
    GPIO_SetBits                             0x08001391   Thumb Code     4  stm32f10x_gpio.o(.text)
    GPIO_Init                                0x08001395   Thumb Code   278  stm32f10x_gpio.o(.text)
    My_GPIO_Init                             0x080014ab   Thumb Code   152  stm32f10x_gpio.o(.text)
    GPIO_Flip_level                          0x08001543   Thumb Code     8  stm32f10x_gpio.o(.text)
    GPIO_EXTILineConfig                      0x0800154b   Thumb Code    60  stm32f10x_gpio.o(.text)
    My_GPIO_Exit_Init                        0x08001587   Thumb Code   550  stm32f10x_gpio.o(.text)
    GPIO_DeInit                              0x080017ad   Thumb Code   172  stm32f10x_gpio.o(.text)
    GPIO_AFIODeInit                          0x08001859   Thumb Code    20  stm32f10x_gpio.o(.text)
    GPIO_StructInit                          0x0800186d   Thumb Code    16  stm32f10x_gpio.o(.text)
    GPIO_ReadInputDataBit                    0x0800187d   Thumb Code    18  stm32f10x_gpio.o(.text)
    GPIO_ReadInputData                       0x0800188f   Thumb Code    42  stm32f10x_gpio.o(.text)
    GPIO_ReadOutputDataBit                   0x080018b9   Thumb Code    18  stm32f10x_gpio.o(.text)
    GPIO_ReadOutputData                      0x080018cb   Thumb Code     8  stm32f10x_gpio.o(.text)
    GPIO_ResetBits                           0x080018d3   Thumb Code     4  stm32f10x_gpio.o(.text)
    GPIO_WriteBit                            0x080018d7   Thumb Code    10  stm32f10x_gpio.o(.text)
    GPIO_Write                               0x080018e1   Thumb Code     4  stm32f10x_gpio.o(.text)
    GPIO_PinLockConfig                       0x080018e5   Thumb Code    18  stm32f10x_gpio.o(.text)
    GPIO_EventOutputConfig                   0x080018f7   Thumb Code    26  stm32f10x_gpio.o(.text)
    GPIO_EventOutputCmd                      0x08001911   Thumb Code     6  stm32f10x_gpio.o(.text)
    GPIO_PinRemapConfig                      0x08001917   Thumb Code   138  stm32f10x_gpio.o(.text)
    GPIO_ETH_MediaInterfaceConfig            0x080019a1   Thumb Code     8  stm32f10x_gpio.o(.text)
    RCC_DeInit                               0x080019b1   Thumb Code    64  stm32f10x_rcc.o(.text)
    RCC_HSEConfig                            0x080019f1   Thumb Code    70  stm32f10x_rcc.o(.text)
    RCC_GetFlagStatus                        0x08001a37   Thumb Code    56  stm32f10x_rcc.o(.text)
    RCC_WaitForHSEStartUp                    0x08001a6f   Thumb Code    56  stm32f10x_rcc.o(.text)
    RCC_AdjustHSICalibrationValue            0x08001aa7   Thumb Code    20  stm32f10x_rcc.o(.text)
    RCC_HSICmd                               0x08001abb   Thumb Code     6  stm32f10x_rcc.o(.text)
    RCC_PLLConfig                            0x08001ac1   Thumb Code    24  stm32f10x_rcc.o(.text)
    RCC_PLLCmd                               0x08001ad9   Thumb Code     6  stm32f10x_rcc.o(.text)
    RCC_SYSCLKConfig                         0x08001adf   Thumb Code    18  stm32f10x_rcc.o(.text)
    RCC_GetSYSCLKSource                      0x08001af1   Thumb Code    10  stm32f10x_rcc.o(.text)
    RCC_HCLKConfig                           0x08001afb   Thumb Code    18  stm32f10x_rcc.o(.text)
    RCC_PCLK1Config                          0x08001b0d   Thumb Code    18  stm32f10x_rcc.o(.text)
    RCC_PCLK2Config                          0x08001b1f   Thumb Code    20  stm32f10x_rcc.o(.text)
    RCC_ITConfig                             0x08001b33   Thumb Code    26  stm32f10x_rcc.o(.text)
    RCC_USBCLKConfig                         0x08001b4d   Thumb Code     8  stm32f10x_rcc.o(.text)
    RCC_ADCCLKConfig                         0x08001b55   Thumb Code    18  stm32f10x_rcc.o(.text)
    RCC_LSEConfig                            0x08001b67   Thumb Code    50  stm32f10x_rcc.o(.text)
    RCC_LSICmd                               0x08001b99   Thumb Code     6  stm32f10x_rcc.o(.text)
    RCC_RTCCLKConfig                         0x08001b9f   Thumb Code    12  stm32f10x_rcc.o(.text)
    RCC_RTCCLKCmd                            0x08001bab   Thumb Code     8  stm32f10x_rcc.o(.text)
    RCC_GetClocksFreq                        0x08001bb3   Thumb Code   192  stm32f10x_rcc.o(.text)
    RCC_AHBPeriphClockCmd                    0x08001c73   Thumb Code    26  stm32f10x_rcc.o(.text)
    RCC_APB2PeriphClockCmd                   0x08001c8d   Thumb Code    26  stm32f10x_rcc.o(.text)
    RCC_APB1PeriphClockCmd                   0x08001ca7   Thumb Code    26  stm32f10x_rcc.o(.text)
    RCC_APB2PeriphResetCmd                   0x08001cc1   Thumb Code    26  stm32f10x_rcc.o(.text)
    RCC_APB1PeriphResetCmd                   0x08001cdb   Thumb Code    26  stm32f10x_rcc.o(.text)
    RCC_BackupResetCmd                       0x08001cf5   Thumb Code     8  stm32f10x_rcc.o(.text)
    RCC_ClockSecuritySystemCmd               0x08001cfd   Thumb Code     6  stm32f10x_rcc.o(.text)
    RCC_MCOConfig                            0x08001d03   Thumb Code     6  stm32f10x_rcc.o(.text)
    RCC_ClearFlag                            0x08001d09   Thumb Code    14  stm32f10x_rcc.o(.text)
    RCC_GetITStatus                          0x08001d17   Thumb Code    20  stm32f10x_rcc.o(.text)
    RCC_ClearITPendingBit                    0x08001d2b   Thumb Code     6  stm32f10x_rcc.o(.text)
    TIM_Cmd                                  0x08001d55   Thumb Code    24  stm32f10x_tim.o(.text)
    TIM_ITConfig                             0x08001d6d   Thumb Code    18  stm32f10x_tim.o(.text)
    TIM_ClearFlag                            0x08001d7f   Thumb Code     6  stm32f10x_tim.o(.text)
    TIM_TimeBaseInit                         0x08001d85   Thumb Code   122  stm32f10x_tim.o(.text)
    Timer_2to7_counter_Generalfuncation      0x08001dff   Thumb Code   734  stm32f10x_tim.o(.text)
    Timer_2to7_Generalfuncation_start        0x080020dd   Thumb Code   106  stm32f10x_tim.o(.text)
    Timer_2to7_Generalfuncation_stop         0x08002147   Thumb Code   148  stm32f10x_tim.o(.text)
    TIM_DeInit                               0x080021db   Thumb Code   424  stm32f10x_tim.o(.text)
    TIM_OC1Init                              0x08002383   Thumb Code   132  stm32f10x_tim.o(.text)
    TIM_OC2Init                              0x08002407   Thumb Code   154  stm32f10x_tim.o(.text)
    TIM_OC3Init                              0x080024a1   Thumb Code   150  stm32f10x_tim.o(.text)
    TIM_OC4Init                              0x08002537   Thumb Code   180  stm32f10x_tim.o(.text)
    TIM_SetIC4Prescaler                      0x080025eb   Thumb Code    26  stm32f10x_tim.o(.text)
    TIM_SetIC3Prescaler                      0x08002687   Thumb Code    18  stm32f10x_tim.o(.text)
    TIM_SetIC2Prescaler                      0x08002713   Thumb Code    26  stm32f10x_tim.o(.text)
    TIM_SetIC1Prescaler                      0x080027af   Thumb Code    18  stm32f10x_tim.o(.text)
    TIM_ICInit                               0x0800282d   Thumb Code   150  stm32f10x_tim.o(.text)
    TIM_PWMIConfig                           0x080028c3   Thumb Code   124  stm32f10x_tim.o(.text)
    TIM_BDTRConfig                           0x0800293f   Thumb Code    32  stm32f10x_tim.o(.text)
    TIM_TimeBaseStructInit                   0x0800295f   Thumb Code    18  stm32f10x_tim.o(.text)
    TIM_OCStructInit                         0x08002971   Thumb Code    20  stm32f10x_tim.o(.text)
    TIM_ICStructInit                         0x08002985   Thumb Code    18  stm32f10x_tim.o(.text)
    TIM_BDTRStructInit                       0x08002997   Thumb Code    18  stm32f10x_tim.o(.text)
    TIM_CtrlPWMOutputs                       0x080029a9   Thumb Code    30  stm32f10x_tim.o(.text)
    TIM_GenerateEvent                        0x080029c7   Thumb Code     4  stm32f10x_tim.o(.text)
    TIM_DMAConfig                            0x080029cb   Thumb Code    10  stm32f10x_tim.o(.text)
    TIM_DMACmd                               0x080029d5   Thumb Code    18  stm32f10x_tim.o(.text)
    TIM_InternalClockConfig                  0x080029e7   Thumb Code    12  stm32f10x_tim.o(.text)
    TIM_SelectInputTrigger                   0x080029f3   Thumb Code    18  stm32f10x_tim.o(.text)
    TIM_ITRxExternalClockConfig              0x08002a05   Thumb Code    44  stm32f10x_tim.o(.text)
    TIM_TIxExternalClockConfig               0x08002a31   Thumb Code    62  stm32f10x_tim.o(.text)
    TIM_ETRConfig                            0x08002a6f   Thumb Code    28  stm32f10x_tim.o(.text)
    TIM_ETRClockMode1Config                  0x08002a8b   Thumb Code    54  stm32f10x_tim.o(.text)
    TIM_ETRClockMode2Config                  0x08002ac1   Thumb Code    32  stm32f10x_tim.o(.text)
    TIM_PrescalerConfig                      0x08002ae1   Thumb Code     6  stm32f10x_tim.o(.text)
    TIM_CounterModeConfig                    0x08002ae7   Thumb Code    18  stm32f10x_tim.o(.text)
    TIM_EncoderInterfaceConfig               0x08002af9   Thumb Code    66  stm32f10x_tim.o(.text)
    TIM_ForcedOC1Config                      0x08002b3b   Thumb Code    18  stm32f10x_tim.o(.text)
    TIM_ForcedOC2Config                      0x08002b4d   Thumb Code    26  stm32f10x_tim.o(.text)
    TIM_ForcedOC3Config                      0x08002b67   Thumb Code    18  stm32f10x_tim.o(.text)
    TIM_ForcedOC4Config                      0x08002b79   Thumb Code    26  stm32f10x_tim.o(.text)
    TIM_ARRPreloadConfig                     0x08002b93   Thumb Code    24  stm32f10x_tim.o(.text)
    TIM_SelectCOM                            0x08002bab   Thumb Code    24  stm32f10x_tim.o(.text)
    TIM_SelectCCDMA                          0x08002bc3   Thumb Code    24  stm32f10x_tim.o(.text)
    TIM_CCPreloadControl                     0x08002bdb   Thumb Code    24  stm32f10x_tim.o(.text)
    TIM_OC1PreloadConfig                     0x08002bf3   Thumb Code    18  stm32f10x_tim.o(.text)
    TIM_OC2PreloadConfig                     0x08002c05   Thumb Code    26  stm32f10x_tim.o(.text)
    TIM_OC3PreloadConfig                     0x08002c1f   Thumb Code    18  stm32f10x_tim.o(.text)
    TIM_OC4PreloadConfig                     0x08002c31   Thumb Code    26  stm32f10x_tim.o(.text)
    TIM_OC1FastConfig                        0x08002c4b   Thumb Code    18  stm32f10x_tim.o(.text)
    TIM_OC2FastConfig                        0x08002c5d   Thumb Code    26  stm32f10x_tim.o(.text)
    TIM_OC3FastConfig                        0x08002c77   Thumb Code    18  stm32f10x_tim.o(.text)
    TIM_OC4FastConfig                        0x08002c89   Thumb Code    26  stm32f10x_tim.o(.text)
    TIM_ClearOC1Ref                          0x08002ca3   Thumb Code    18  stm32f10x_tim.o(.text)
    TIM_ClearOC2Ref                          0x08002cb5   Thumb Code    24  stm32f10x_tim.o(.text)
    TIM_ClearOC3Ref                          0x08002ccd   Thumb Code    18  stm32f10x_tim.o(.text)
    TIM_ClearOC4Ref                          0x08002cdf   Thumb Code    24  stm32f10x_tim.o(.text)
    TIM_OC1PolarityConfig                    0x08002cf7   Thumb Code    18  stm32f10x_tim.o(.text)
    TIM_OC1NPolarityConfig                   0x08002d09   Thumb Code    18  stm32f10x_tim.o(.text)
    TIM_OC2PolarityConfig                    0x08002d1b   Thumb Code    26  stm32f10x_tim.o(.text)
    TIM_OC2NPolarityConfig                   0x08002d35   Thumb Code    26  stm32f10x_tim.o(.text)
    TIM_OC3PolarityConfig                    0x08002d4f   Thumb Code    26  stm32f10x_tim.o(.text)
    TIM_OC3NPolarityConfig                   0x08002d69   Thumb Code    26  stm32f10x_tim.o(.text)
    TIM_OC4PolarityConfig                    0x08002d83   Thumb Code    26  stm32f10x_tim.o(.text)
    TIM_CCxCmd                               0x08002d9d   Thumb Code    30  stm32f10x_tim.o(.text)
    TIM_CCxNCmd                              0x08002dbb   Thumb Code    30  stm32f10x_tim.o(.text)
    TIM_SelectOCxM                           0x08002dd9   Thumb Code    82  stm32f10x_tim.o(.text)
    TIM_UpdateDisableConfig                  0x08002e2b   Thumb Code    24  stm32f10x_tim.o(.text)
    TIM_UpdateRequestConfig                  0x08002e43   Thumb Code    24  stm32f10x_tim.o(.text)
    TIM_SelectHallSensor                     0x08002e5b   Thumb Code    24  stm32f10x_tim.o(.text)
    TIM_SelectOnePulseMode                   0x08002e73   Thumb Code    18  stm32f10x_tim.o(.text)
    TIM_SelectOutputTrigger                  0x08002e85   Thumb Code    18  stm32f10x_tim.o(.text)
    TIM_SelectSlaveMode                      0x08002e97   Thumb Code    18  stm32f10x_tim.o(.text)
    TIM_SelectMasterSlaveMode                0x08002ea9   Thumb Code    18  stm32f10x_tim.o(.text)
    TIM_SetCounter                           0x08002ebb   Thumb Code     4  stm32f10x_tim.o(.text)
    TIM_SetAutoreload                        0x08002ebf   Thumb Code     4  stm32f10x_tim.o(.text)
    TIM_SetCompare1                          0x08002ec3   Thumb Code     4  stm32f10x_tim.o(.text)
    TIM_SetCompare2                          0x08002ec7   Thumb Code     4  stm32f10x_tim.o(.text)
    TIM_SetCompare3                          0x08002ecb   Thumb Code     4  stm32f10x_tim.o(.text)
    TIM_SetCompare4                          0x08002ecf   Thumb Code     6  stm32f10x_tim.o(.text)
    TIM_SetClockDivision                     0x08002ed5   Thumb Code    18  stm32f10x_tim.o(.text)
    TIM_GetCapture1                          0x08002ee7   Thumb Code     6  stm32f10x_tim.o(.text)
    TIM_GetCapture2                          0x08002eed   Thumb Code     6  stm32f10x_tim.o(.text)
    TIM_GetCapture3                          0x08002ef3   Thumb Code     6  stm32f10x_tim.o(.text)
    TIM_GetCapture4                          0x08002ef9   Thumb Code     8  stm32f10x_tim.o(.text)
    TIM_GetCounter                           0x08002f01   Thumb Code     6  stm32f10x_tim.o(.text)
    TIM_GetPrescaler                         0x08002f07   Thumb Code     6  stm32f10x_tim.o(.text)
    TIM_GetFlagStatus                        0x08002f0d   Thumb Code    18  stm32f10x_tim.o(.text)
    TIM_GetITStatus                          0x08002f1f   Thumb Code    34  stm32f10x_tim.o(.text)
    TIM_ClearITPendingBit                    0x08002f41   Thumb Code     6  stm32f10x_tim.o(.text)
    USART_DeInit                             0x08002f49   Thumb Code   134  stm32f10x_usart.o(.text)
    USART_Init                               0x08002fcf   Thumb Code   210  stm32f10x_usart.o(.text)
    USART_StructInit                         0x080030a1   Thumb Code    24  stm32f10x_usart.o(.text)
    USART_ClockInit                          0x080030b9   Thumb Code    34  stm32f10x_usart.o(.text)
    USART_ClockStructInit                    0x080030db   Thumb Code    12  stm32f10x_usart.o(.text)
    USART_Cmd                                0x080030e7   Thumb Code    24  stm32f10x_usart.o(.text)
    USART_ITConfig                           0x080030ff   Thumb Code    74  stm32f10x_usart.o(.text)
    USART_DMACmd                             0x08003149   Thumb Code    18  stm32f10x_usart.o(.text)
    USART_SetAddress                         0x0800315b   Thumb Code    18  stm32f10x_usart.o(.text)
    USART_WakeUpConfig                       0x0800316d   Thumb Code    18  stm32f10x_usart.o(.text)
    USART_ReceiverWakeUpCmd                  0x0800317f   Thumb Code    24  stm32f10x_usart.o(.text)
    USART_LINBreakDetectLengthConfig         0x08003197   Thumb Code    18  stm32f10x_usart.o(.text)
    USART_LINCmd                             0x080031a9   Thumb Code    24  stm32f10x_usart.o(.text)
    USART_SendData                           0x080031c1   Thumb Code     8  stm32f10x_usart.o(.text)
    USART_ReceiveData                        0x080031c9   Thumb Code    10  stm32f10x_usart.o(.text)
    USART_SendBreak                          0x080031d3   Thumb Code    10  stm32f10x_usart.o(.text)
    USART_SetGuardTime                       0x080031dd   Thumb Code    16  stm32f10x_usart.o(.text)
    USART_SetPrescaler                       0x080031ed   Thumb Code    16  stm32f10x_usart.o(.text)
    USART_SmartCardCmd                       0x080031fd   Thumb Code    24  stm32f10x_usart.o(.text)
    USART_SmartCardNACKCmd                   0x08003215   Thumb Code    24  stm32f10x_usart.o(.text)
    USART_HalfDuplexCmd                      0x0800322d   Thumb Code    24  stm32f10x_usart.o(.text)
    USART_OverSampling8Cmd                   0x08003245   Thumb Code    22  stm32f10x_usart.o(.text)
    USART_OneBitMethodCmd                    0x0800325b   Thumb Code    24  stm32f10x_usart.o(.text)
    USART_IrDAConfig                         0x08003273   Thumb Code    18  stm32f10x_usart.o(.text)
    USART_IrDACmd                            0x08003285   Thumb Code    24  stm32f10x_usart.o(.text)
    USART_GetFlagStatus                      0x0800329d   Thumb Code    26  stm32f10x_usart.o(.text)
    USART_ClearFlag                          0x080032b7   Thumb Code    18  stm32f10x_usart.o(.text)
    USART_GetITStatus                        0x080032c9   Thumb Code    84  stm32f10x_usart.o(.text)
    USART_ClearITPendingBit                  0x0800331d   Thumb Code    52  stm32f10x_usart.o(.text)
    main                                     0x08003351   Thumb Code   742  main.o(.text)
    Main_Delay                               0x08003637   Thumb Code    26  main.o(.text)
    Main_Delay_us                            0x08003651   Thumb Code    12  main.o(.text)
    IMU_Test_Upload_Message                  0x0800365d   Thumb Code   732  main.o(.text)
    S_Test_Upload_Message                    0x08003939   Thumb Code   286  main.o(.text)
    NMI_Handler                              0x08003a65   Thumb Code     2  stm32f10x_it.o(.text)
    HardFault_Handler                        0x08003a67   Thumb Code     4  stm32f10x_it.o(.text)
    MemManage_Handler                        0x08003a6b   Thumb Code     4  stm32f10x_it.o(.text)
    BusFault_Handler                         0x08003a6f   Thumb Code     4  stm32f10x_it.o(.text)
    UsageFault_Handler                       0x08003a73   Thumb Code     4  stm32f10x_it.o(.text)
    SVC_Handler                              0x08003a77   Thumb Code     2  stm32f10x_it.o(.text)
    DebugMon_Handler                         0x08003a79   Thumb Code     2  stm32f10x_it.o(.text)
    PendSV_Handler                           0x08003a7b   Thumb Code     2  stm32f10x_it.o(.text)
    TIM2_IRQHandler                          0x08003a7d   Thumb Code    76  stm32f10x_it.o(.text)
    TIM3_IRQHandler                          0x08003ac9   Thumb Code    22  stm32f10x_it.o(.text)
    USART1_IRQHandler                        0x08003adf   Thumb Code    42  stm32f10x_it.o(.text)
    USART2_IRQHandler                        0x08003b09   Thumb Code   430  stm32f10x_it.o(.text)
    SysTick_Handler                          0x08003cb7   Thumb Code    18  stm32f10x_it.o(.text)
    EXTI0_IRQHandler                         0x08003cc9   Thumb Code    18  stm32f10x_it.o(.text)
    EXTI9_5_IRQHandler                       0x08003cdb   Thumb Code    22  stm32f10x_it.o(.text)
    SDIO_IRQHandler                          0x08003cf1   Thumb Code     2  stm32f10x_it.o(.text)
    DMA1_Channel5_IRQHandler                 0x08003cf3   Thumb Code    42  stm32f10x_it.o(.text)
    USB_LP_CAN1_RX0_IRQHandler               0x08003d1d   Thumb Code    40  stm32f10x_it.o(.text)
    SysTick_Init                             0x08003d9d   Thumb Code   100  stm32f10x_delay.o(.text)
    Delay_10us                               0x08003e01   Thumb Code    32  stm32f10x_delay.o(.text)
    Initial_micros                           0x08003e21   Thumb Code   104  stm32f10x_delay.o(.text)
    micros                                   0x08003e89   Thumb Code    20  stm32f10x_delay.o(.text)
    USART5_NVIC_Configuration                0x08003ead   Thumb Code    42  bsp_uart.o(.text)
    UART5_Config                             0x08003ed7   Thumb Code   158  bsp_uart.o(.text)
    USART4_NVIC_Configuration                0x08003f75   Thumb Code    42  bsp_uart.o(.text)
    UART4_Config                             0x08003f9f   Thumb Code   154  bsp_uart.o(.text)
    USART3_NVIC_Configuration                0x08004039   Thumb Code    42  bsp_uart.o(.text)
    USART3_Config                            0x08004063   Thumb Code   154  bsp_uart.o(.text)
    USART2_NVIC_Configuration                0x080040fd   Thumb Code    42  bsp_uart.o(.text)
    USART2_Config                            0x08004127   Thumb Code   150  bsp_uart.o(.text)
    USART1_NVIC_Configuration                0x080041bd   Thumb Code    38  bsp_uart.o(.text)
    USART1_Config                            0x080041e3   Thumb Code   148  bsp_uart.o(.text)
    My_Config_USART_Init                     0x08004277   Thumb Code    94  bsp_uart.o(.text)
    USART_DMA_Send_Config                    0x080042d5   Thumb Code   316  bsp_uart.o(.text)
    USART_DMA_Rec_Config                     0x08004411   Thumb Code   180  bsp_uart.o(.text)
    USART1_DMA_Rec_Config                    0x080044c5   Thumb Code   150  bsp_uart.o(.text)
    UART_send_char                           0x0800455b   Thumb Code    30  bsp_uart.o(.text)
    UART_send_data                           0x08004579   Thumb Code    92  bsp_uart.o(.text)
    UART_send_intdata                        0x080045d5   Thumb Code   106  bsp_uart.o(.text)
    UART_send_floatdat                       0x0800463f   Thumb Code   160  bsp_uart.o(.text)
    UART_send_string                         0x080046df   Thumb Code    40  bsp_uart.o(.text)
    UART_send_buffer                         0x08004707   Thumb Code    86  bsp_uart.o(.text)
    CAN_Config                               0x08004861   Thumb Code    20  bsp_can.o(.text)
    CAN_SetMsg                               0x08004875   Thumb Code    42  bsp_can.o(.text)
    RC_Offset_Init                           0x080048a9   Thumb Code   356  dbus.o(.text)
    RC_Callback_Handler                      0x08004a0d   Thumb Code   284  dbus.o(.text)
    RC_Debug_Message                         0x08004b29   Thumb Code   288  dbus.o(.text)
    RC_Upload_Message                        0x08004c49   Thumb Code   420  dbus.o(.text)
    PID_struct_init                          0x08004df5   Thumb Code    20  dji_motor.o(.text)
    DJI_Motor_Init                           0x08004e09   Thumb Code    72  dji_motor.o(.text)
    Mecanum_Wheel_Rpm_Model                  0x08004e51   Thumb Code   142  dji_motor.o(.text)
    DiffX4_Wheel_Speed_Model                 0x08004edf   Thumb Code   242  dji_motor.o(.text)
    Mecanum_Wheel_Speed_Model                0x08004fd1   Thumb Code   410  dji_motor.o(.text)
    CAN_DJI_C620_DataSend                    0x0800516b   Thumb Code    94  dji_motor.o(.text)
    abs_limit                                0x080051c9   Thumb Code   104  dji_motor.o(.text)
    pid_calc                                 0x08005231   Thumb Code   402  dji_motor.o(.text)
    DJI_Motor_Control                        0x080053c3   Thumb Code   140  dji_motor.o(.text)
    get_moto_measure                         0x0800544f   Thumb Code   190  dji_motor.o(.text)
    get_moto_offset                          0x0800550d   Thumb Code    16  dji_motor.o(.text)
    CAN_RxCpltCallback                       0x0800551d   Thumb Code   170  dji_motor.o(.text)
    DJI_Motor_WriteData_In_Buff              0x080055c7   Thumb Code   356  dji_motor.o(.text)
    DJI_Motor_Show_Message                   0x0800572b   Thumb Code   576  dji_motor.o(.text)
    DJI_Motor_Upload_Message                 0x0800596b   Thumb Code   568  dji_motor.o(.text)
    DJI_Motor_Clear_Odom                     0x08005ba3   Thumb Code   268  dji_motor.o(.text)
    pid_sp_calc                              0x08005caf   Thumb Code   216  dji_motor.o(.text)
    __aeabi_memclr4                          0x08005da5   Thumb Code     0  rt_memclr_w.o(.text)
    __aeabi_memclr8                          0x08005da5   Thumb Code     0  rt_memclr_w.o(.text)
    __rt_memclr_w                            0x08005da5   Thumb Code    78  rt_memclr_w.o(.text)
    _memset_w                                0x08005da9   Thumb Code     0  rt_memclr_w.o(.text)
    __use_two_region_memory                  0x08005df3   Thumb Code     2  heapauxi.o(.text)
    __rt_heap_escrow$2region                 0x08005df5   Thumb Code     2  heapauxi.o(.text)
    __rt_heap_expand$2region                 0x08005df7   Thumb Code     2  heapauxi.o(.text)
    __user_libspace                          0x08005df9   Thumb Code     8  libspace.o(.text)
    __user_perproc_libspace                  0x08005df9   Thumb Code     0  libspace.o(.text)
    __user_perthread_libspace                0x08005df9   Thumb Code     0  libspace.o(.text)
    __user_setup_stackheap                   0x08005e01   Thumb Code    74  sys_stackheap_outer.o(.text)
    exit                                     0x08005e4b   Thumb Code    18  exit.o(.text)
    _sys_exit                                0x08005e5d   Thumb Code     8  sys_exit.o(.text)
    __I$use$semihosting                      0x08005e69   Thumb Code     0  use_no_semi.o(.text)
    __use_no_semihosting_swi                 0x08005e69   Thumb Code     2  use_no_semi.o(.text)
    __semihosting_library_function           0x08005e6b   Thumb Code     0  indicate_semi.o(.text)
    __aeabi_d2f                              0x08005e6d   Thumb Code     0  d2f.o(x$fpl$d2f)
    _d2f                                     0x08005e6d   Thumb Code    98  d2f.o(x$fpl$d2f)
    __aeabi_dadd                             0x08005ed1   Thumb Code     0  daddsub_clz.o(x$fpl$dadd)
    _dadd                                    0x08005ed1   Thumb Code   332  daddsub_clz.o(x$fpl$dadd)
    __fpl_dcmp_Inf                           0x08006021   Thumb Code    24  dcmpi.o(x$fpl$dcmpinf)
    __aeabi_ddiv                             0x08006039   Thumb Code     0  ddiv.o(x$fpl$ddiv)
    _ddiv                                    0x08006039   Thumb Code   552  ddiv.o(x$fpl$ddiv)
    __aeabi_i2d                              0x080062e9   Thumb Code     0  dflt_clz.o(x$fpl$dflt)
    _dflt                                    0x080062e9   Thumb Code    46  dflt_clz.o(x$fpl$dflt)
    __aeabi_ui2d                             0x08006317   Thumb Code     0  dflt_clz.o(x$fpl$dfltu)
    _dfltu                                   0x08006317   Thumb Code    38  dflt_clz.o(x$fpl$dfltu)
    __aeabi_cdcmple                          0x0800633d   Thumb Code     0  dleqf.o(x$fpl$dleqf)
    _dcmple                                  0x0800633d   Thumb Code   120  dleqf.o(x$fpl$dleqf)
    __fpl_dcmple_InfNaN                      0x0800639f   Thumb Code     0  dleqf.o(x$fpl$dleqf)
    __aeabi_dmul                             0x080063b5   Thumb Code     0  dmul.o(x$fpl$dmul)
    _dmul                                    0x080063b5   Thumb Code   332  dmul.o(x$fpl$dmul)
    __fpl_dnaninf                            0x08006509   Thumb Code   156  dnaninf.o(x$fpl$dnaninf)
    __fpl_dretinf                            0x080065a5   Thumb Code    12  dretinf.o(x$fpl$dretinf)
    __aeabi_cdrcmple                         0x080065b1   Thumb Code     0  drleqf.o(x$fpl$drleqf)
    _drcmple                                 0x080065b1   Thumb Code   108  drleqf.o(x$fpl$drleqf)
    __aeabi_dsub                             0x0800661d   Thumb Code     0  daddsub_clz.o(x$fpl$dsub)
    _dsub                                    0x0800661d   Thumb Code   464  daddsub_clz.o(x$fpl$dsub)
    __aeabi_f2d                              0x080067f1   Thumb Code     0  f2d.o(x$fpl$f2d)
    _f2d                                     0x080067f1   Thumb Code    86  f2d.o(x$fpl$f2d)
    __aeabi_fadd                             0x08006849   Thumb Code     0  faddsub_clz.o(x$fpl$fadd)
    _fadd                                    0x08006849   Thumb Code   196  faddsub_clz.o(x$fpl$fadd)
    __fpl_fcmp_Inf                           0x0800690d   Thumb Code    24  fcmpi.o(x$fpl$fcmpinf)
    __aeabi_fdiv                             0x08006925   Thumb Code     0  fdiv.o(x$fpl$fdiv)
    _fdiv                                    0x08006925   Thumb Code   384  fdiv.o(x$fpl$fdiv)
    __aeabi_cfcmpeq                          0x08006aa9   Thumb Code     0  feqf.o(x$fpl$feqf)
    _fcmpeq                                  0x08006aa9   Thumb Code   104  feqf.o(x$fpl$feqf)
    __aeabi_f2iz                             0x08006b11   Thumb Code     0  ffix.o(x$fpl$ffix)
    _ffix                                    0x08006b11   Thumb Code    54  ffix.o(x$fpl$ffix)
    __aeabi_i2f                              0x08006b49   Thumb Code     0  fflt_clz.o(x$fpl$fflt)
    _fflt                                    0x08006b49   Thumb Code    48  fflt_clz.o(x$fpl$fflt)
    __aeabi_ui2f                             0x08006b79   Thumb Code     0  fflt_clz.o(x$fpl$ffltu)
    _ffltu                                   0x08006b79   Thumb Code    38  fflt_clz.o(x$fpl$ffltu)
    __aeabi_cfcmple                          0x08006ba1   Thumb Code     0  fleqf.o(x$fpl$fleqf)
    _fcmple                                  0x08006ba1   Thumb Code   104  fleqf.o(x$fpl$fleqf)
    __fpl_fcmple_InfNaN                      0x08006bf3   Thumb Code     0  fleqf.o(x$fpl$fleqf)
    __aeabi_fmul                             0x08006c09   Thumb Code     0  fmul.o(x$fpl$fmul)
    _fmul                                    0x08006c09   Thumb Code   258  fmul.o(x$fpl$fmul)
    __fpl_fnaninf                            0x08006d0b   Thumb Code   140  fnaninf.o(x$fpl$fnaninf)
    __fpl_fretinf                            0x08006d97   Thumb Code    10  fretinf.o(x$fpl$fretinf)
    __aeabi_cfrcmple                         0x08006da1   Thumb Code     0  frleqf.o(x$fpl$frleqf)
    _frcmple                                 0x08006da1   Thumb Code    98  frleqf.o(x$fpl$frleqf)
    __aeabi_frsub                            0x08006e03   Thumb Code     0  faddsub_clz.o(x$fpl$frsb)
    _frsb                                    0x08006e03   Thumb Code    20  faddsub_clz.o(x$fpl$frsb)
    __aeabi_fsub                             0x08006e19   Thumb Code     0  faddsub_clz.o(x$fpl$fsub)
    _fsub                                    0x08006e19   Thumb Code   234  faddsub_clz.o(x$fpl$fsub)
    __I$use$fp                               0x08006f02   Number         0  usenofp.o(x$fpl$usenofp)
    Region$$Table$$Base                      0x08006f04   Number         0  anon$$obj.o(Region$$Table)
    Region$$Table$$Limit                     0x08006f24   Number         0  anon$$obj.o(Region$$Table)
    SystemCoreClock                          0x20000000   Data           4  system_stm32f10x.o(.data)
    AHBPrescTable                            0x20000004   Data          16  system_stm32f10x.o(.data)
    TimingDelay                              0x20000028   Data           4  main.o(.data)
    ADC_ConvertedValue                       0x2000002c   Data           2  main.o(.data)
    UART1_DMA_Flag                           0x2000002e   Data           1  main.o(.data)
    UART2_Flag                               0x2000002f   Data           1  main.o(.data)
    CAN1_Flag                                0x20000030   Data           1  main.o(.data)
    Timer2_Counter1                          0x20000034   Data           4  main.o(.data)
    Timer2_Counter2                          0x20000038   Data           4  main.o(.data)
    Timer2_Counter3                          0x2000003c   Data           4  main.o(.data)
    Timer2_Counter4                          0x20000040   Data           4  main.o(.data)
    Timer2_Counter5                          0x20000044   Data           4  main.o(.data)
    ReCont_2                                 0x20000050   Data           2  stm32f10x_it.o(.data)
    Reflag_2                                 0x20000052   Data           1  stm32f10x_it.o(.data)
    U2dat_value                              0x20000053   Data           1  stm32f10x_it.o(.data)
    U2dat_value_last                         0x20000054   Data           1  stm32f10x_it.o(.data)
    DBUS_flag                                0x20000058   Data           1  dbus.o(.data)
    ch1_offset_sum                           0x2000005c   Data           4  dbus.o(.data)
    ch2_offset_sum                           0x20000060   Data           4  dbus.o(.data)
    ch3_offset_sum                           0x20000064   Data           4  dbus.o(.data)
    ch4_offset_sum                           0x20000068   Data           4  dbus.o(.data)
    rc_counter                               0x2000006c   Data           4  dbus.o(.data)
    set_v                                    0x20000070   Data           4  dji_motor.o(.data)
    motor_upload_counter                     0x20000074   Data           4  dji_motor.o(.data)
    UART2_ReCont                             0x20000078   Data           2  dji_motor.o(.data)
    UART2_Reflag                             0x2000007a   Data           1  dji_motor.o(.data)
    USART_RX_BUF                             0x2000007c   Data          18  bsp_uart.o(.bss)
    dbus_rc                                  0x2000008e   Data          29  dbus.o(.bss)
    set_spd                                  0x200000ac   Data          16  dji_motor.o(.bss)
    moto_chassis                             0x200000bc   Data         176  dji_motor.o(.bss)
    moto_info                                0x2000016c   Data          44  dji_motor.o(.bss)
    pid_spd                                  0x20000198   Data         400  dji_motor.o(.bss)
    recived_cmd                              0x20000328   Data          40  dji_motor.o(.bss)
    UART2_ReBuff                             0x20000350   Data         100  dji_motor.o(.bss)
    __libspace_start                         0x200003b4   Data          96  libspace.o(.bss)
    __temporary_stack_top$libspace           0x20000414   Data           0  libspace.o(.bss)



==============================================================================

Memory Map of the image

  Image Entry point : 0x08000131

  Load Region LR_IROM1 (Base: 0x08000000, Size: 0x00006fa0, Max: 0x00080000, ABSOLUTE)

    Execution Region ER_IROM1 (Exec base: 0x08000000, Load base: 0x08000000, Size: 0x00006f24, Max: 0x00080000, ABSOLUTE)

    Exec Addr    Load Addr    Size         Type   Attr      Idx    E Section Name        Object

    0x08000000   0x08000000   0x00000130   Data   RO            3    RESET               startup_stm32f10x_hd.o
    0x08000130   0x08000130   0x00000008   Code   RO          595  * !!!main             c_w.l(__main.o)
    0x08000138   0x08000138   0x00000034   Code   RO          844    !!!scatter          c_w.l(__scatter.o)
    0x0800016c   0x0800016c   0x0000001a   Code   RO          846    !!handler_copy      c_w.l(__scatter_copy.o)
    0x08000186   0x08000186   0x00000002   PAD
    0x08000188   0x08000188   0x0000001c   Code   RO          848    !!handler_zi        c_w.l(__scatter_zi.o)
    0x080001a4   0x080001a4   0x00000002   Code   RO          717    .ARM.Collect$$libinit$$00000000  c_w.l(libinit.o)
    0x080001a6   0x080001a6   0x00000000   Code   RO          721    .ARM.Collect$$libinit$$00000002  c_w.l(libinit2.o)
    0x080001a6   0x080001a6   0x00000000   Code   RO          723    .ARM.Collect$$libinit$$00000004  c_w.l(libinit2.o)
    0x080001a6   0x080001a6   0x00000000   Code   RO          726    .ARM.Collect$$libinit$$0000000A  c_w.l(libinit2.o)
    0x080001a6   0x080001a6   0x00000000   Code   RO          728    .ARM.Collect$$libinit$$0000000C  c_w.l(libinit2.o)
    0x080001a6   0x080001a6   0x00000000   Code   RO          730    .ARM.Collect$$libinit$$0000000E  c_w.l(libinit2.o)
    0x080001a6   0x080001a6   0x00000000   Code   RO          733    .ARM.Collect$$libinit$$00000011  c_w.l(libinit2.o)
    0x080001a6   0x080001a6   0x00000000   Code   RO          735    .ARM.Collect$$libinit$$00000013  c_w.l(libinit2.o)
    0x080001a6   0x080001a6   0x00000000   Code   RO          737    .ARM.Collect$$libinit$$00000015  c_w.l(libinit2.o)
    0x080001a6   0x080001a6   0x00000000   Code   RO          739    .ARM.Collect$$libinit$$00000017  c_w.l(libinit2.o)
    0x080001a6   0x080001a6   0x00000000   Code   RO          741    .ARM.Collect$$libinit$$00000019  c_w.l(libinit2.o)
    0x080001a6   0x080001a6   0x00000000   Code   RO          743    .ARM.Collect$$libinit$$0000001B  c_w.l(libinit2.o)
    0x080001a6   0x080001a6   0x00000000   Code   RO          745    .ARM.Collect$$libinit$$0000001D  c_w.l(libinit2.o)
    0x080001a6   0x080001a6   0x00000000   Code   RO          747    .ARM.Collect$$libinit$$0000001F  c_w.l(libinit2.o)
    0x080001a6   0x080001a6   0x00000000   Code   RO          749    .ARM.Collect$$libinit$$00000021  c_w.l(libinit2.o)
    0x080001a6   0x080001a6   0x00000000   Code   RO          751    .ARM.Collect$$libinit$$00000023  c_w.l(libinit2.o)
    0x080001a6   0x080001a6   0x00000000   Code   RO          753    .ARM.Collect$$libinit$$00000025  c_w.l(libinit2.o)
    0x080001a6   0x080001a6   0x00000000   Code   RO          757    .ARM.Collect$$libinit$$0000002C  c_w.l(libinit2.o)
    0x080001a6   0x080001a6   0x00000000   Code   RO          759    .ARM.Collect$$libinit$$0000002E  c_w.l(libinit2.o)
    0x080001a6   0x080001a6   0x00000000   Code   RO          761    .ARM.Collect$$libinit$$00000030  c_w.l(libinit2.o)
    0x080001a6   0x080001a6   0x00000000   Code   RO          763    .ARM.Collect$$libinit$$00000032  c_w.l(libinit2.o)
    0x080001a6   0x080001a6   0x00000002   Code   RO          764    .ARM.Collect$$libinit$$00000033  c_w.l(libinit2.o)
    0x080001a8   0x080001a8   0x00000002   Code   RO          784    .ARM.Collect$$libshutdown$$00000000  c_w.l(libshutdown.o)
    0x080001aa   0x080001aa   0x00000000   Code   RO          797    .ARM.Collect$$libshutdown$$00000002  c_w.l(libshutdown2.o)
    0x080001aa   0x080001aa   0x00000000   Code   RO          799    .ARM.Collect$$libshutdown$$00000004  c_w.l(libshutdown2.o)
    0x080001aa   0x080001aa   0x00000000   Code   RO          802    .ARM.Collect$$libshutdown$$00000007  c_w.l(libshutdown2.o)
    0x080001aa   0x080001aa   0x00000000   Code   RO          805    .ARM.Collect$$libshutdown$$0000000A  c_w.l(libshutdown2.o)
    0x080001aa   0x080001aa   0x00000000   Code   RO          807    .ARM.Collect$$libshutdown$$0000000C  c_w.l(libshutdown2.o)
    0x080001aa   0x080001aa   0x00000000   Code   RO          810    .ARM.Collect$$libshutdown$$0000000F  c_w.l(libshutdown2.o)
    0x080001aa   0x080001aa   0x00000002   Code   RO          811    .ARM.Collect$$libshutdown$$00000010  c_w.l(libshutdown2.o)
    0x080001ac   0x080001ac   0x00000000   Code   RO          665    .ARM.Collect$$rtentry$$00000000  c_w.l(__rtentry.o)
    0x080001ac   0x080001ac   0x00000000   Code   RO          684    .ARM.Collect$$rtentry$$00000002  c_w.l(__rtentry2.o)
    0x080001ac   0x080001ac   0x00000006   Code   RO          696    .ARM.Collect$$rtentry$$00000004  c_w.l(__rtentry4.o)
    0x080001b2   0x080001b2   0x00000000   Code   RO          686    .ARM.Collect$$rtentry$$00000009  c_w.l(__rtentry2.o)
    0x080001b2   0x080001b2   0x00000004   Code   RO          687    .ARM.Collect$$rtentry$$0000000A  c_w.l(__rtentry2.o)
    0x080001b6   0x080001b6   0x00000000   Code   RO          689    .ARM.Collect$$rtentry$$0000000C  c_w.l(__rtentry2.o)
    0x080001b6   0x080001b6   0x00000008   Code   RO          690    .ARM.Collect$$rtentry$$0000000D  c_w.l(__rtentry2.o)
    0x080001be   0x080001be   0x00000002   Code   RO          718    .ARM.Collect$$rtexit$$00000000  c_w.l(rtexit.o)
    0x080001c0   0x080001c0   0x00000000   Code   RO          766    .ARM.Collect$$rtexit$$00000002  c_w.l(rtexit2.o)
    0x080001c0   0x080001c0   0x00000004   Code   RO          767    .ARM.Collect$$rtexit$$00000003  c_w.l(rtexit2.o)
    0x080001c4   0x080001c4   0x00000006   Code   RO          768    .ARM.Collect$$rtexit$$00000004  c_w.l(rtexit2.o)
    0x080001ca   0x080001ca   0x00000002   PAD
    0x080001cc   0x080001cc   0x00000040   Code   RO            4    .text               startup_stm32f10x_hd.o
    0x0800020c   0x0800020c   0x000001e0   Code   RO           24    .text               system_stm32f10x.o
    0x080003ec   0x080003ec   0x000000dc   Code   RO           91    .text               misc.o
    0x080004c8   0x080004c8   0x00000b58   Code   RO          135    .text               stm32f10x_can.o
    0x08001020   0x08001020   0x00000254   Code   RO          204    .text               stm32f10x_dma.o
    0x08001274   0x08001274   0x0000011c   Code   RO          216    .text               stm32f10x_exti.o
    0x08001390   0x08001390   0x00000620   Code   RO          258    .text               stm32f10x_gpio.o
    0x080019b0   0x080019b0   0x000003a4   Code   RO          312    .text               stm32f10x_rcc.o
    0x08001d54   0x08001d54   0x000011f2   Code   RO          365    .text               stm32f10x_tim.o
    0x08002f46   0x08002f46   0x00000002   PAD
    0x08002f48   0x08002f48   0x00000408   Code   RO          377    .text               stm32f10x_usart.o
    0x08003350   0x08003350   0x00000714   Code   RO          404    .text               main.o
    0x08003a64   0x08003a64   0x00000338   Code   RO          447    .text               stm32f10x_it.o
    0x08003d9c   0x08003d9c   0x00000110   Code   RO          466    .text               stm32f10x_delay.o
    0x08003eac   0x08003eac   0x000008b0   Code   RO          521    .text               bsp_uart.o
    0x0800475c   0x0800475c   0x0000014c   Code   RO          536    .text               bsp_can.o
    0x080048a8   0x080048a8   0x0000054c   Code   RO          548    .text               dbus.o
    0x08004df4   0x08004df4   0x00000fb0   Code   RO          570    .text               dji_motor.o
    0x08005da4   0x08005da4   0x0000004e   Code   RO          591    .text               c_w.l(rt_memclr_w.o)
    0x08005df2   0x08005df2   0x00000006   Code   RO          593    .text               c_w.l(heapauxi.o)
    0x08005df8   0x08005df8   0x00000008   Code   RO          705    .text               c_w.l(libspace.o)
    0x08005e00   0x08005e00   0x0000004a   Code   RO          708    .text               c_w.l(sys_stackheap_outer.o)
    0x08005e4a   0x08005e4a   0x00000012   Code   RO          710    .text               c_w.l(exit.o)
    0x08005e5c   0x08005e5c   0x0000000c   Code   RO          776    .text               c_w.l(sys_exit.o)
    0x08005e68   0x08005e68   0x00000002   Code   RO          787    .text               c_w.l(use_no_semi.o)
    0x08005e6a   0x08005e6a   0x00000000   Code   RO          789    .text               c_w.l(indicate_semi.o)
    0x08005e6a   0x08005e6a   0x00000002   PAD
    0x08005e6c   0x08005e6c   0x00000062   Code   RO          597    x$fpl$d2f           fz_ws.l(d2f.o)
    0x08005ece   0x08005ece   0x00000002   PAD
    0x08005ed0   0x08005ed0   0x00000150   Code   RO          599    x$fpl$dadd          fz_ws.l(daddsub_clz.o)
    0x08006020   0x08006020   0x00000018   Code   RO          703    x$fpl$dcmpinf       fz_ws.l(dcmpi.o)
    0x08006038   0x08006038   0x000002b0   Code   RO          606    x$fpl$ddiv          fz_ws.l(ddiv.o)
    0x080062e8   0x080062e8   0x0000002e   Code   RO          614    x$fpl$dflt          fz_ws.l(dflt_clz.o)
    0x08006316   0x08006316   0x00000026   Code   RO          613    x$fpl$dfltu         fz_ws.l(dflt_clz.o)
    0x0800633c   0x0800633c   0x00000078   Code   RO          668    x$fpl$dleqf         fz_ws.l(dleqf.o)
    0x080063b4   0x080063b4   0x00000154   Code   RO          619    x$fpl$dmul          fz_ws.l(dmul.o)
    0x08006508   0x08006508   0x0000009c   Code   RO          670    x$fpl$dnaninf       fz_ws.l(dnaninf.o)
    0x080065a4   0x080065a4   0x0000000c   Code   RO          672    x$fpl$dretinf       fz_ws.l(dretinf.o)
    0x080065b0   0x080065b0   0x0000006c   Code   RO          621    x$fpl$drleqf        fz_ws.l(drleqf.o)
    0x0800661c   0x0800661c   0x000001d4   Code   RO          601    x$fpl$dsub          fz_ws.l(daddsub_clz.o)
    0x080067f0   0x080067f0   0x00000056   Code   RO          623    x$fpl$f2d           fz_ws.l(f2d.o)
    0x08006846   0x08006846   0x00000002   PAD
    0x08006848   0x08006848   0x000000c4   Code   RO          625    x$fpl$fadd          fz_ws.l(faddsub_clz.o)
    0x0800690c   0x0800690c   0x00000018   Code   RO          674    x$fpl$fcmpinf       fz_ws.l(fcmpi.o)
    0x08006924   0x08006924   0x00000184   Code   RO          632    x$fpl$fdiv          fz_ws.l(fdiv.o)
    0x08006aa8   0x08006aa8   0x00000068   Code   RO          635    x$fpl$feqf          fz_ws.l(feqf.o)
    0x08006b10   0x08006b10   0x00000036   Code   RO          637    x$fpl$ffix          fz_ws.l(ffix.o)
    0x08006b46   0x08006b46   0x00000002   PAD
    0x08006b48   0x08006b48   0x00000030   Code   RO          646    x$fpl$fflt          fz_ws.l(fflt_clz.o)
    0x08006b78   0x08006b78   0x00000026   Code   RO          645    x$fpl$ffltu         fz_ws.l(fflt_clz.o)
    0x08006b9e   0x08006b9e   0x00000002   PAD
    0x08006ba0   0x08006ba0   0x00000068   Code   RO          651    x$fpl$fleqf         fz_ws.l(fleqf.o)
    0x08006c08   0x08006c08   0x00000102   Code   RO          653    x$fpl$fmul          fz_ws.l(fmul.o)
    0x08006d0a   0x08006d0a   0x0000008c   Code   RO          676    x$fpl$fnaninf       fz_ws.l(fnaninf.o)
    0x08006d96   0x08006d96   0x0000000a   Code   RO          678    x$fpl$fretinf       fz_ws.l(fretinf.o)
    0x08006da0   0x08006da0   0x00000062   Code   RO          655    x$fpl$frleqf        fz_ws.l(frleqf.o)
    0x08006e02   0x08006e02   0x00000014   Code   RO          626    x$fpl$frsb          fz_ws.l(faddsub_clz.o)
    0x08006e16   0x08006e16   0x00000002   PAD
    0x08006e18   0x08006e18   0x000000ea   Code   RO          627    x$fpl$fsub          fz_ws.l(faddsub_clz.o)
    0x08006f02   0x08006f02   0x00000000   Code   RO          682    x$fpl$usenofp       fz_ws.l(usenofp.o)
    0x08006f02   0x08006f02   0x00000002   PAD
    0x08006f04   0x08006f04   0x00000020   Data   RO          842    Region$$Table       anon$$obj.o


    Execution Region RW_IRAM1 (Exec base: 0x20000000, Load base: 0x08006f24, Size: 0x00000a18, Max: 0x00010000, ABSOLUTE)

    Exec Addr    Load Addr    Size         Type   Attr      Idx    E Section Name        Object

    0x20000000   0x08006f24   0x00000014   Data   RW           25    .data               system_stm32f10x.o
    0x20000014   0x08006f38   0x00000014   Data   RW          313    .data               stm32f10x_rcc.o
    0x20000028   0x08006f4c   0x00000028   Data   RW          405    .data               main.o
    0x20000050   0x08006f74   0x00000005   Data   RW          448    .data               stm32f10x_it.o
    0x20000055   0x08006f79   0x00000003   PAD
    0x20000058   0x08006f7c   0x00000018   Data   RW          550    .data               dbus.o
    0x20000070   0x08006f94   0x0000000c   Data   RW          572    .data               dji_motor.o
    0x2000007c        -       0x00000012   Zero   RW          522    .bss                bsp_uart.o
    0x2000008e        -       0x0000001d   Zero   RW          549    .bss                dbus.o
    0x200000ab   0x08006fa0   0x00000001   PAD
    0x200000ac        -       0x00000308   Zero   RW          571    .bss                dji_motor.o
    0x200003b4        -       0x00000060   Zero   RW          706    .bss                c_w.l(libspace.o)
    0x20000414   0x08006fa0   0x00000004   PAD
    0x20000418        -       0x00000200   Zero   RW            2    HEAP                startup_stm32f10x_hd.o
    0x20000618        -       0x00000400   Zero   RW            1    STACK               startup_stm32f10x_hd.o


==============================================================================

Image component sizes


      Code (inc. data)   RO Data    RW Data    ZI Data      Debug   Object Name

       332         10          0          0          0       1452   bsp_can.o
      2224         74          0          0         18       7958   bsp_uart.o
         0          0          0          0          0       4508   core_cm3.o
      1356        142          0         24         29       2999   dbus.o
      4016        282          0         12        776       9891   dji_motor.o
      1812        130          0         40          0       7079   main.o
       220         22          0          0          0       1957   misc.o
        64         26        304          0       1536        916   startup_stm32f10x_hd.o
      2904         46          0          0          0       9223   stm32f10x_can.o
       272         16          0          0          0      16495   stm32f10x_delay.o
       596          8          0          0          0       4522   stm32f10x_dma.o
       284         10          0          0          0       2415   stm32f10x_exti.o
      1568         42          0          0          0       7668   stm32f10x_gpio.o
       824         88          0          5          0       3383   stm32f10x_it.o
       932         36          0         20          0       9144   stm32f10x_rcc.o
      4594        126          0          0          0      24347   stm32f10x_tim.o
      1032         22          0          0          0       8636   stm32f10x_usart.o
       480         38          0         20          0     271435   system_stm32f10x.o

    ----------------------------------------------------------------------
     23512       1118        336        124       2360     394028   Object Totals
         0          0         32          0          0          0   (incl. Generated)
         2          0          0          3          1          0   (incl. Padding)

    ----------------------------------------------------------------------

      Code (inc. data)   RO Data    RW Data    ZI Data      Debug   Library Member Name

         8          0          0          0          0         68   __main.o
         0          0          0          0          0          0   __rtentry.o
        12          0          0          0          0          0   __rtentry2.o
         6          0          0          0          0          0   __rtentry4.o
        52          8          0          0          0          0   __scatter.o
        26          0          0          0          0          0   __scatter_copy.o
        28          0          0          0          0          0   __scatter_zi.o
        18          0          0          0          0         80   exit.o
         6          0          0          0          0        152   heapauxi.o
         0          0          0          0          0          0   indicate_semi.o
         2          0          0          0          0          0   libinit.o
         2          0          0          0          0          0   libinit2.o
         2          0          0          0          0          0   libshutdown.o
         2          0          0          0          0          0   libshutdown2.o
         8          4          0          0         96         68   libspace.o
        78          0          0          0          0         80   rt_memclr_w.o
         2          0          0          0          0          0   rtexit.o
        10          0          0          0          0          0   rtexit2.o
        12          4          0          0          0         68   sys_exit.o
        74          0          0          0          0         80   sys_stackheap_outer.o
         2          0          0          0          0         68   use_no_semi.o
        98          4          0          0          0         92   d2f.o
       804         16          0          0          0        272   daddsub_clz.o
        24          0          0          0          0         68   dcmpi.o
       688        140          0          0          0        208   ddiv.o
        84          0          0          0          0        136   dflt_clz.o
       120          4          0          0          0         92   dleqf.o
       340         12          0          0          0        104   dmul.o
       156          4          0          0          0         92   dnaninf.o
        12          0          0          0          0         68   dretinf.o
       108          0          0          0          0         80   drleqf.o
        86          4          0          0          0         84   f2d.o
       450          8          0          0          0        236   faddsub_clz.o
        24          0          0          0          0         68   fcmpi.o
       388         76          0          0          0         96   fdiv.o
       104          4          0          0          0         84   feqf.o
        54          4          0          0          0         84   ffix.o
        86          0          0          0          0        136   fflt_clz.o
       104          4          0          0          0         84   fleqf.o
       258          4          0          0          0         84   fmul.o
       140          4          0          0          0         84   fnaninf.o
        10          0          0          0          0         68   fretinf.o
        98          0          0          0          0         68   frleqf.o
         0          0          0          0          0          0   usenofp.o

    ----------------------------------------------------------------------
      4604        304          0          0        100       3052   Library Totals
        18          0          0          0          4          0   (incl. Padding)

    ----------------------------------------------------------------------

      Code (inc. data)   RO Data    RW Data    ZI Data      Debug   Library Name

       350         16          0          0         96        664   c_w.l
      4236        288          0          0          0       2388   fz_ws.l

    ----------------------------------------------------------------------
      4604        304          0          0        100       3052   Library Totals

    ----------------------------------------------------------------------

==============================================================================


      Code (inc. data)   RO Data    RW Data    ZI Data      Debug   

     28116       1422        336        124       2460     393644   Grand Totals
     28116       1422        336        124       2460     393644   ELF Image Totals
     28116       1422        336        124          0          0   ROM Totals

==============================================================================

    Total RO  Size (Code + RO Data)                28452 (  27.79kB)
    Total RW  Size (RW Data + ZI Data)              2584 (   2.52kB)
    Total ROM Size (Code + RO Data + RW Data)      28576 (  27.91kB)

==============================================================================

