Component: ARM Compiler 5.06 update 6 (build 750) Tool: armlink [4d35ed]

==============================================================================

Section Cross References

    startup_stm32f10x_hd.o(STACK) refers (Special) to heapauxi.o(.text) for __use_two_region_memory
    startup_stm32f10x_hd.o(HEAP) refers (Special) to heapauxi.o(.text) for __use_two_region_memory
    startup_stm32f10x_hd.o(RESET) refers (Special) to heapauxi.o(.text) for __use_two_region_memory
    startup_stm32f10x_hd.o(RESET) refers to startup_stm32f10x_hd.o(STACK) for __initial_sp
    startup_stm32f10x_hd.o(RESET) refers to startup_stm32f10x_hd.o(.text) for Reset_Handler
    startup_stm32f10x_hd.o(RESET) refers to stm32f10x_it.o(.text) for NMI_Handler
    startup_stm32f10x_hd.o(.text) refers (Special) to heapauxi.o(.text) for __use_two_region_memory
    startup_stm32f10x_hd.o(.text) refers to system_stm32f10x.o(.text) for SystemInit
    startup_stm32f10x_hd.o(.text) refers to __main.o(!!!main) for __main
    startup_stm32f10x_hd.o(.text) refers to startup_stm32f10x_hd.o(HEAP) for Heap_Mem
    startup_stm32f10x_hd.o(.text) refers to startup_stm32f10x_hd.o(STACK) for Stack_Mem
    system_stm32f10x.o(.text) refers to system_stm32f10x.o(.data) for SystemCoreClock
    stm32f10x_adc.o(.text) refers to stm32f10x_rcc.o(.text) for RCC_AHBPeriphClockCmd
    stm32f10x_adc.o(.text) refers to stm32f10x_gpio.o(.text) for GPIO_Init
    stm32f10x_adc.o(.text) refers to stm32f10x_dma.o(.text) for DMA_DeInit
    stm32f10x_adc.o(.text) refers to main.o(.data) for ADC_ConvertedValue
    stm32f10x_bkp.o(.text) refers to stm32f10x_rcc.o(.text) for RCC_BackupResetCmd
    stm32f10x_can.o(.text) refers to stm32f10x_rcc.o(.text) for RCC_APB1PeriphResetCmd
    stm32f10x_can.o(.text) refers to stm32f10x_gpio.o(.text) for GPIO_PinRemapConfig
    stm32f10x_can.o(.text) refers to misc.o(.text) for NVIC_PriorityGroupConfig
    stm32f10x_cec.o(.text) refers to stm32f10x_rcc.o(.text) for RCC_APB1PeriphResetCmd
    stm32f10x_dac.o(.text) refers to stm32f10x_rcc.o(.text) for RCC_APB2PeriphClockCmd
    stm32f10x_dac.o(.text) refers to stm32f10x_gpio.o(.text) for GPIO_Init
    stm32f10x_dac.o(.text) refers to stm32f10x_tim.o(.text) for TIM_TimeBaseInit
    stm32f10x_dac.o(.text) refers to stm32f10x_dma.o(.text) for DMA_Init
    stm32f10x_gpio.o(.text) refers to stm32f10x_rcc.o(.text) for RCC_APB2PeriphClockCmd
    stm32f10x_gpio.o(.text) refers to misc.o(.text) for NVIC_PriorityGroupConfig
    stm32f10x_gpio.o(.text) refers to stm32f10x_exti.o(.text) for EXTI_Init
    stm32f10x_i2c.o(.text) refers to stm32f10x_rcc.o(.text) for RCC_GetClocksFreq
    stm32f10x_i2c.o(.text) refers to stm32f10x_gpio.o(.text) for GPIO_Init
    stm32f10x_pwr.o(.text) refers to stm32f10x_rcc.o(.text) for RCC_APB1PeriphResetCmd
    stm32f10x_rcc.o(.text) refers to stm32f10x_rcc.o(.data) for APBAHBPrescTable
    stm32f10x_spi.o(.text) refers to stm32f10x_rcc.o(.text) for RCC_APB2PeriphClockCmd
    stm32f10x_spi.o(.text) refers to stm32f10x_gpio.o(.text) for GPIO_Init
    stm32f10x_tim.o(.text) refers to misc.o(.text) for NVIC_PriorityGroupConfig
    stm32f10x_tim.o(.text) refers to stm32f10x_rcc.o(.text) for RCC_APB1PeriphClockCmd
    stm32f10x_usart.o(.text) refers to stm32f10x_rcc.o(.text) for RCC_APB2PeriphResetCmd
    stm32f10x_wwdg.o(.text) refers to stm32f10x_rcc.o(.text) for RCC_APB1PeriphResetCmd
    main.o(.text) refers to stm32f10x_delay.o(.text) for SysTick_Init
    main.o(.text) refers to stm32f10x_rcc.o(.text) for RCC_APB2PeriphClockCmd
    main.o(.text) refers to stm32f10x_gpio.o(.text) for GPIO_PinRemapConfig
    main.o(.text) refers to mick_io.o(.text) for Init_Mick_GPIO
    main.o(.text) refers to bsp_uart.o(.text) for My_Config_USART_Init
    main.o(.text) refers to bsp_can.o(.text) for CAN_Config
    main.o(.text) refers to dji_motor.o(.text) for DJI_Motor_Init
    main.o(.text) refers to stm32f10x_tim.o(.text) for Timer_2to7_counter_Generalfuncation
    main.o(.text) refers to dbus.o(.text) for RC_Upload_Message
    main.o(.text) refers to mick_io.o(.data) for Code_Switch_Value
    main.o(.text) refers to dbus.o(.bss) for rc
    main.o(.text) refers to main.o(.data) for Timer2_Counter2
    main.o(.text) refers to dji_motor.o(.bss) for recived_cmd
    stm32f10x_it.o(.text) refers to stm32f10x_tim.o(.text) for TIM_GetITStatus
    stm32f10x_it.o(.text) refers to dji_motor.o(.text) for Mecanum_Wheel_Rpm_Model
    stm32f10x_it.o(.text) refers to imu.o(.text) for IMU_Routing
    stm32f10x_it.o(.text) refers to stm32f10x_usart.o(.text) for USART_GetITStatus
    stm32f10x_it.o(.text) refers to bsp_uart.o(.text) for UART_send_char
    stm32f10x_it.o(.text) refers to stm32f10x_gpio.o(.text) for GPIO_Flip_level
    stm32f10x_it.o(.text) refers to stm32f10x_exti.o(.text) for EXTI_GetITStatus
    stm32f10x_it.o(.text) refers to stm32f10x_dma.o(.text) for DMA_GetFlagStatus
    stm32f10x_it.o(.text) refers to dbus.o(.text) for RC_Callback_Handler
[...]
    .data                                    0x20000028   Section       32  main.o(.data)
    .data                                    0x20000048   Section        6  stm32f10x_it.o(.data)
    .data                                    0x20000050   Section       24  dbus.o(.data)
    .data                                    0x20000068   Section       12  dji_motor.o(.data)
    i                                        0x20000073   Data           1  dji_motor.o(.data)
    .data                                    0x20000074   Section      108  mpu9250.o(.data)
    .data                                    0x200000e0   Section       66  hmc5883.o(.data)
    .data                                    0x20000122   Section       72  mpu6050.o(.data)
    .data                                    0x2000016c   Section       36  imu.o(.data)
    imu_timers                               0x2000016c   Data           1  imu.o(.data)
    IMU_upload_counter                       0x2000018c   Data           4  imu.o(.data)
    .data                                    0x20000190   Section        8  mick_io.o(.data)
    IO_upload_counter                        0x20000194   Data           4  mick_io.o(.data)
    .bss                                     0x20000198   Section       25  bsp_uart.o(.bss)
    .bss                                     0x200001b1   Section       54  dbus.o(.bss)
    .bss                                     0x200001e8   Section      776  dji_motor.o(.bss)
    .bss                                     0x200004f0   Section       10  mpu9250.o(.bss)
    .bss                                     0x200004fc   Section      104  imu.o(.bss)
    .bss                                     0x20000564   Section       96  libspace.o(.bss)
    HEAP                                     0x200005c8   Section      512  startup_stm32f10x_hd.o(HEAP)
    Heap_Mem                                 0x200005c8   Data         512  startup_stm32f10x_hd.o(HEAP)
    STACK                                    0x200007c8   Section     1024  startup_stm32f10x_hd.o(STACK)
    Stack_Mem                                0x200007c8   Data        1024  startup_stm32f10x_hd.o(STACK)
    __initial_sp                             0x20000bc8   Data           0  startup_stm32f10x_hd.o(STACK)

    Global Symbols

    Symbol Name                              Value     Ov Type        Size  Object(Section)

    BuildAttributes$$THM_ISAv4$P$D$K$B$S$PE$A:L22UL41UL21$X:L11$S22US41US21$IEEE1$IW$USESV6$~STKCKD$USESV7$~SHL$OTIME$ROPI$IEEEX$EBA8$UX$STANDARDLIB$REQ8$PRES8$EABIv2 0x00000000   Number         0  anon$$obj.o ABSOLUTE
    __ARM_use_no_argv                        0x00000000   Number         0  main.o ABSOLUTE
    __ARM_exceptions_init                     - Undefined Weak Reference
    __alloca_initialize                       - Undefined Weak Reference
    __arm_preinit_                            - Undefined Weak Reference
    __cpp_initialize__aeabi_                  - Undefined Weak Reference
    __cxa_finalize                            - Undefined Weak Reference
    __rt_locale                               - Undefined Weak Reference
    __sigvec_lookup                           - Undefined Weak Reference
    _atexit_init                              - Undefined Weak Reference
    _call_atexit_fns                          - Undefined Weak Reference
    _clock_init                               - Undefined Weak Reference
    _fp_trap_init                             - Undefined Weak Reference
    _fp_trap_shutdown                         - Undefined Weak Reference
    _get_lc_collate                           - Undefined Weak Reference
    _get_lc_ctype                             - Undefined Weak Reference
    _get_lc_monetary                          - Undefined Weak Reference
    _get_lc_numeric                           - Undefined Weak Reference
    _get_lc_time                              - Undefined Weak Reference
    _getenv_init                              - Undefined Weak Reference
    _handle_redirection                       - Undefined Weak Reference
    _init_alloc                               - Undefined Weak Reference
    _init_user_alloc                          - Undefined Weak Reference
    _initio                                   - Undefined Weak Reference
    _rand_init                                - Undefined Weak Reference
    _signal_finish                            - Undefined Weak Reference
    _signal_init                              - Undefined Weak Reference
    _terminate_alloc                          - Undefined Weak Reference
    _terminate_user_alloc                     - Undefined Weak Reference
    _terminateio                              - Undefined Weak Reference
    __Vectors_Size                           0x00000130   Number         0  startup_stm32f10x_hd.o ABSOLUTE
    __Vectors                                0x08000000   Data           4  startup_stm32f10x_hd.o(RESET)
    __Vectors_End                            0x08000130   Data           0  startup_stm32f10x_hd.o(RESET)
    __main                                   0x08000131   Thumb Code     8  __main.o(!!!main)
    __scatterload                            0x08000139   Thumb Code     0  __scatter.o(!!!scatter)
    __scatterload_rt2                        0x08000139   Thumb Code    44  __scatter.o(!!!scatter)
    __scatterload_rt2_thumb_only             0x08000139   Thumb Code     0  __scatter.o(!!!scatter)
    __scatterload_null                       0x08000147   Thumb Code     0  __scatter.o(!!!scatter)
    __decompress                             0x0800016d   Thumb Code    90  __dczerorl2.o(!!dczerorl2)
    __decompress1                            0x0800016d   Thumb Code     0  __dczerorl2.o(!!dczerorl2)
    __scatterload_zeroinit                   0x080001c9   Thumb Code    28  __scatter_zi.o(!!handler_zi)
    __rt_lib_init                            0x080001e5   Thumb Code     0  libinit.o(.ARM.Collect$$libinit$$00000000)
    __rt_lib_init_alloca_1                   0x080001e7   Thumb Code     0  libinit2.o(.ARM.Collect$$libinit$$0000002E)
    __rt_lib_init_argv_1                     0x080001e7   Thumb Code     0  libinit2.o(.ARM.Collect$$libinit$$0000002C)
    __rt_lib_init_atexit_1                   0x080001e7   Thumb Code     0  libinit2.o(.ARM.Collect$$libinit$$0000001B)
    __rt_lib_init_clock_1                    0x080001e7   Thumb Code     0  libinit2.o(.ARM.Collect$$libinit$$00000021)
    __rt_lib_init_cpp_1                      0x080001e7   Thumb Code     0  libinit2.o(.ARM.Collect$$libinit$$00000032)
    __rt_lib_init_exceptions_1               0x080001e7   Thumb Code     0  libinit2.o(.ARM.Collect$$libinit$$00000030)
    __rt_lib_init_fp_1                       0x080001e7   Thumb Code     0  libinit2.o(.ARM.Collect$$libinit$$00000002)
    __rt_lib_init_fp_trap_1                  0x080001e7   Thumb Code     0  libinit2.o(.ARM.Collect$$libinit$$0000001F)
    __rt_lib_init_getenv_1                   0x080001e7   Thumb Code     0  libinit2.o(.ARM.Collect$$libinit$$00000023)
    __rt_lib_init_heap_1                     0x080001e7   Thumb Code     0  libinit2.o(.ARM.Collect$$libinit$$0000000A)
    __rt_lib_init_lc_collate_1               0x080001e7   Thumb Code     0  libinit2.o(.ARM.Collect$$libinit$$00000011)
    __rt_lib_init_lc_ctype_1                 0x080001e7   Thumb Code     0  libinit2.o(.ARM.Collect$$libinit$$00000013)
    __rt_lib_init_lc_monetary_1              0x080001e7   Thumb Code     0  libinit2.o(.ARM.Collect$$libinit$$00000015)
    __rt_lib_init_lc_numeric_1               0x080001e7   Thumb Code     0  libinit2.o(.ARM.Collect$$libinit$$00000017)
    __rt_lib_init_lc_time_1                  0x080001e7   Thumb Code     0  libinit2.o(.ARM.Collect$$libinit$$00000019)
    __rt_lib_init_preinit_1                  0x080001e7   Thumb Code     0  libinit2.o(.ARM.Collect$$libinit$$00000004)
    __rt_lib_init_rand_1                     0x080001e7   Thumb Code     0  libinit2.o(.ARM.Collect$$libinit$$0000000E)
    __rt_lib_init_return                     0x080001e7   Thumb Code     0  libinit2.o(.ARM.Collect$$libinit$$00000033)
    __rt_lib_init_signal_1                   0x080001e7   Thumb Code     0  libinit2.o(.ARM.Collect$$libinit$$0000001D)
    __rt_lib_init_stdio_1                    0x080001e7   Thumb Code     0  libinit2.o(.ARM.Collect$$libinit$$00000025)
    __rt_lib_init_user_alloc_1               0x080001e7   Thumb Code     0  libinit2.o(.ARM.Collect$$libinit$$0000000C)
    __rt_lib_shutdown                        0x080001e9   Thumb Code     0  libshutdown.o(.ARM.Collect$$libshutdown$$00000000)
    __rt_lib_shutdown_cpp_1                  0x080001eb   Thumb Code     0  libshutdown2.o(.ARM.Collect$$libshutdown$$00000002)
    __rt_lib_shutdown_fp_trap_1              0x080001eb   Thumb Code     0  libshutdown2.o(.ARM.Collect$$libshutdown$$00000007)
    __rt_lib_shutdown_heap_1                 0x080001eb   Thumb Code     0  libshutdown2.o(.ARM.Collect$$libshutdown$$0000000F)
    __rt_lib_shutdown_return                 0x080001eb   Thumb Code     0  libshutdown2.o(.ARM.Collect$$libshutdown$$00000010)
    __rt_lib_shutdown_signal_1               0x080001eb   Thumb Code     0  libshutdown2.o(.ARM.Collect$$libshutdown$$0000000A)
    __rt_lib_shutdown_stdio_1                0x080001eb   Thumb Code     0  libshutdown2.o(.ARM.Collect$$libshutdown$$00000004)
    __rt_lib_shutdown_user_alloc_1           0x080001eb   Thumb Code     0  libshutdown2.o(.ARM.Collect$$libshutdown$$0000000C)
    __rt_entry                               0x080001ed   Thumb Code     0  __rtentry.o(.ARM.Collect$$rtentry$$00000000)
    __rt_entry_presh_1                       0x080001ed   Thumb Code     0  __rtentry2.o(.ARM.Collect$$rtentry$$00000002)
    __rt_entry_sh                            0x080001ed   Thumb Code     0  __rtentry4.o(.ARM.Collect$$rtentry$$00000004)
    __rt_entry_li                            0x080001f3   Thumb Code     0  __rtentry2.o(.ARM.Collect$$rtentry$$0000000A)
    __rt_entry_postsh_1                      0x080001f3   Thumb Code     0  __rtentry2.o(.ARM.Collect$$rtentry$$00000009)
    __rt_entry_main                          0x080001f7   Thumb Code     0  __rtentry2.o(.ARM.Collect$$rtentry$$0000000D)
    __rt_entry_postli_1                      0x080001f7   Thumb Code     0  __rtentry2.o(.ARM.Collect$$rtentry$$0000000C)
    __rt_exit                                0x080001ff   Thumb Code     0  rtexit.o(.ARM.Collect$$rtexit$$00000000)
    __rt_exit_ls                             0x08000201   Thumb Code     0  rtexit2.o(.ARM.Collect$$rtexit$$00000003)
    __rt_exit_prels_1                        0x08000201   Thumb Code     0  rtexit2.o(.ARM.Collect$$rtexit$$00000002)
    __rt_exit_exit                           0x08000205   Thumb Code     0  rtexit2.o(.ARM.Collect$$rtexit$$00000004)
    Reset_Handler                            0x0800020d   Thumb Code     8  startup_stm32f10x_hd.o(.text)
    ADC1_2_IRQHandler                        0x08000227   Thumb Code     0  startup_stm32f10x_hd.o(.text)
    ADC3_IRQHandler                          0x08000227   Thumb Code     0  startup_stm32f10x_hd.o(.text)
    CAN1_RX1_IRQHandler                      0x08000227   Thumb Code     0  startup_stm32f10x_hd.o(.text)
    CAN1_SCE_IRQHandler                      0x08000227   Thumb Code     0  startup_stm32f10x_hd.o(.text)
    DMA1_Channel1_IRQHandler                 0x08000227   Thumb Code     0  startup_stm32f10x_hd.o(.text)
    DMA1_Channel2_IRQHandler                 0x08000227   Thumb Code     0  startup_stm32f10x_hd.o(.text)
    DMA1_Channel3_IRQHandler                 0x08000227   Thumb Code     0  startup_stm32f10x_hd.o(.text)
    DMA1_Channel4_IRQHandler                 0x08000227   Thumb Code     0  startup_stm32f10x_hd.o(.text)
    DMA1_Channel6_IRQHandler                 0x08000227   Thumb Code     0  startup_stm32f10x_hd.o(.text)
    DMA1_Channel7_IRQHandler                 0x08000227   Thumb Code     0  startup_stm32f10x_hd.o(.text)
    DMA2_Channel1_IRQHandler                 0x08000227   Thumb Code     0  startup_stm32f10x_hd.o(.text)
    DMA2_Channel2_IRQHandler                 0x08000227   Thumb Code     0  startup_stm32f10x_hd.o(.text)
    DMA2_Channel3_IRQHandler                 0x08000227   Thumb Code     0  startup_stm32f10x_hd.o(.text)
    DMA2_Channel4_5_IRQHandler               0x08000227   Thumb Code     0  startup_stm32f10x_hd.o(.text)
    EXTI15_10_IRQHandler                     0x08000227   Thumb Code     0  startup_stm32f10x_hd.o(.text)
    EXTI1_IRQHandler                         0x08000227   Thumb Code     0  startup_stm32f10x_hd.o(.text)
    EXTI2_IRQHandler                         0x08000227   Thumb Code     0  startup_stm32f10x_hd.o(.text)
    EXTI3_IRQHandler                         0x08000227   Thumb Code     0  startup_stm32f10x_hd.o(.text)
    EXTI4_IRQHandler                         0x08000227   Thumb Code     0  startup_stm32f10x_hd.o(.text)
    FLASH_IRQHandler                         0x08000227   Thumb Code     0  startup_stm32f10x_hd.o(.text)
    FSMC_IRQHandler                          0x08000227   Thumb Code     0  startup_stm32f10x_hd.o(.text)
    I2C1_ER_IRQHandler                       0x08000227   Thumb Code     0  startup_stm32f10x_hd.o(.text)
    I2C1_EV_IRQHandler                       0x08000227   Thumb Code     0  startup_stm32f10x_hd.o(.text)
    I2C2_ER_IRQHandler                       0x08000227   Thumb Code     0  startup_stm32f10x_hd.o(.text)
    I2C2_EV_IRQHandler                       0x08000227   Thumb Code     0  startup_stm32f10x_hd.o(.text)
    PVD_IRQHandler                           0x08000227   Thumb Code     0  startup_stm32f10x_hd.o(.text)
    RCC_IRQHandler                           0x08000227   Thumb Code     0  startup_stm32f10x_hd.o(.text)
    RTCAlarm_IRQHandler                      0x08000227   Thumb Code     0  startup_stm32f10x_hd.o(.text)
    RTC_IRQHandler                           0x08000227   Thumb Code     0  startup_stm32f10x_hd.o(.text)
    SPI1_IRQHandler                          0x08000227   Thumb Code     0  startup_stm32f10x_hd.o(.text)
    SPI2_IRQHandler                          0x08000227   Thumb Code     0  startup_stm32f10x_hd.o(.text)
    SPI3_IRQHandler                          0x08000227   Thumb Code     0  startup_stm32f10x_hd.o(.text)
    TAMPER_IRQHandler                        0x08000227   Thumb Code     0  startup_stm32f10x_hd.o(.text)
    TIM1_BRK_IRQHandler                      0x08000227   Thumb Code     0  startup_stm32f10x_hd.o(.text)
    TIM1_CC_IRQHandler                       0x08000227   Thumb Code     0  startup_stm32f10x_hd.o(.text)
    TIM1_TRG_COM_IRQHandler                  0x08000227   Thumb Code     0  startup_stm32f10x_hd.o(.text)
    TIM1_UP_IRQHandler                       0x08000227   Thumb Code     0  startup_stm32f10x_hd.o(.text)
    TIM4_IRQHandler                          0x08000227   Thumb Code     0  startup_stm32f10x_hd.o(.text)
    TIM5_IRQHandler                          0x08000227   Thumb Code     0  startup_stm32f10x_hd.o(.text)
    TIM6_IRQHandler                          0x08000227   Thumb Code     0  startup_stm32f10x_hd.o(.text)
    TIM7_IRQHandler                          0x08000227   Thumb Code     0  startup_stm32f10x_hd.o(.text)
    TIM8_BRK_IRQHandler                      0x08000227   Thumb Code     0  startup_stm32f10x_hd.o(.text)
    TIM8_CC_IRQHandler                       0x08000227   Thumb Code     0  startup_stm32f10x_hd.o(.text)
    TIM8_TRG_COM_IRQHandler                  0x08000227   Thumb Code     0  startup_stm32f10x_hd.o(.text)
    TIM8_UP_IRQHandler                       0x08000227   Thumb Code     0  startup_stm32f10x_hd.o(.text)
    UART4_IRQHandler                         0x08000227   Thumb Code     0  startup_stm32f10x_hd.o(.text)
    UART5_IRQHandler                         0x08000227   Thumb Code     0  startup_stm32f10x_hd.o(.text)
    USBWakeUp_IRQHandler                     0x08000227   Thumb Code     0  startup_stm32f10x_hd.o(.text)
    USB_HP_CAN1_TX_IRQHandler                0x08000227   Thumb Code     0  startup_stm32f10x_hd.o(.text)
    WWDG_IRQHandler                          0x08000227   Thumb Code     0  startup_stm32f10x_hd.o(.text)
    __user_initial_stackheap                 0x08000229   Thumb Code     0  startup_stm32f10x_hd.o(.text)
    SystemInit                               0x0800032b   Thumb Code    78  system_stm32f10x.o(.text)
    SystemCoreClockUpdate                    0x08000379   Thumb Code   142  system_stm32f10x.o(.text)
    NVIC_PriorityGroupConfig                 0x0800042d   Thumb Code    10  misc.o(.text)
    NVIC_Init                                0x08000437   Thumb Code   100  misc.o(.text)
    NVIC_SetVectorTable                      0x0800049b   Thumb Code    14  misc.o(.text)
    NVIC_SystemLPConfig                      0x080004a9   Thumb Code    34  misc.o(.text)
    SysTick_CLKSourceConfig                  0x080004cb   Thumb Code    40  misc.o(.text)
    CAN_ITConfig                             0x08000509   Thumb Code    18  stm32f10x_can.o(.text)
    CAN_FilterInit                           0x0800051b   Thumb Code   258  stm32f10x_can.o(.text)
    CAN_Init                                 0x0800061d   Thumb Code   276  stm32f10x_can.o(.text)
    CAN_StructInit                           0x08000731   Thumb Code    32  stm32f10x_can.o(.text)
    CAN_DeInit                               0x08000751   Thumb Code    50  stm32f10x_can.o(.text)
    STM32_CAN_Commun_Config                  0x08000783   Thumb Code   284  stm32f10x_can.o(.text)
    CAN_Transmit                             0x0800089f   Thumb Code   306  stm32f10x_can.o(.text)
    STM32_CAN_Transmit                       0x080009d1   Thumb Code    70  stm32f10x_can.o(.text)
    CAN_SlaveStartBank                       0x08000a17   Thumb Code    48  stm32f10x_can.o(.text)
    CAN_DBGFreeze                            0x08000a47   Thumb Code    22  stm32f10x_can.o(.text)
    CAN_TTComModeCmd                         0x08000a5d   Thumb Code   118  stm32f10x_can.o(.text)
    CAN_TransmitStatus                       0x08000ad3   Thumb Code   138  stm32f10x_can.o(.text)
    CAN_CancelTransmit                       0x08000b5d   Thumb Code    48  stm32f10x_can.o(.text)
    CAN_Receive                              0x08000b8d   Thumb Code   240  stm32f10x_can.o(.text)
    CAN_FIFORelease                          0x08000c7d   Thumb Code    22  stm32f10x_can.o(.text)
    CAN_MessagePending                       0x08000c93   Thumb Code    30  stm32f10x_can.o(.text)
    CAN_OperatingModeRequest                 0x08000cb1   Thumb Code   162  stm32f10x_can.o(.text)
    CAN_Sleep                                0x08000d53   Thumb Code    30  stm32f10x_can.o(.text)
    CAN_WakeUp                               0x08000d71   Thumb Code    48  stm32f10x_can.o(.text)
    CAN_GetLastErrorCode                     0x08000da1   Thumb Code    12  stm32f10x_can.o(.text)
    CAN_GetReceiveErrorCounter               0x08000dad   Thumb Code    10  stm32f10x_can.o(.text)
    CAN_GetLSBTransmitErrorCounter           0x08000db7   Thumb Code    12  stm32f10x_can.o(.text)
    CAN_GetFlagStatus                        0x08000dc3   Thumb Code   144  stm32f10x_can.o(.text)
    CAN_ClearFlag                            0x08000e53   Thumb Code    52  stm32f10x_can.o(.text)
    CAN_GetITStatus                          0x08000e99   Thumb Code   284  stm32f10x_can.o(.text)
    CAN_ClearITPendingBit                    0x08000fb5   Thumb Code   162  stm32f10x_can.o(.text)
    DMA_DeInit                               0x08001061   Thumb Code   324  stm32f10x_dma.o(.text)
    DMA_Init                                 0x080011a5   Thumb Code    60  stm32f10x_dma.o(.text)
    DMA_StructInit                           0x080011e1   Thumb Code    26  stm32f10x_dma.o(.text)
    DMA_Cmd                                  0x080011fb   Thumb Code    24  stm32f10x_dma.o(.text)
    DMA_ITConfig                             0x08001213   Thumb Code    18  stm32f10x_dma.o(.text)
    DMA_SetCurrDataCounter                   0x08001225   Thumb Code     4  stm32f10x_dma.o(.text)
    DMA_GetCurrDataCounter                   0x08001229   Thumb Code     8  stm32f10x_dma.o(.text)
    DMA_GetFlagStatus                        0x08001231   Thumb Code    40  stm32f10x_dma.o(.text)
    DMA_ClearFlag                            0x08001259   Thumb Code    22  stm32f10x_dma.o(.text)
    DMA_GetITStatus                          0x0800126f   Thumb Code    40  stm32f10x_dma.o(.text)
    DMA_ClearITPendingBit                    0x08001297   Thumb Code    22  stm32f10x_dma.o(.text)
    EXTI_DeInit                              0x080012b5   Thumb Code    28  stm32f10x_exti.o(.text)
    EXTI_Init                                0x080012d1   Thumb Code   142  stm32f10x_exti.o(.text)
    EXTI_StructInit                          0x0800135f   Thumb Code    16  stm32f10x_exti.o(.text)
    EXTI_GenerateSWInterrupt                 0x0800136f   Thumb Code    16  stm32f10x_exti.o(.text)
    EXTI_GetFlagStatus                       0x0800137f   Thumb Code    22  stm32f10x_exti.o(.text)
    EXTI_ClearFlag                           0x08001395   Thumb Code     8  stm32f10x_exti.o(.text)
    EXTI_GetITStatus                         0x0800139d   Thumb Code    34  stm32f10x_exti.o(.text)
    EXTI_ClearITPendingBit                   0x080013bf   Thumb Code     8  stm32f10x_exti.o(.text)
    GPIO_SetBits                             0x080013d1   Thumb Code     4  stm32f10x_gpio.o(.text)
    GPIO_Init                                0x080013d5   Thumb Code   278  stm32f10x_gpio.o(.text)
    My_GPIO_Init                             0x080014eb   Thumb Code   152  stm32f10x_gpio.o(.text)
    GPIO_Flip_level                          0x08001583   Thumb Code     8  stm32f10x_gpio.o(.text)
    GPIO_EXTILineConfig                      0x0800158b   Thumb Code    60  stm32f10x_gpio.o(.text)
    My_GPIO_Exit_Init                        0x080015c7   Thumb Code   550  stm32f10x_gpio.o(.text)
    GPIO_DeInit                              0x080017ed   Thumb Code   172  stm32f10x_gpio.o(.text)
    GPIO_AFIODeInit                          0x08001899   Thumb Code    20  stm32f10x_gpio.o(.text)
    GPIO_StructInit                          0x080018ad   Thumb Code    16  stm32f10x_gpio.o(.text)
    GPIO_ReadInputDataBit                    0x080018bd   Thumb Code    18  stm32f10x_gpio.o(.text)
    GPIO_ReadInputData                       0x080018cf   Thumb Code    42  stm32f10x_gpio.o(.text)
    GPIO_ReadOutputDataBit                   0x080018f9   Thumb Code    18  stm32f10x_gpio.o(.text)
    GPIO_ReadOutputData                      0x0800190b   Thumb Code     8  stm32f10x_gpio.o(.text)
    GPIO_ResetBits                           0x08001913   Thumb Code     4  stm32f10x_gpio.o(.text)
    GPIO_WriteBit                            0x08001917   Thumb Code    10  stm32f10x_gpio.o(.text)
    GPIO_Write                               0x08001921   Thumb Code     4  stm32f10x_gpio.o(.text)
    GPIO_PinLockConfig                       0x08001925   Thumb Code    18  stm32f10x_gpio.o(.text)
    GPIO_EventOutputConfig                   0x08001937   Thumb Code    26  stm32f10x_gpio.o(.text)
    GPIO_EventOutputCmd                      0x08001951   Thumb Code     6  stm32f10x_gpio.o(.text)
    GPIO_PinRemapConfig                      0x08001957   Thumb Code   138  stm32f10x_gpio.o(.text)
    GPIO_ETH_MediaInterfaceConfig            0x080019e1   Thumb Code     8  stm32f10x_gpio.o(.text)
    I2C_ITConfig                             0x080019f1   Thumb Code    18  stm32f10x_i2c.o(.text)
    I2C_Cmd                                  0x08001a03   Thumb Code    24  stm32f10x_i2c.o(.text)
    I2C_Init                                 0x08001a1b   Thumb Code   222  stm32f10x_i2c.o(.text)
    I2C_STM32_Config_Init                    0x08001af9   Thumb Code   128  stm32f10x_i2c.o(.text)
    I2C_GenerateSTOP                         0x08001b79   Thumb Code    24  stm32f10x_i2c.o(.text)
    I2C_ClearFlag                            0x08001b91   Thumb Code    12  stm32f10x_i2c.o(.text)
    I2C_CheckEvent                           0x08001b9d   Thumb Code    42  stm32f10x_i2c.o(.text)
    I2C_SendData                             0x08001bc7   Thumb Code     4  stm32f10x_i2c.o(.text)
    I2C_Send7bitAddress                      0x08001bcb   Thumb Code    18  stm32f10x_i2c.o(.text)
    I2C_GenerateSTART                        0x08001bdd   Thumb Code    24  stm32f10x_i2c.o(.text)
    I2C_GetFlagStatus                        0x08001bf5   Thumb Code    58  stm32f10x_i2c.o(.text)
    I2C_STM32_Write_one_Byte                 0x08001c2f   Thumb Code   146  stm32f10x_i2c.o(.text)
    I2C_STM32_Write_Bytes                    0x08001cc1   Thumb Code   156  stm32f10x_i2c.o(.text)
    I2C_AcknowledgeConfig                    0x08001d5d   Thumb Code    24  stm32f10x_i2c.o(.text)
    I2C_ReceiveData                          0x08001d75   Thumb Code     8  stm32f10x_i2c.o(.text)
    I2C_STM32_Read_Bytes                     0x08001d7d   Thumb Code   252  stm32f10x_i2c.o(.text)
    I2C_STM32_Read_one_Byte                  0x08001e79   Thumb Code   182  stm32f10x_i2c.o(.text)
    I2C_DeInit                               0x08001f2f   Thumb Code    50  stm32f10x_i2c.o(.text)
    I2C_StructInit                           0x08001f61   Thumb Code    30  stm32f10x_i2c.o(.text)
    I2C_DMACmd                               0x08001f7f   Thumb Code    24  stm32f10x_i2c.o(.text)
    I2C_DMALastTransferCmd                   0x08001f97   Thumb Code    24  stm32f10x_i2c.o(.text)
    I2C_OwnAddress2Config                    0x08001faf   Thumb Code    22  stm32f10x_i2c.o(.text)
    I2C_DualAddressCmd                       0x08001fc5   Thumb Code    24  stm32f10x_i2c.o(.text)
    I2C_GeneralCallCmd                       0x08001fdd   Thumb Code    24  stm32f10x_i2c.o(.text)
    I2C_ReadRegister                         0x08001ff5   Thumb Code    22  stm32f10x_i2c.o(.text)
    I2C_SoftwareResetCmd                     0x0800200b   Thumb Code    22  stm32f10x_i2c.o(.text)
    I2C_NACKPositionConfig                   0x08002021   Thumb Code    28  stm32f10x_i2c.o(.text)
    I2C_SMBusAlertConfig                     0x0800203d   Thumb Code    28  stm32f10x_i2c.o(.text)
    I2C_TransmitPEC                          0x08002059   Thumb Code    24  stm32f10x_i2c.o(.text)
    I2C_PECPositionConfig                    0x08002071   Thumb Code    28  stm32f10x_i2c.o(.text)
    I2C_CalculatePEC                         0x0800208d   Thumb Code    24  stm32f10x_i2c.o(.text)
    I2C_GetPEC                               0x080020a5   Thumb Code     8  stm32f10x_i2c.o(.text)
    I2C_ARPCmd                               0x080020ad   Thumb Code    24  stm32f10x_i2c.o(.text)
    I2C_StretchClockCmd                      0x080020c5   Thumb Code    24  stm32f10x_i2c.o(.text)
    I2C_FastModeDutyCycleConfig              0x080020dd   Thumb Code    28  stm32f10x_i2c.o(.text)
    I2C_GetLastEvent                         0x080020f9   Thumb Code    26  stm32f10x_i2c.o(.text)
    I2C_GetITStatus                          0x08002113   Thumb Code    38  stm32f10x_i2c.o(.text)
    I2C_ClearITPendingBit                    0x08002139   Thumb Code    12  stm32f10x_i2c.o(.text)
    RCC_DeInit                               0x08002151   Thumb Code    64  stm32f10x_rcc.o(.text)
    RCC_HSEConfig                            0x08002191   Thumb Code    70  stm32f10x_rcc.o(.text)
    RCC_GetFlagStatus                        0x080021d7   Thumb Code    56  stm32f10x_rcc.o(.text)
    RCC_WaitForHSEStartUp                    0x0800220f   Thumb Code    56  stm32f10x_rcc.o(.text)
    RCC_AdjustHSICalibrationValue            0x08002247   Thumb Code    20  stm32f10x_rcc.o(.text)
    RCC_HSICmd                               0x0800225b   Thumb Code     6  stm32f10x_rcc.o(.text)
    RCC_PLLConfig                            0x08002261   Thumb Code    24  stm32f10x_rcc.o(.text)
    RCC_PLLCmd                               0x08002279   Thumb Code     6  stm32f10x_rcc.o(.text)
    RCC_SYSCLKConfig                         0x0800227f   Thumb Code    18  stm32f10x_rcc.o(.text)
    RCC_GetSYSCLKSource                      0x08002291   Thumb Code    10  stm32f10x_rcc.o(.text)
    RCC_HCLKConfig                           0x0800229b   Thumb Code    18  stm32f10x_rcc.o(.text)
    RCC_PCLK1Config                          0x080022ad   Thumb Code    18  stm32f10x_rcc.o(.text)
    RCC_PCLK2Config                          0x080022bf   Thumb Code    20  stm32f10x_rcc.o(.text)
    RCC_ITConfig                             0x080022d3   Thumb Code    26  stm32f10x_rcc.o(.text)
    RCC_USBCLKConfig                         0x080022ed   Thumb Code     8  stm32f10x_rcc.o(.text)
    RCC_ADCCLKConfig                         0x080022f5   Thumb Code    18  stm32f10x_rcc.o(.text)
    RCC_LSEConfig                            0x08002307   Thumb Code    50  stm32f10x_rcc.o(.text)
    RCC_LSICmd                               0x08002339   Thumb Code     6  stm32f10x_rcc.o(.text)
    RCC_RTCCLKConfig                         0x0800233f   Thumb Code    12  stm32f10x_rcc.o(.text)
    RCC_RTCCLKCmd                            0x0800234b   Thumb Code     8  stm32f10x_rcc.o(.text)
    RCC_GetClocksFreq                        0x08002353   Thumb Code   192  stm32f10x_rcc.o(.text)
    RCC_AHBPeriphClockCmd                    0x08002413   Thumb Code    26  stm32f10x_rcc.o(.text)
    RCC_APB2PeriphClockCmd                   0x0800242d   Thumb Code    26  stm32f10x_rcc.o(.text)
    RCC_APB1PeriphClockCmd                   0x08002447   Thumb Code    26  stm32f10x_rcc.o(.text)
    RCC_APB2PeriphResetCmd                   0x08002461   Thumb Code    26  stm32f10x_rcc.o(.text)
    RCC_APB1PeriphResetCmd                   0x0800247b   Thumb Code    26  stm32f10x_rcc.o(.text)
    RCC_BackupResetCmd                       0x08002495   Thumb Code     8  stm32f10x_rcc.o(.text)
    RCC_ClockSecuritySystemCmd               0x0800249d   Thumb Code     6  stm32f10x_rcc.o(.text)
    RCC_MCOConfig                            0x080024a3   Thumb Code     6  stm32f10x_rcc.o(.text)
    RCC_ClearFlag                            0x080024a9   Thumb Code    14  stm32f10x_rcc.o(.text)
    RCC_GetITStatus                          0x080024b7   Thumb Code    20  stm32f10x_rcc.o(.text)
    RCC_ClearITPendingBit                    0x080024cb   Thumb Code     6  stm32f10x_rcc.o(.text)
    TIM_Cmd                                  0x080024f5   Thumb Code    24  stm32f10x_tim.o(.text)
    TIM_ITConfig                             0x0800250d   Thumb Code    18  stm32f10x_tim.o(.text)
    TIM_ClearFlag                            0x0800251f   Thumb Code     6  stm32f10x_tim.o(.text)
    TIM_TimeBaseInit                         0x08002525   Thumb Code   122  stm32f10x_tim.o(.text)
    Timer_2to7_counter_Generalfuncation      0x0800259f   Thumb Code   716  stm32f10x_tim.o(.text)
    Timer_2to7_Generalfuncation_start        0x0800286b   Thumb Code   106  stm32f10x_tim.o(.text)
    Timer_2to7_Generalfuncation_stop         0x080028d5   Thumb Code   146  stm32f10x_tim.o(.text)
    TIM_DeInit                               0x08002967   Thumb Code   424  stm32f10x_tim.o(.text)
    TIM_OC1Init                              0x08002b0f   Thumb Code   132  stm32f10x_tim.o(.text)
    TIM_OC2Init                              0x08002b93   Thumb Code   154  stm32f10x_tim.o(.text)
    TIM_OC3Init                              0x08002c2d   Thumb Code   150  stm32f10x_tim.o(.text)
    TIM_OC4Init                              0x08002cc3   Thumb Code   180  stm32f10x_tim.o(.text)
    TIM_SetIC4Prescaler                      0x08002d77   Thumb Code    26  stm32f10x_tim.o(.text)
    TIM_SetIC3Prescaler                      0x08002e13   Thumb Code    18  stm32f10x_tim.o(.text)
    TIM_SetIC2Prescaler                      0x08002e9f   Thumb Code    26  stm32f10x_tim.o(.text)
    TIM_SetIC1Prescaler                      0x08002f3b   Thumb Code    18  stm32f10x_tim.o(.text)
    TIM_ICInit                               0x08002fb9   Thumb Code   150  stm32f10x_tim.o(.text)
    TIM_PWMIConfig                           0x0800304f   Thumb Code   124  stm32f10x_tim.o(.text)
    TIM_BDTRConfig                           0x080030cb   Thumb Code    32  stm32f10x_tim.o(.text)
    TIM_TimeBaseStructInit                   0x080030eb   Thumb Code    18  stm32f10x_tim.o(.text)
    TIM_OCStructInit                         0x080030fd   Thumb Code    20  stm32f10x_tim.o(.text)
    TIM_ICStructInit                         0x08003111   Thumb Code    18  stm32f10x_tim.o(.text)
    TIM_BDTRStructInit                       0x08003123   Thumb Code    18  stm32f10x_tim.o(.text)
    TIM_CtrlPWMOutputs                       0x08003135   Thumb Code    30  stm32f10x_tim.o(.text)
    TIM_GenerateEvent                        0x08003153   Thumb Code     4  stm32f10x_tim.o(.text)
    TIM_DMAConfig                            0x08003157   Thumb Code    10  stm32f10x_tim.o(.text)
    TIM_DMACmd                               0x08003161   Thumb Code    18  stm32f10x_tim.o(.text)
    TIM_InternalClockConfig                  0x08003173   Thumb Code    12  stm32f10x_tim.o(.text)
    TIM_SelectInputTrigger                   0x0800317f   Thumb Code    18  stm32f10x_tim.o(.text)
    TIM_ITRxExternalClockConfig              0x08003191   Thumb Code    44  stm32f10x_tim.o(.text)
    TIM_TIxExternalClockConfig               0x080031bd   Thumb Code    62  stm32f10x_tim.o(.text)
    TIM_ETRConfig                            0x080031fb   Thumb Code    28  stm32f10x_tim.o(.text)
    TIM_ETRClockMode1Config                  0x08003217   Thumb Code    54  stm32f10x_tim.o(.text)
    TIM_ETRClockMode2Config                  0x0800324d   Thumb Code    32  stm32f10x_tim.o(.text)
    TIM_PrescalerConfig                      0x0800326d   Thumb Code     6  stm32f10x_tim.o(.text)
    TIM_CounterModeConfig                    0x08003273   Thumb Code    18  stm32f10x_tim.o(.text)
    TIM_EncoderInterfaceConfig               0x08003285   Thumb Code    66  stm32f10x_tim.o(.text)
    TIM_ForcedOC1Config                      0x080032c7   Thumb Code    18  stm32f10x_tim.o(.text)
    TIM_ForcedOC2Config                      0x080032d9   Thumb Code    26  stm32f10x_tim.o(.text)
    TIM_ForcedOC3Config                      0x080032f3   Thumb Code    18  stm32f10x_tim.o(.text)
    TIM_ForcedOC4Config                      0x08003305   Thumb Code    26  stm32f10x_tim.o(.text)
    TIM_ARRPreloadConfig                     0x0800331f   Thumb Code    24  stm32f10x_tim.o(.text)
    TIM_SelectCOM                            0x08003337   Thumb Code    24  stm32f10x_tim.o(.text)
    TIM_SelectCCDMA                          0x0800334f   Thumb Code    24  stm32f10x_tim.o(.text)
    TIM_CCPreloadControl                     0x08003367   Thumb Code    24  stm32f10x_tim.o(.text)
    TIM_OC1PreloadConfig                     0x0800337f   Thumb Code    18  stm32f10x_tim.o(.text)
    TIM_OC2PreloadConfig                     0x08003391   Thumb Code    26  stm32f10x_tim.o(.text)
    TIM_OC3PreloadConfig                     0x080033ab   Thumb Code    18  stm32f10x_tim.o(.text)
    TIM_OC4PreloadConfig                     0x080033bd   Thumb Code    26  stm32f10x_tim.o(.text)
    TIM_OC1FastConfig                        0x080033d7   Thumb Code    18  stm32f10x_tim.o(.text)
    TIM_OC2FastConfig                        0x080033e9   Thumb Code    26  stm32f10x_tim.o(.text)
    TIM_OC3FastConfig                        0x08003403   Thumb Code    18  stm32f10x_tim.o(.text)
    TIM_OC4FastConfig                        0x08003415   Thumb Code    26  stm32f10x_tim.o(.text)
    TIM_ClearOC1Ref                          0x0800342f   Thumb Code    18  stm32f10x_tim.o(.text)
    TIM_ClearOC2Ref                          0x08003441   Thumb Code    24  stm32f10x_tim.o(.text)
    TIM_ClearOC3Ref                          0x08003459   Thumb Code    18  stm32f10x_tim.o(.text)
    TIM_ClearOC4Ref                          0x0800346b   Thumb Code    24  stm32f10x_tim.o(.text)
    TIM_OC1PolarityConfig                    0x08003483   Thumb Code    18  stm32f10x_tim.o(.text)
    TIM_OC1NPolarityConfig                   0x08003495   Thumb Code    18  stm32f10x_tim.o(.text)
    TIM_OC2PolarityConfig                    0x080034a7   Thumb Code    26  stm32f10x_tim.o(.text)
    TIM_OC2NPolarityConfig                   0x080034c1   Thumb Code    26  stm32f10x_tim.o(.text)
    TIM_OC3PolarityConfig                    0x080034db   Thumb Code    26  stm32f10x_tim.o(.text)
    TIM_OC3NPolarityConfig                   0x080034f5   Thumb Code    26  stm32f10x_tim.o(.text)
    TIM_OC4PolarityConfig                    0x0800350f   Thumb Code    26  stm32f10x_tim.o(.text)
    TIM_CCxCmd                               0x08003529   Thumb Code    30  stm32f10x_tim.o(.text)
    TIM_CCxNCmd                              0x08003547   Thumb Code    30  stm32f10x_tim.o(.text)
    TIM_SelectOCxM                           0x08003565   Thumb Code    82  stm32f10x_tim.o(.text)
    TIM_UpdateDisableConfig                  0x080035b7   Thumb Code    24  stm32f10x_tim.o(.text)
    TIM_UpdateRequestConfig                  0x080035cf   Thumb Code    24  stm32f10x_tim.o(.text)
    TIM_SelectHallSensor                     0x080035e7   Thumb Code    24  stm32f10x_tim.o(.text)
    TIM_SelectOnePulseMode                   0x080035ff   Thumb Code    18  stm32f10x_tim.o(.text)
    TIM_SelectOutputTrigger                  0x08003611   Thumb Code    18  stm32f10x_tim.o(.text)
    TIM_SelectSlaveMode                      0x08003623   Thumb Code    18  stm32f10x_tim.o(.text)
    TIM_SelectMasterSlaveMode                0x08003635   Thumb Code    18  stm32f10x_tim.o(.text)
    TIM_SetCounter                           0x08003647   Thumb Code     4  stm32f10x_tim.o(.text)
    TIM_SetAutoreload                        0x0800364b   Thumb Code     4  stm32f10x_tim.o(.text)
    TIM_SetCompare1                          0x0800364f   Thumb Code     4  stm32f10x_tim.o(.text)
    TIM_SetCompare2                          0x08003653   Thumb Code     4  stm32f10x_tim.o(.text)
    TIM_SetCompare3                          0x08003657   Thumb Code     4  stm32f10x_tim.o(.text)
    TIM_SetCompare4                          0x0800365b   Thumb Code     6  stm32f10x_tim.o(.text)
    TIM_SetClockDivision                     0x08003661   Thumb Code    18  stm32f10x_tim.o(.text)
    TIM_GetCapture1                          0x08003673   Thumb Code     6  stm32f10x_tim.o(.text)
    TIM_GetCapture2                          0x08003679   Thumb Code     6  stm32f10x_tim.o(.text)
    TIM_GetCapture3                          0x0800367f   Thumb Code     6  stm32f10x_tim.o(.text)
    TIM_GetCapture4                          0x08003685   Thumb Code     8  stm32f10x_tim.o(.text)
    TIM_GetCounter                           0x0800368d   Thumb Code     6  stm32f10x_tim.o(.text)
    TIM_GetPrescaler                         0x08003693   Thumb Code     6  stm32f10x_tim.o(.text)
    TIM_GetFlagStatus                        0x08003699   Thumb Code    18  stm32f10x_tim.o(.text)
    TIM_GetITStatus                          0x080036ab   Thumb Code    34  stm32f10x_tim.o(.text)
    TIM_ClearITPendingBit                    0x080036cd   Thumb Code     6  stm32f10x_tim.o(.text)
    USART_DeInit                             0x080036d5   Thumb Code   134  stm32f10x_usart.o(.text)
    USART_Init                               0x0800375b   Thumb Code   210  stm32f10x_usart.o(.text)
    USART_StructInit                         0x0800382d   Thumb Code    24  stm32f10x_usart.o(.text)
    USART_ClockInit                          0x08003845   Thumb Code    34  stm32f10x_usart.o(.text)
    USART_ClockStructInit                    0x08003867   Thumb Code    12  stm32f10x_usart.o(.text)
    USART_Cmd                                0x08003873   Thumb Code    24  stm32f10x_usart.o(.text)
    USART_ITConfig                           0x0800388b   Thumb Code    74  stm32f10x_usart.o(.text)
    USART_DMACmd                             0x080038d5   Thumb Code    18  stm32f10x_usart.o(.text)
    USART_SetAddress                         0x080038e7   Thumb Code    18  stm32f10x_usart.o(.text)
    USART_WakeUpConfig                       0x080038f9   Thumb Code    18  stm32f10x_usart.o(.text)
    USART_ReceiverWakeUpCmd                  0x0800390b   Thumb Code    24  stm32f10x_usart.o(.text)
    USART_LINBreakDetectLengthConfig         0x08003923   Thumb Code    18  stm32f10x_usart.o(.text)
    USART_LINCmd                             0x08003935   Thumb Code    24  stm32f10x_usart.o(.text)
    USART_SendData                           0x0800394d   Thumb Code     8  stm32f10x_usart.o(.text)
    USART_ReceiveData                        0x08003955   Thumb Code    10  stm32f10x_usart.o(.text)
    USART_SendBreak                          0x0800395f   Thumb Code    10  stm32f10x_usart.o(.text)
    USART_SetGuardTime                       0x08003969   Thumb Code    16  stm32f10x_usart.o(.text)
    USART_SetPrescaler                       0x08003979   Thumb Code    16  stm32f10x_usart.o(.text)
    USART_SmartCardCmd                       0x08003989   Thumb Code    24  stm32f10x_usart.o(.text)
    USART_SmartCardNACKCmd                   0x080039a1   Thumb Code    24  stm32f10x_usart.o(.text)
    USART_HalfDuplexCmd                      0x080039b9   Thumb Code    24  stm32f10x_usart.o(.text)
    USART_OverSampling8Cmd                   0x080039d1   Thumb Code    22  stm32f10x_usart.o(.text)
    USART_OneBitMethodCmd                    0x080039e7   Thumb Code    24  stm32f10x_usart.o(.text)
    USART_IrDAConfig                         0x080039ff   Thumb Code    18  stm32f10x_usart.o(.text)
    USART_IrDACmd                            0x08003a11   Thumb Code    24  stm32f10x_usart.o(.text)
    USART_GetFlagStatus                      0x08003a29   Thumb Code    26  stm32f10x_usart.o(.text)
    USART_ClearFlag                          0x08003a43   Thumb Code    18  stm32f10x_usart.o(.text)
    USART_GetITStatus                        0x08003a55   Thumb Code    84  stm32f10x_usart.o(.text)
    USART_ClearITPendingBit                  0x08003aa9   Thumb Code    52  stm32f10x_usart.o(.text)
    main                                     0x08003add   Thumb Code   468  main.o(.text)
    Main_Delay                               0x08003cb1   Thumb Code    26  main.o(.text)
    Main_Delay_us                            0x08003ccb   Thumb Code    12  main.o(.text)
    Test_Mick_GPIO                           0x08003cd7   Thumb Code   236  main.o(.text)
    NMI_Handler                              0x08003fc9   Thumb Code     2  stm32f10x_it.o(.text)
    HardFault_Handler                        0x08003fcb   Thumb Code     4  stm32f10x_it.o(.text)
    MemManage_Handler                        0x08003fcf   Thumb Code     4  stm32f10x_it.o(.text)
    BusFault_Handler                         0x08003fd3   Thumb Code     4  stm32f10x_it.o(.text)
    UsageFault_Handler                       0x08003fd7   Thumb Code     4  stm32f10x_it.o(.text)
    SVC_Handler                              0x08003fdb   Thumb Code     2  stm32f10x_it.o(.text)
    DebugMon_Handler                         0x08003fdd   Thumb Code     2  stm32f10x_it.o(.text)
    PendSV_Handler                           0x08003fdf   Thumb Code     2  stm32f10x_it.o(.text)
    TIM2_IRQHandler                          0x08003fe1   Thumb Code   144  stm32f10x_it.o(.text)
    TIM3_IRQHandler                          0x08004071   Thumb Code    32  stm32f10x_it.o(.text)
    USART1_IRQHandler                        0x08004091   Thumb Code    42  stm32f10x_it.o(.text)
    USART2_IRQHandler                        0x080040bb   Thumb Code   438  stm32f10x_it.o(.text)
    USART3_IRQHandler                        0x08004271   Thumb Code   132  stm32f10x_it.o(.text)
    SysTick_Handler                          0x080042f5   Thumb Code    18  stm32f10x_it.o(.text)
    EXTI0_IRQHandler                         0x08004307   Thumb Code    18  stm32f10x_it.o(.text)
    EXTI9_5_IRQHandler                       0x08004319   Thumb Code    22  stm32f10x_it.o(.text)
    SDIO_IRQHandler                          0x0800432f   Thumb Code     2  stm32f10x_it.o(.text)
    DMA1_Channel5_IRQHandler                 0x08004331   Thumb Code    68  stm32f10x_it.o(.text)
    USB_LP_CAN1_RX0_IRQHandler               0x08004375   Thumb Code    38  stm32f10x_it.o(.text)
    SysTick_Init                             0x08004411   Thumb Code   100  stm32f10x_delay.o(.text)
    Delay_10us                               0x08004475   Thumb Code    32  stm32f10x_delay.o(.text)
    Initial_micros                           0x08004495   Thumb Code   104  stm32f10x_delay.o(.text)
    micros                                   0x080044fd   Thumb Code    20  stm32f10x_delay.o(.text)
    USART5_NVIC_Configuration                0x08004521   Thumb Code    36  bsp_uart.o(.text)
    UART5_Config                             0x08004545   Thumb Code   158  bsp_uart.o(.text)
    USART4_NVIC_Configuration                0x080045e3   Thumb Code    36  bsp_uart.o(.text)
    UART4_Config                             0x08004607   Thumb Code   154  bsp_uart.o(.text)
    USART3_NVIC_Configuration                0x080046a1   Thumb Code    42  bsp_uart.o(.text)
    USART3_Config                            0x080046cb   Thumb Code   154  bsp_uart.o(.text)
    USART2_NVIC_Configuration                0x08004765   Thumb Code    42  bsp_uart.o(.text)
    USART2_Config                            0x0800478f   Thumb Code   150  bsp_uart.o(.text)
    USART1_NVIC_Configuration                0x08004825   Thumb Code    38  bsp_uart.o(.text)
    USART1_Config                            0x0800484b   Thumb Code   148  bsp_uart.o(.text)
    My_Config_USART_Init                     0x080048df   Thumb Code    94  bsp_uart.o(.text)
    USART_DMA_Send_Config                    0x0800493d   Thumb Code   316  bsp_uart.o(.text)
    USART_DMA_Rec_Config                     0x08004a79   Thumb Code   178  bsp_uart.o(.text)
    USART1_DMA_Rec_Config                    0x08004b2b   Thumb Code   150  bsp_uart.o(.text)
    UART_send_char                           0x08004bc1   Thumb Code    30  bsp_uart.o(.text)
    UART_send_data                           0x08004bdf   Thumb Code    92  bsp_uart.o(.text)
    UART_send_intdata                        0x08004c3b   Thumb Code   106  bsp_uart.o(.text)
    UART_send_floatdat                       0x08004ca5   Thumb Code   160  bsp_uart.o(.text)
    UART_send_string                         0x08004d45   Thumb Code    40  bsp_uart.o(.text)
    UART_send_buffer                         0x08004d6d   Thumb Code    88  bsp_uart.o(.text)
    CAN_Config                               0x08004ec9   Thumb Code    20  bsp_can.o(.text)
    CAN_SetMsg                               0x08004edd   Thumb Code    42  bsp_can.o(.text)
    RC_Routing                               0x08004f11   Thumb Code   304  dbus.o(.text)
    RC_Offset_Init                           0x08005041   Thumb Code   362  dbus.o(.text)
    RC_Callback_Handler                      0x080051ab   Thumb Code  1382  dbus.o(.text)
    RC_Debug_Message                         0x08005711   Thumb Code   494  dbus.o(.text)
    RC_Upload_Message                        0x080058ff   Thumb Code   288  dbus.o(.text)
    DJI_Motor_Init                           0x08005a4d   Thumb Code    72  dji_motor.o(.text)
    Mecanum_Wheel_Rpm_Model                  0x08005a95   Thumb Code   142  dji_motor.o(.text)
    DiffX4_Wheel_Speed_Model                 0x08005b23   Thumb Code   242  dji_motor.o(.text)
    DiffX4__Wheel_Rpm_Model                  0x08005c15   Thumb Code    24  dji_motor.o(.text)
    Mecanum_Wheel_Speed_Model                0x08005c2d   Thumb Code   402  dji_motor.o(.text)
    CAN_DJI_C620_DataSend                    0x08005dbf   Thumb Code    94  dji_motor.o(.text)
    DJI_Motor_Control                        0x08005e1d   Thumb Code   210  dji_motor.o(.text)
    get_moto_measure                         0x08005eef   Thumb Code   190  dji_motor.o(.text)
    get_moto_offset                          0x08005fad   Thumb Code    16  dji_motor.o(.text)
    CAN_RxCpltCallback                       0x08005fbd   Thumb Code   150  dji_motor.o(.text)
    DJI_Motor_Clear_Odom                     0x08006053   Thumb Code   174  dji_motor.o(.text)
    DJI_Motor_WriteData_In_Buff              0x08006101   Thumb Code   592  dji_motor.o(.text)
    DJI_Motor_Show_Message                   0x08006351   Thumb Code   468  dji_motor.o(.text)
    DJI_Motor_Upload_Message                 0x08006525   Thumb Code   736  dji_motor.o(.text)
    PID_struct_init                          0x08006811   Thumb Code    20  pid.o(.text)
    abs_limit                                0x08006825   Thumb Code    40  pid.o(.text)
    pid_calc                                 0x0800684d   Thumb Code   402  pid.o(.text)
    pid_sp_calc                              0x080069df   Thumb Code   216  pid.o(.text)
    IO_IIC_Delay                             0x08006ac9   Thumb Code    16  io_iic.o(.text)
    IO_IIC_GPIO_Init                         0x08006ad9   Thumb Code    44  io_iic.o(.text)
    SDA_DIR_OUT                              0x08006b05   Thumb Code    16  io_iic.o(.text)
    SDA_DIR_IN                               0x08006b15   Thumb Code    16  io_iic.o(.text)
    IO_IIC_start                             0x08006b25   Thumb Code    48  io_iic.o(.text)
    IO_IIC_stop                              0x08006b55   Thumb Code    36  io_iic.o(.text)
    IO_IIC_ack                               0x08006b79   Thumb Code    32  io_iic.o(.text)
    IO_IIC_no_ack                            0x08006b99   Thumb Code    40  io_iic.o(.text)
    IO_IIC_write_byte                        0x08006bc1   Thumb Code    76  io_iic.o(.text)
    IO_IIC_read_byte                         0x08006c0d   Thumb Code    84  io_iic.o(.text)
    IO_IIC_write_Command                     0x08006c61   Thumb Code    36  io_iic.o(.text)
    IO_IIC_read_Data                         0x08006c85   Thumb Code    58  io_iic.o(.text)
    MPU9250_Init                             0x08006cc5   Thumb Code   164  mpu9250.o(.text)
    MPU9250_READ_ACCEL                       0x08006d69   Thumb Code   120  mpu9250.o(.text)
    MPU9250_READ_GYRO                        0x08006de1   Thumb Code   120  mpu9250.o(.text)
    MPU9250_READ_MAG                         0x08006e59   Thumb Code   130  mpu9250.o(.text)
    MPU9250_newValues                        0x08006edb   Thumb Code   714  mpu9250.o(.text)
    MPU9250_GetValue                         0x080071a5   Thumb Code   212  mpu9250.o(.text)
    MPU9250_DebugShowMessage                 0x08007279   Thumb Code    64  mpu9250.o(.text)
    MPU9250_Delay                            0x080072b9   Thumb Code    12  mpu9250.o(.text)
    HMC5883_GetID                            0x080072c9   Thumb Code    36  hmc5883.o(.text)
    HMC5883_Init                             0x080072ed   Thumb Code    76  hmc5883.o(.text)
    HMC5883_newValues                        0x08007339   Thumb Code   186  hmc5883.o(.text)
    Multiple_read_HMC5883                    0x080073f3   Thumb Code   180  hmc5883.o(.text)
    mpu6050_delay                            0x080074ad   Thumb Code    12  mpu6050.o(.text)
    MPU6050_Init                             0x080074b9   Thumb Code    90  mpu6050.o(.text)
    MPU6050_newValues                        0x08007513   Thumb Code   468  mpu6050.o(.text)
    MPU6050_GetData                          0x080076e7   Thumb Code    34  mpu6050.o(.text)
    MPU6050_Data_Process                     0x08007709   Thumb Code   124  mpu6050.o(.text)
    MPU6050_setClockSource                   0x08007785   Thumb Code    20  mpu6050.o(.text)
    MPU6050_setSleepEnabled                  0x08007799   Thumb Code    40  mpu6050.o(.text)
    READ_temp                                0x080077c1   Thumb Code    64  mpu6050.o(.text)
    IMU_Preper_Data                          0x08007809   Thumb Code   440  imu.o(.text)
    invSqrt                                  0x080079c1   Thumb Code    72  imu.o(.text)
    IMU_update                               0x08007a09   Thumb Code  2508  imu.o(.text)
    MPU6050_Routing                          0x080083d5   Thumb Code   112  imu.o(.text)
    MPU9250_Routing                          0x08008445   Thumb Code   600  imu.o(.text)
    IMU_Routing                              0x0800869d   Thumb Code     8  imu.o(.text)
    IMU_Upload_Message                       0x080086a5   Thumb Code   682  imu.o(.text)
    Init_Mick_GPIO                           0x08008975   Thumb Code   208  mick_io.o(.text)
    Read_Code_Switch                         0x08008a45   Thumb Code    90  mick_io.o(.text)
    Read_Key                                 0x08008a9f   Thumb Code    52  mick_io.o(.text)
    Read_Isolated_Input                      0x08008ad3   Thumb Code    98  mick_io.o(.text)
    Set_Isolated_Output                      0x08008b35   Thumb Code   116  mick_io.o(.text)
    Isolated_IO_Upload_Message               0x08008ba9   Thumb Code   268  mick_io.o(.text)
    __aeabi_ldivmod                          0x08008cc9   Thumb Code     0  llsdiv.o(.text)
    _ll_sdiv                                 0x08008cc9   Thumb Code    72  llsdiv.o(.text)
    __use_two_region_memory                  0x08008d11   Thumb Code     2  heapauxi.o(.text)
    __rt_heap_escrow$2region                 0x08008d13   Thumb Code     2  heapauxi.o(.text)
    __rt_heap_expand$2region                 0x08008d15   Thumb Code     2  heapauxi.o(.text)
    __aeabi_uldivmod                         0x08008d17   Thumb Code     0  lludivv7m.o(.text)
    _ll_udiv                                 0x08008d17   Thumb Code   238  lludivv7m.o(.text)
    __read_errno                             0x08008e05   Thumb Code    10  _rserrno.o(.text)
    __set_errno                              0x08008e0f   Thumb Code    12  _rserrno.o(.text)
    __aeabi_errno_addr                       0x08008e1d   Thumb Code     8  rt_errno_addr_intlibspace.o(.text)
    __errno$intlibspace                      0x08008e1d   Thumb Code     0  rt_errno_addr_intlibspace.o(.text)
    __rt_errno_addr$intlibspace              0x08008e1d   Thumb Code     0  rt_errno_addr_intlibspace.o(.text)
    __user_libspace                          0x08008e25   Thumb Code     8  libspace.o(.text)
    __user_perproc_libspace                  0x08008e25   Thumb Code     0  libspace.o(.text)
    __user_perthread_libspace                0x08008e25   Thumb Code     0  libspace.o(.text)
    __user_setup_stackheap                   0x08008e2d   Thumb Code    74  sys_stackheap_outer.o(.text)
    exit                                     0x08008e77   Thumb Code    18  exit.o(.text)
    _sys_exit                                0x08008e89   Thumb Code     8  sys_exit.o(.text)
    __I$use$semihosting                      0x08008e95   Thumb Code     0  use_no_semi.o(.text)
    __use_no_semihosting_swi                 0x08008e95   Thumb Code     2  use_no_semi.o(.text)
    __ARM_fpclassify                         0x08008e97   Thumb Code    40  fpclassify.o(i.__ARM_fpclassify)
    __semihosting_library_function           0x08008e97   Thumb Code     0  indicate_semi.o(.text)
    __kernel_poly                            0x08008ebf   Thumb Code   170  poly.o(i.__kernel_poly)
    __mathlib_dbl_infnan                     0x08008f69   Thumb Code     6  dunder.o(i.__mathlib_dbl_infnan)
    __mathlib_dbl_infnan2                    0x08008f6f   Thumb Code     4  dunder.o(i.__mathlib_dbl_infnan2)
    __mathlib_dbl_invalid                    0x08008f73   Thumb Code    12  dunder.o(i.__mathlib_dbl_invalid)
    __mathlib_dbl_underflow                  0x08008f81   Thumb Code    10  dunder.o(i.__mathlib_dbl_underflow)
    asin                                     0x08008f91   Thumb Code   572  asin.o(i.asin)
    atan                                     0x08009201   Thumb Code   474  atan.o(i.atan)
    atan2                                    0x08009421   Thumb Code   346  atan2.o(i.atan2)
    sqrt                                     0x080095a1   Thumb Code    76  sqrt.o(i.sqrt)
    __aeabi_d2f                              0x080095ed   Thumb Code     0  d2f.o(x$fpl$d2f)
    _d2f                                     0x080095ed   Thumb Code    98  d2f.o(x$fpl$d2f)
    __aeabi_dadd                             0x08009651   Thumb Code     0  daddsub_clz.o(x$fpl$dadd)
    _dadd                                    0x08009651   Thumb Code   332  daddsub_clz.o(x$fpl$dadd)
    __fpl_dcheck_NaN1                        0x080097a1   Thumb Code    10  dcheck1.o(x$fpl$dcheck1)
    __fpl_dcmp_Inf                           0x080097b1   Thumb Code    24  dcmpi.o(x$fpl$dcmpinf)
    __aeabi_ddiv                             0x080097c9   Thumb Code     0  ddiv.o(x$fpl$ddiv)
    _ddiv                                    0x080097c9   Thumb Code   552  ddiv.o(x$fpl$ddiv)
    __aeabi_d2iz                             0x08009a79   Thumb Code     0  dfix.o(x$fpl$dfix)
    _dfix                                    0x08009a79   Thumb Code    94  dfix.o(x$fpl$dfix)
    __aeabi_i2d                              0x08009ad7   Thumb Code     0  dflt_clz.o(x$fpl$dflt)
    _dflt                                    0x08009ad7   Thumb Code    46  dflt_clz.o(x$fpl$dflt)
    __aeabi_ui2d                             0x08009b05   Thumb Code     0  dflt_clz.o(x$fpl$dfltu)
    _dfltu                                   0x08009b05   Thumb Code    38  dflt_clz.o(x$fpl$dfltu)
    __aeabi_cdcmple                          0x08009b2d   Thumb Code     0  dleqf.o(x$fpl$dleqf)
    _dcmple                                  0x08009b2d   Thumb Code   120  dleqf.o(x$fpl$dleqf)
    __fpl_dcmple_InfNaN                      0x08009b8f   Thumb Code     0  dleqf.o(x$fpl$dleqf)
    __aeabi_dmul                             0x08009ba5   Thumb Code     0  dmul.o(x$fpl$dmul)
    _dmul                                    0x08009ba5   Thumb Code   332  dmul.o(x$fpl$dmul)
    __fpl_dnaninf                            0x08009cf9   Thumb Code   156  dnaninf.o(x$fpl$dnaninf)
    __fpl_dretinf                            0x08009d95   Thumb Code    12  dretinf.o(x$fpl$dretinf)
    __aeabi_cdrcmple                         0x08009da1   Thumb Code     0  drleqf.o(x$fpl$drleqf)
    _drcmple                                 0x08009da1   Thumb Code   108  drleqf.o(x$fpl$drleqf)
    __aeabi_drsub                            0x08009e0d   Thumb Code     0  daddsub_clz.o(x$fpl$drsb)
    _drsb                                    0x08009e0d   Thumb Code    22  daddsub_clz.o(x$fpl$drsb)
    _dsqrt                                   0x08009e25   Thumb Code   456  dsqrt_noumaal.o(x$fpl$dsqrt)
    __aeabi_dsub                             0x08009ff1   Thumb Code     0  daddsub_clz.o(x$fpl$dsub)
    _dsub                                    0x08009ff1   Thumb Code   464  daddsub_clz.o(x$fpl$dsub)
    __aeabi_f2d                              0x0800a1c5   Thumb Code     0  f2d.o(x$fpl$f2d)
    _f2d                                     0x0800a1c5   Thumb Code    86  f2d.o(x$fpl$f2d)
    __aeabi_fadd                             0x0800a21d   Thumb Code     0  faddsub_clz.o(x$fpl$fadd)
    _fadd                                    0x0800a21d   Thumb Code   196  faddsub_clz.o(x$fpl$fadd)
    __fpl_fcmp_Inf                           0x0800a2e1   Thumb Code    24  fcmpi.o(x$fpl$fcmpinf)
    __aeabi_fdiv                             0x0800a2f9   Thumb Code     0  fdiv.o(x$fpl$fdiv)
    _fdiv                                    0x0800a2f9   Thumb Code   384  fdiv.o(x$fpl$fdiv)
    __aeabi_cfcmpeq                          0x0800a47d   Thumb Code     0  feqf.o(x$fpl$feqf)
    _fcmpeq                                  0x0800a47d   Thumb Code   104  feqf.o(x$fpl$feqf)
    __aeabi_f2iz                             0x0800a4e5   Thumb Code     0  ffix.o(x$fpl$ffix)
    _ffix                                    0x0800a4e5   Thumb Code    54  ffix.o(x$fpl$ffix)
    __aeabi_i2f                              0x0800a51d   Thumb Code     0  fflt_clz.o(x$fpl$fflt)
    _fflt                                    0x0800a51d   Thumb Code    48  fflt_clz.o(x$fpl$fflt)
    __aeabi_ui2f                             0x0800a54d   Thumb Code     0  fflt_clz.o(x$fpl$ffltu)
    _ffltu                                   0x0800a54d   Thumb Code    38  fflt_clz.o(x$fpl$ffltu)
    __aeabi_cfcmple                          0x0800a575   Thumb Code     0  fleqf.o(x$fpl$fleqf)
    _fcmple                                  0x0800a575   Thumb Code   104  fleqf.o(x$fpl$fleqf)
    __fpl_fcmple_InfNaN                      0x0800a5c7   Thumb Code     0  fleqf.o(x$fpl$fleqf)
    __aeabi_fmul                             0x0800a5dd   Thumb Code     0  fmul.o(x$fpl$fmul)
    _fmul                                    0x0800a5dd   Thumb Code   258  fmul.o(x$fpl$fmul)
    __fpl_fnaninf                            0x0800a6df   Thumb Code   140  fnaninf.o(x$fpl$fnaninf)
    __fpl_fretinf                            0x0800a76b   Thumb Code    10  fretinf.o(x$fpl$fretinf)
    __aeabi_cfrcmple                         0x0800a775   Thumb Code     0  frleqf.o(x$fpl$frleqf)
    _frcmple                                 0x0800a775   Thumb Code    98  frleqf.o(x$fpl$frleqf)
    __aeabi_frsub                            0x0800a7d7   Thumb Code     0  faddsub_clz.o(x$fpl$frsb)
    _frsb                                    0x0800a7d7   Thumb Code    20  faddsub_clz.o(x$fpl$frsb)
    __aeabi_fsub                             0x0800a7ed   Thumb Code     0  faddsub_clz.o(x$fpl$fsub)
    _fsub                                    0x0800a7ed   Thumb Code   234  faddsub_clz.o(x$fpl$fsub)
    __fpl_return_NaN                         0x0800a8d7   Thumb Code   100  retnan.o(x$fpl$retnan)
    __ARM_scalbn                             0x0800a93b   Thumb Code    92  scalbn.o(x$fpl$scalbn)
    __fpl_cmpreturn                          0x0800a997   Thumb Code    48  trapv.o(x$fpl$trapveneer)
    __I$use$fp                               0x0800a9c6   Number         0  usenofp.o(x$fpl$usenofp)
    __mathlib_zero                           0x0800aab0   Data           8  qnan.o(.constdata)
    Region$$Table$$Base                      0x0800aab8   Number         0  anon$$obj.o(Region$$Table)
    Region$$Table$$Limit                     0x0800aad8   Number         0  anon$$obj.o(Region$$Table)
    SystemCoreClock                          0x20000000   Data           4  system_stm32f10x.o(.data)
    AHBPrescTable                            0x20000004   Data          16  system_stm32f10x.o(.data)
    TimingDelay                              0x20000028   Data           4  main.o(.data)
    ADC_ConvertedValue                       0x2000002c   Data           2  main.o(.data)
    UART1_DMA_Flag                           0x2000002e   Data           1  main.o(.data)
    UART1_DMA_Flag2                          0x2000002f   Data           1  main.o(.data)
    UART2_Flag                               0x20000030   Data           1  main.o(.data)
    CAN1_Flag                                0x20000031   Data           1  main.o(.data)
    TIM3_Flag                                0x20000032   Data           1  main.o(.data)
    Timer2_Counter1                          0x20000034   Data           4  main.o(.data)
    Timer2_Counter2                          0x20000038   Data           4  main.o(.data)
    Timer2_Counter3                          0x2000003c   Data           4  main.o(.data)
    Timer2_Counter4                          0x20000040   Data           4  main.o(.data)
    Timer2_Counter5                          0x20000044   Data           4  main.o(.data)
    ReCont_2                                 0x20000048   Data           2  stm32f10x_it.o(.data)
    Reflag_2                                 0x2000004a   Data           1  stm32f10x_it.o(.data)
    U2dat_value                              0x2000004b   Data           1  stm32f10x_it.o(.data)
    U2dat_value_last                         0x2000004c   Data           1  stm32f10x_it.o(.data)
    U1dat_value                              0x2000004d   Data           1  stm32f10x_it.o(.data)
    DBUS_flag                                0x20000050   Data           1  dbus.o(.data)
    ch1_offset_sum                           0x20000054   Data           4  dbus.o(.data)
    ch2_offset_sum                           0x20000058   Data           4  dbus.o(.data)
    ch3_offset_sum                           0x2000005c   Data           4  dbus.o(.data)
    ch4_offset_sum                           0x20000060   Data           4  dbus.o(.data)
    rc_counter                               0x20000064   Data           4  dbus.o(.data)
    set_v                                    0x20000068   Data           4  dji_motor.o(.data)
    motor_upload_counter                     0x2000006c   Data           4  dji_motor.o(.data)
    UART2_ReCont                             0x20000070   Data           2  dji_motor.o(.data)
    UART2_Reflag                             0x20000072   Data           1  dji_motor.o(.data)
    MPU9250_FIFO                             0x20000074   Data         108  mpu9250.o(.data)
    HMC5883_FIFO                             0x200000e0   Data          66  hmc5883.o(.data)
    MPU6050_FIFO                             0x20000122   Data          72  mpu6050.o(.data)
    exInt                                    0x20000170   Data           4  imu.o(.data)
    eyInt                                    0x20000174   Data           4  imu.o(.data)
    ezInt                                    0x20000178   Data           4  imu.o(.data)
    q0                                       0x2000017c   Data           4  imu.o(.data)
    q1                                       0x20000180   Data           4  imu.o(.data)
    q2                                       0x20000184   Data           4  imu.o(.data)
    q3                                       0x20000188   Data           4  imu.o(.data)
    Code_Switch_Value                        0x20000190   Data           1  mick_io.o(.data)
    USART_RX_BUF                             0x20000198   Data          25  bsp_uart.o(.bss)
    rc                                       0x200001b1   Data          54  dbus.o(.bss)
    set_spd                                  0x200001e8   Data          16  dji_motor.o(.bss)
    moto_chassis                             0x200001f8   Data         176  dji_motor.o(.bss)
    moto_info                                0x200002a8   Data          44  dji_motor.o(.bss)
    pid_spd                                  0x200002d4   Data         400  dji_motor.o(.bss)
    recived_cmd                              0x20000464   Data          40  dji_motor.o(.bss)
    UART2_ReBuff                             0x2000048c   Data         100  dji_motor.o(.bss)
    BUF                                      0x200004f0   Data          10  mpu9250.o(.bss)
    IMU_Data                                 0x200004fc   Data          64  imu.o(.bss)
    imu_tem                                  0x2000053c   Data          12  imu.o(.bss)
    imu_Groy_tem                             0x20000548   Data          12  imu.o(.bss)
    q                                        0x20000554   Data          16  imu.o(.bss)
    __libspace_start                         0x20000564   Data          96  libspace.o(.bss)
    __temporary_stack_top$libspace           0x200005c4   Data           0  libspace.o(.bss)



==============================================================================

Memory Map of the image

  Image Entry point : 0x08000131

  Load Region LR_IROM1 (Base: 0x08000000, Size: 0x0000ac70, Max: 0x00010000, ABSOLUTE, COMPRESSED[0x0000ab00])

    Execution Region ER_IROM1 (Exec base: 0x08000000, Load base: 0x08000000, Size: 0x0000aad8, Max: 0x00010000, ABSOLUTE)

    Exec Addr    Load Addr    Size         Type   Attr      Idx    E Section Name        Object

    0x08000000   0x08000000   0x00000130   Data   RO            3    RESET               startup_stm32f10x_hd.o
    0x08000130   0x08000130   0x00000008   Code   RO          739  * !!!main             c_w.l(__main.o)
    0x08000138   0x08000138   0x00000034   Code   RO         1071    !!!scatter          c_w.l(__scatter.o)
    0x0800016c   0x0800016c   0x0000005a   Code   RO         1069    !!dczerorl2         c_w.l(__dczerorl2.o)
    0x080001c6   0x080001c6   0x00000002   PAD
    0x080001c8   0x080001c8   0x0000001c   Code   RO         1073    !!handler_zi        c_w.l(__scatter_zi.o)
    0x080001e4   0x080001e4   0x00000002   Code   RO          934    .ARM.Collect$$libinit$$00000000  c_w.l(libinit.o)
    0x080001e6   0x080001e6   0x00000000   Code   RO          944    .ARM.Collect$$libinit$$00000002  c_w.l(libinit2.o)
    0x080001e6   0x080001e6   0x00000000   Code   RO          946    .ARM.Collect$$libinit$$00000004  c_w.l(libinit2.o)
    0x080001e6   0x080001e6   0x00000000   Code   RO          949    .ARM.Collect$$libinit$$0000000A  c_w.l(libinit2.o)
    0x080001e6   0x080001e6   0x00000000   Code   RO          951    .ARM.Collect$$libinit$$0000000C  c_w.l(libinit2.o)
    0x080001e6   0x080001e6   0x00000000   Code   RO          953    .ARM.Collect$$libinit$$0000000E  c_w.l(libinit2.o)
    0x080001e6   0x080001e6   0x00000000   Code   RO          956    .ARM.Collect$$libinit$$00000011  c_w.l(libinit2.o)
    0x080001e6   0x080001e6   0x00000000   Code   RO          958    .ARM.Collect$$libinit$$00000013  c_w.l(libinit2.o)
    0x080001e6   0x080001e6   0x00000000   Code   RO          960    .ARM.Collect$$libinit$$00000015  c_w.l(libinit2.o)
    0x080001e6   0x080001e6   0x00000000   Code   RO          962    .ARM.Collect$$libinit$$00000017  c_w.l(libinit2.o)
    0x080001e6   0x080001e6   0x00000000   Code   RO          964    .ARM.Collect$$libinit$$00000019  c_w.l(libinit2.o)
    0x080001e6   0x080001e6   0x00000000   Code   RO          966    .ARM.Collect$$libinit$$0000001B  c_w.l(libinit2.o)
    0x080001e6   0x080001e6   0x00000000   Code   RO          968    .ARM.Collect$$libinit$$0000001D  c_w.l(libinit2.o)
    0x080001e6   0x080001e6   0x00000000   Code   RO          970    .ARM.Collect$$libinit$$0000001F  c_w.l(libinit2.o)
    0x080001e6   0x080001e6   0x00000000   Code   RO          972    .ARM.Collect$$libinit$$00000021  c_w.l(libinit2.o)
    0x080001e6   0x080001e6   0x00000000   Code   RO          974    .ARM.Collect$$libinit$$00000023  c_w.l(libinit2.o)
    0x080001e6   0x080001e6   0x00000000   Code   RO          976    .ARM.Collect$$libinit$$00000025  c_w.l(libinit2.o)
    0x080001e6   0x080001e6   0x00000000   Code   RO          980    .ARM.Collect$$libinit$$0000002C  c_w.l(libinit2.o)
    0x080001e6   0x080001e6   0x00000000   Code   RO          982    .ARM.Collect$$libinit$$0000002E  c_w.l(libinit2.o)
    0x080001e6   0x080001e6   0x00000000   Code   RO          984    .ARM.Collect$$libinit$$00000030  c_w.l(libinit2.o)
    0x080001e6   0x080001e6   0x00000000   Code   RO          986    .ARM.Collect$$libinit$$00000032  c_w.l(libinit2.o)
    0x080001e6   0x080001e6   0x00000002   Code   RO          987    .ARM.Collect$$libinit$$00000033  c_w.l(libinit2.o)
    0x080001e8   0x080001e8   0x00000002   Code   RO         1019    .ARM.Collect$$libshutdown$$00000000  c_w.l(libshutdown.o)
    0x080001ea   0x080001ea   0x00000000   Code   RO         1036    .ARM.Collect$$libshutdown$$00000002  c_w.l(libshutdown2.o)
    0x080001ea   0x080001ea   0x00000000   Code   RO         1038    .ARM.Collect$$libshutdown$$00000004  c_w.l(libshutdown2.o)
    0x080001ea   0x080001ea   0x00000000   Code   RO         1041    .ARM.Collect$$libshutdown$$00000007  c_w.l(libshutdown2.o)
    0x080001ea   0x080001ea   0x00000000   Code   RO         1044    .ARM.Collect$$libshutdown$$0000000A  c_w.l(libshutdown2.o)
    0x080001ea   0x080001ea   0x00000000   Code   RO         1046    .ARM.Collect$$libshutdown$$0000000C  c_w.l(libshutdown2.o)
    0x080001ea   0x080001ea   0x00000000   Code   RO         1049    .ARM.Collect$$libshutdown$$0000000F  c_w.l(libshutdown2.o)
    0x080001ea   0x080001ea   0x00000002   Code   RO         1050    .ARM.Collect$$libshutdown$$00000010  c_w.l(libshutdown2.o)
    0x080001ec   0x080001ec   0x00000000   Code   RO          839    .ARM.Collect$$rtentry$$00000000  c_w.l(__rtentry.o)
    0x080001ec   0x080001ec   0x00000000   Code   RO          893    .ARM.Collect$$rtentry$$00000002  c_w.l(__rtentry2.o)
    0x080001ec   0x080001ec   0x00000006   Code   RO          905    .ARM.Collect$$rtentry$$00000004  c_w.l(__rtentry4.o)
    0x080001f2   0x080001f2   0x00000000   Code   RO          895    .ARM.Collect$$rtentry$$00000009  c_w.l(__rtentry2.o)
    0x080001f2   0x080001f2   0x00000004   Code   RO          896    .ARM.Collect$$rtentry$$0000000A  c_w.l(__rtentry2.o)
    0x080001f6   0x080001f6   0x00000000   Code   RO          898    .ARM.Collect$$rtentry$$0000000C  c_w.l(__rtentry2.o)
    0x080001f6   0x080001f6   0x00000008   Code   RO          899    .ARM.Collect$$rtentry$$0000000D  c_w.l(__rtentry2.o)
    0x080001fe   0x080001fe   0x00000002   Code   RO          937    .ARM.Collect$$rtexit$$00000000  c_w.l(rtexit.o)
    0x08000200   0x08000200   0x00000000   Code   RO          991    .ARM.Collect$$rtexit$$00000002  c_w.l(rtexit2.o)
    0x08000200   0x08000200   0x00000004   Code   RO          992    .ARM.Collect$$rtexit$$00000003  c_w.l(rtexit2.o)
    0x08000204   0x08000204   0x00000006   Code   RO          993    .ARM.Collect$$rtexit$$00000004  c_w.l(rtexit2.o)
    0x0800020a   0x0800020a   0x00000002   PAD
    0x0800020c   0x0800020c   0x00000040   Code   RO            4    .text               startup_stm32f10x_hd.o
    0x0800024c   0x0800024c   0x000001e0   Code   RO           24    .text               system_stm32f10x.o
    0x0800042c   0x0800042c   0x000000dc   Code   RO           91    .text               misc.o
    0x08000508   0x08000508   0x00000b58   Code   RO          135    .text               stm32f10x_can.o
    0x08001060   0x08001060   0x00000254   Code   RO          204    .text               stm32f10x_dma.o
    0x080012b4   0x080012b4   0x0000011c   Code   RO          216    .text               stm32f10x_exti.o
    0x080013d0   0x080013d0   0x00000620   Code   RO          258    .text               stm32f10x_gpio.o
    0x080019f0   0x080019f0   0x00000760   Code   RO          270    .text               stm32f10x_i2c.o
    0x08002150   0x08002150   0x000003a4   Code   RO          312    .text               stm32f10x_rcc.o
    0x080024f4   0x080024f4   0x000011de   Code   RO          365    .text               stm32f10x_tim.o
    0x080036d2   0x080036d2   0x00000002   PAD
    0x080036d4   0x080036d4   0x00000408   Code   RO          377    .text               stm32f10x_usart.o
    0x08003adc   0x08003adc   0x000004ec   Code   RO          404    .text               main.o
    0x08003fc8   0x08003fc8   0x00000448   Code   RO          458    .text               stm32f10x_it.o
    0x08004410   0x08004410   0x00000110   Code   RO          477    .text               stm32f10x_delay.o
    0x08004520   0x08004520   0x000008a4   Code   RO          532    .text               bsp_uart.o
    0x08004dc4   0x08004dc4   0x0000014c   Code   RO          547    .text               bsp_can.o
    0x08004f10   0x08004f10   0x00000b3c   Code   RO          559    .text               dbus.o
    0x08005a4c   0x08005a4c   0x00000dc4   Code   RO          582    .text               dji_motor.o
    0x08006810   0x08006810   0x000002b8   Code   RO          602    .text               pid.o
    0x08006ac8   0x08006ac8   0x000001fc   Code   RO          618    .text               io_iic.o
    0x08006cc4   0x08006cc4   0x00000604   Code   RO          633    .text               mpu9250.o
    0x080072c8   0x080072c8   0x000001e4   Code   RO          649    .text               hmc5883.o
    0x080074ac   0x080074ac   0x0000035c   Code   RO          667    .text               mpu6050.o
    0x08007808   0x08007808   0x0000116c   Code   RO          685    .text               imu.o
    0x08008974   0x08008974   0x00000354   Code   RO          718    .text               mick_io.o
    0x08008cc8   0x08008cc8   0x00000048   Code   RO          735    .text               c_w.l(llsdiv.o)
    0x08008d10   0x08008d10   0x00000006   Code   RO          737    .text               c_w.l(heapauxi.o)
    0x08008d16   0x08008d16   0x000000ee   Code   RO          840    .text               c_w.l(lludivv7m.o)
    0x08008e04   0x08008e04   0x00000016   Code   RO          842    .text               c_w.l(_rserrno.o)
    0x08008e1a   0x08008e1a   0x00000002   PAD
    0x08008e1c   0x08008e1c   0x00000008   Code   RO          914    .text               c_w.l(rt_errno_addr_intlibspace.o)
    0x08008e24   0x08008e24   0x00000008   Code   RO          920    .text               c_w.l(libspace.o)
    0x08008e2c   0x08008e2c   0x0000004a   Code   RO          923    .text               c_w.l(sys_stackheap_outer.o)
    0x08008e76   0x08008e76   0x00000012   Code   RO          927    .text               c_w.l(exit.o)
    0x08008e88   0x08008e88   0x0000000c   Code   RO         1007    .text               c_w.l(sys_exit.o)
    0x08008e94   0x08008e94   0x00000002   Code   RO         1024    .text               c_w.l(use_no_semi.o)
    0x08008e96   0x08008e96   0x00000000   Code   RO         1026    .text               c_w.l(indicate_semi.o)
    0x08008e96   0x08008e96   0x00000028   Code   RO          887    i.__ARM_fpclassify  m_ws.l(fpclassify.o)
    0x08008ebe   0x08008ebe   0x000000aa   Code   RO          889    i.__kernel_poly     m_ws.l(poly.o)
    0x08008f68   0x08008f68   0x00000006   Code   RO          874    i.__mathlib_dbl_infnan  m_ws.l(dunder.o)
    0x08008f6e   0x08008f6e   0x00000004   Code   RO          875    i.__mathlib_dbl_infnan2  m_ws.l(dunder.o)
    0x08008f72   0x08008f72   0x0000000c   Code   RO          876    i.__mathlib_dbl_invalid  m_ws.l(dunder.o)
    0x08008f7e   0x08008f7e   0x00000002   PAD
    0x08008f80   0x08008f80   0x00000010   Code   RO          879    i.__mathlib_dbl_underflow  m_ws.l(dunder.o)
    0x08008f90   0x08008f90   0x00000270   Code   RO          806    i.asin              m_ws.l(asin.o)
    0x08009200   0x08009200   0x00000220   Code   RO          864    i.atan              m_ws.l(atan.o)
    0x08009420   0x08009420   0x00000180   Code   RO          816    i.atan2             m_ws.l(atan2.o)
    0x080095a0   0x080095a0   0x0000004c   Code   RO          824    i.sqrt              m_ws.l(sqrt.o)
    0x080095ec   0x080095ec   0x00000062   Code   RO          741    x$fpl$d2f           fz_ws.l(d2f.o)
    0x0800964e   0x0800964e   0x00000002   PAD
    0x08009650   0x08009650   0x00000150   Code   RO          743    x$fpl$dadd          fz_ws.l(daddsub_clz.o)
    0x080097a0   0x080097a0   0x00000010   Code   RO          916    x$fpl$dcheck1       fz_ws.l(dcheck1.o)
    0x080097b0   0x080097b0   0x00000018   Code   RO          918    x$fpl$dcmpinf       fz_ws.l(dcmpi.o)
    0x080097c8   0x080097c8   0x000002b0   Code   RO          750    x$fpl$ddiv          fz_ws.l(ddiv.o)
    0x08009a78   0x08009a78   0x0000005e   Code   RO          753    x$fpl$dfix          fz_ws.l(dfix.o)
    0x08009ad6   0x08009ad6   0x0000002e   Code   RO          762    x$fpl$dflt          fz_ws.l(dflt_clz.o)
    0x08009b04   0x08009b04   0x00000026   Code   RO          761    x$fpl$dfltu         fz_ws.l(dflt_clz.o)
    0x08009b2a   0x08009b2a   0x00000002   PAD
    0x08009b2c   0x08009b2c   0x00000078   Code   RO          844    x$fpl$dleqf         fz_ws.l(dleqf.o)
    0x08009ba4   0x08009ba4   0x00000154   Code   RO          767    x$fpl$dmul          fz_ws.l(dmul.o)
    0x08009cf8   0x08009cf8   0x0000009c   Code   RO          846    x$fpl$dnaninf       fz_ws.l(dnaninf.o)
    0x08009d94   0x08009d94   0x0000000c   Code   RO          848    x$fpl$dretinf       fz_ws.l(dretinf.o)
    0x08009da0   0x08009da0   0x0000006c   Code   RO          769    x$fpl$drleqf        fz_ws.l(drleqf.o)
    0x08009e0c   0x08009e0c   0x00000016   Code   RO          744    x$fpl$drsb          fz_ws.l(daddsub_clz.o)
    0x08009e22   0x08009e22   0x00000002   PAD
    0x08009e24   0x08009e24   0x000001cc   Code   RO          850    x$fpl$dsqrt         fz_ws.l(dsqrt_noumaal.o)
    0x08009ff0   0x08009ff0   0x000001d4   Code   RO          745    x$fpl$dsub          fz_ws.l(daddsub_clz.o)
    0x0800a1c4   0x0800a1c4   0x00000056   Code   RO          771    x$fpl$f2d           fz_ws.l(f2d.o)
    0x0800a21a   0x0800a21a   0x00000002   PAD
    0x0800a21c   0x0800a21c   0x000000c4   Code   RO          773    x$fpl$fadd          fz_ws.l(faddsub_clz.o)
    0x0800a2e0   0x0800a2e0   0x00000018   Code   RO          852    x$fpl$fcmpinf       fz_ws.l(fcmpi.o)
    0x0800a2f8   0x0800a2f8   0x00000184   Code   RO          780    x$fpl$fdiv          fz_ws.l(fdiv.o)
    0x0800a47c   0x0800a47c   0x00000068   Code   RO          783    x$fpl$feqf          fz_ws.l(feqf.o)
    0x0800a4e4   0x0800a4e4   0x00000036   Code   RO          785    x$fpl$ffix          fz_ws.l(ffix.o)
    0x0800a51a   0x0800a51a   0x00000002   PAD
    0x0800a51c   0x0800a51c   0x00000030   Code   RO          794    x$fpl$fflt          fz_ws.l(fflt_clz.o)
    0x0800a54c   0x0800a54c   0x00000026   Code   RO          793    x$fpl$ffltu         fz_ws.l(fflt_clz.o)
    0x0800a572   0x0800a572   0x00000002   PAD
    0x0800a574   0x0800a574   0x00000068   Code   RO          799    x$fpl$fleqf         fz_ws.l(fleqf.o)
    0x0800a5dc   0x0800a5dc   0x00000102   Code   RO          801    x$fpl$fmul          fz_ws.l(fmul.o)
    0x0800a6de   0x0800a6de   0x0000008c   Code   RO          854    x$fpl$fnaninf       fz_ws.l(fnaninf.o)
    0x0800a76a   0x0800a76a   0x0000000a   Code   RO          856    x$fpl$fretinf       fz_ws.l(fretinf.o)
    0x0800a774   0x0800a774   0x00000062   Code   RO          803    x$fpl$frleqf        fz_ws.l(frleqf.o)
    0x0800a7d6   0x0800a7d6   0x00000014   Code   RO          774    x$fpl$frsb          fz_ws.l(faddsub_clz.o)
    0x0800a7ea   0x0800a7ea   0x00000002   PAD
    0x0800a7ec   0x0800a7ec   0x000000ea   Code   RO          775    x$fpl$fsub          fz_ws.l(faddsub_clz.o)
    0x0800a8d6   0x0800a8d6   0x00000064   Code   RO          935    x$fpl$retnan        fz_ws.l(retnan.o)
    0x0800a93a   0x0800a93a   0x0000005c   Code   RO          860    x$fpl$scalbn        fz_ws.l(scalbn.o)
    0x0800a996   0x0800a996   0x00000030   Code   RO          988    x$fpl$trapveneer    fz_ws.l(trapv.o)
    0x0800a9c6   0x0800a9c6   0x00000000   Code   RO          862    x$fpl$usenofp       fz_ws.l(usenofp.o)
    0x0800a9c6   0x0800a9c6   0x00000002   PAD
    0x0800a9c8   0x0800a9c8   0x00000050   Data   RO          807    .constdata          m_ws.l(asin.o)
    0x0800aa18   0x0800aa18   0x00000098   Data   RO          865    .constdata          m_ws.l(atan.o)
    0x0800aab0   0x0800aab0   0x00000008   Data   RO          891    .constdata          m_ws.l(qnan.o)
    0x0800aab8   0x0800aab8   0x00000020   Data   RO         1067    Region$$Table       anon$$obj.o


    Execution Region RW_IRAM1 (Exec base: 0x20000000, Load base: 0x0800aad8, Size: 0x00000bc8, Max: 0x00005000, ABSOLUTE, COMPRESSED[0x00000028])

    Exec Addr    Load Addr    Size         Type   Attr      Idx    E Section Name        Object

    0x20000000   COMPRESSED   0x00000014   Data   RW           25    .data               system_stm32f10x.o
    0x20000014   COMPRESSED   0x00000014   Data   RW          313    .data               stm32f10x_rcc.o
    0x20000028   COMPRESSED   0x00000020   Data   RW          405    .data               main.o
    0x20000048   COMPRESSED   0x00000006   Data   RW          459    .data               stm32f10x_it.o
    0x2000004e   COMPRESSED   0x00000002   PAD
    0x20000050   COMPRESSED   0x00000018   Data   RW          561    .data               dbus.o
    0x20000068   COMPRESSED   0x0000000c   Data   RW          584    .data               dji_motor.o
    0x20000074   COMPRESSED   0x0000006c   Data   RW          635    .data               mpu9250.o
    0x200000e0   COMPRESSED   0x00000042   Data   RW          650    .data               hmc5883.o
    0x20000122   COMPRESSED   0x00000048   Data   RW          668    .data               mpu6050.o
    0x2000016a   COMPRESSED   0x00000002   PAD
    0x2000016c   COMPRESSED   0x00000024   Data   RW          687    .data               imu.o
    0x20000190   COMPRESSED   0x00000008   Data   RW          719    .data               mick_io.o
    0x20000198        -       0x00000019   Zero   RW          533    .bss                bsp_uart.o
    0x200001b1        -       0x00000036   Zero   RW          560    .bss                dbus.o
    0x200001e7   COMPRESSED   0x00000001   PAD
    0x200001e8        -       0x00000308   Zero   RW          583    .bss                dji_motor.o
    0x200004f0        -       0x0000000a   Zero   RW          634    .bss                mpu9250.o
    0x200004fa   COMPRESSED   0x00000002   PAD
    0x200004fc        -       0x00000068   Zero   RW          686    .bss                imu.o
    0x20000564        -       0x00000060   Zero   RW          921    .bss                c_w.l(libspace.o)
    0x200005c4   COMPRESSED   0x00000004   PAD
    0x200005c8        -       0x00000200   Zero   RW            2    HEAP                startup_stm32f10x_hd.o
    0x200007c8        -       0x00000400   Zero   RW            1    STACK               startup_stm32f10x_hd.o


==============================================================================

Image component sizes


      Code (inc. data)   RO Data    RW Data    ZI Data      Debug   Object Name

       332         10          0          0          0       1380   bsp_can.o
      2212         76          0          0         25       7766   bsp_uart.o
         0          0          0          0          0       4508   core_cm3.o
      2876        150          0         24         54       3754   dbus.o
      3524        286          0         12        776       7453   dji_motor.o
       484          6          0         66          0       2348   hmc5883.o
      4460        174          0         36        104       4762   imu.o
       508          6          0          0          0       2570   io_iic.o
      1260        518          0         32          0       5981   main.o
       852         20          0          8          0       2338   mick_io.o
       220         22          0          0          0       1813   misc.o
       860          8          0         72          0       3380   mpu6050.o
      1540         20          0        108         10       3970   mpu9250.o
       696         10          0          0          0       3191   pid.o
        64         26        304          0       1536        872   startup_stm32f10x_hd.o
      2904         46          0          0          0       9079   stm32f10x_can.o
       272         16          0          0          0      16351   stm32f10x_delay.o
       596          8          0          0          0       4378   stm32f10x_dma.o
       284         10          0          0          0       2267   stm32f10x_exti.o
      1568         42          0          0          0       7520   stm32f10x_gpio.o
      1888         46          0          0          0      11621   stm32f10x_i2c.o
      1096        118          0          6          0       3553   stm32f10x_it.o
       932         36          0         20          0       8920   stm32f10x_rcc.o
      4574        124          0          0          0      24191   stm32f10x_tim.o
      1032         22          0          0          0       8492   stm32f10x_usart.o
       480         38          0         20          0     277143   system_stm32f10x.o

    ----------------------------------------------------------------------
     35516       1838        336        408       2508     429601   Object Totals
         0          0         32          0          0          0   (incl. Generated)
         2          0          0          4          3          0   (incl. Padding)

    ----------------------------------------------------------------------

      Code (inc. data)   RO Data    RW Data    ZI Data      Debug   Library Member Name

        90          0          0          0          0          0   __dczerorl2.o
         8          0          0          0          0         68   __main.o
         0          0          0          0          0          0   __rtentry.o
        12          0          0          0          0          0   __rtentry2.o
         6          0          0          0          0          0   __rtentry4.o
        52          8          0          0          0          0   __scatter.o
        28          0          0          0          0          0   __scatter_zi.o
        22          0          0          0          0        100   _rserrno.o
        18          0          0          0          0         80   exit.o
         6          0          0          0          0        152   heapauxi.o
         0          0          0          0          0          0   indicate_semi.o
         2          0          0          0          0          0   libinit.o
         2          0          0          0          0          0   libinit2.o
         2          0          0          0          0          0   libshutdown.o
         2          0          0          0          0          0   libshutdown2.o
         8          4          0          0         96         68   libspace.o
        72          0          0          0          0         76   llsdiv.o
       238          0          0          0          0        100   lludivv7m.o
         8          4          0          0          0         68   rt_errno_addr_intlibspace.o
         2          0          0          0          0          0   rtexit.o
        10          0          0          0          0          0   rtexit2.o
        12          4          0          0          0         68   sys_exit.o
        74          0          0          0          0         80   sys_stackheap_outer.o
         2          0          0          0          0         68   use_no_semi.o
        98          4          0          0          0         92   d2f.o
       826         16          0          0          0        348   daddsub_clz.o
        16          4          0          0          0         68   dcheck1.o
        24          0          0          0          0         68   dcmpi.o
       688        140          0          0          0        208   ddiv.o
        94          4          0          0          0         92   dfix.o
        84          0          0          0          0        136   dflt_clz.o
       120          4          0          0          0         92   dleqf.o
       340         12          0          0          0        104   dmul.o
       156          4          0          0          0         92   dnaninf.o
        12          0          0          0          0         68   dretinf.o
       108          0          0          0          0         80   drleqf.o
       460         56          0          0          0        120   dsqrt_noumaal.o
        86          4          0          0          0         84   f2d.o
       450          8          0          0          0        236   faddsub_clz.o
        24          0          0          0          0         68   fcmpi.o
       388         76          0          0          0         96   fdiv.o
       104          4          0          0          0         84   feqf.o
        54          4          0          0          0         84   ffix.o
        86          0          0          0          0        136   fflt_clz.o
       104          4          0          0          0         84   fleqf.o
       258          4          0          0          0         84   fmul.o
       140          4          0          0          0         84   fnaninf.o
        10          0          0          0          0         68   fretinf.o
        98          0          0          0          0         68   frleqf.o
       100          0          0          0          0         68   retnan.o
        92          0          0          0          0         68   scalbn.o
        48          0          0          0          0         68   trapv.o
         0          0          0          0          0          0   usenofp.o
       624         52         80          0          0        168   asin.o
       544         70        152          0          0        124   atan.o
       384         38          0          0          0        144   atan2.o
        38          6          0          0          0        272   dunder.o
        40          0          0          0          0         68   fpclassify.o
       170          0          0          0          0         96   poly.o
         0          0          8          0          0          0   qnan.o
        76          0          0          0          0         84   sqrt.o

    ----------------------------------------------------------------------
      7644        538        240          0        100       4832   Library Totals
        24          0          0          0          4          0   (incl. Padding)

    ----------------------------------------------------------------------

      Code (inc. data)   RO Data    RW Data    ZI Data      Debug   Library Name

       676         20          0          0         96        928   c_w.l
      5068        352          0          0          0       2948   fz_ws.l
      1876        166        240          0          0        956   m_ws.l

    ----------------------------------------------------------------------
      7644        538        240          0        100       4832   Library Totals

    ----------------------------------------------------------------------

==============================================================================


      Code (inc. data)   RO Data    RW Data    ZI Data      Debug   

     43160       2376        576        408       2608     429333   Grand Totals
     43160       2376        576         40       2608     429333   ELF Image Totals (compressed)
     43160       2376        576         40          0          0   ROM Totals

==============================================================================

    Total RO  Size (Code + RO Data)                43736 (  42.71kB)
    Total RW  Size (RW Data + ZI Data)              3016 (   2.95kB)
    Total ROM Size (Code + RO Data + RW Data)      43776 (  42.75kB)

==============================================================================

